../Drivers/CMSIS/Include/core_cm7.h:1871:22:__NVIC_SetPriorityGrouping	24	static
../Drivers/CMSIS/Include/core_cm7.h:1890:26:__NVIC_GetPriorityGrouping	4	static
../Drivers/CMSIS/Include/core_cm7.h:1902:22:__NVIC_EnableIRQ	16	static,ignoring_inline_asm
../Drivers/CMSIS/Include/core_cm7.h:2032:22:__NVIC_SetPriority	16	static
../Drivers/CMSIS/Include/core_cm7.h:2079:26:NVIC_EncodePriority	40	static
../Drivers/STM32H7xx_HAL_Driver/Inc/stm32h7xx_ll_dma.h:489:22:LL_DMA_EnableStream	24	static
../Drivers/STM32H7xx_HAL_Driver/Inc/stm32h7xx_ll_dma.h:511:22:LL_DMA_DisableStream	24	static
../Drivers/STM32H7xx_HAL_Driver/Inc/stm32h7xx_ll_dma.h:533:26:LL_DMA_IsEnabledStream	24	static
../Drivers/STM32H7xx_HAL_Driver/Inc/stm32h7xx_ll_dma.h:602:22:LL_DMA_SetDataTransferDirection	32	static
../Drivers/STM32H7xx_HAL_Driver/Inc/stm32h7xx_ll_dma.h:654:22:LL_DMA_SetMode	32	static
../Drivers/STM32H7xx_HAL_Driver/Inc/stm32h7xx_ll_dma.h:705:22:LL_DMA_SetPeriphIncMode	32	static
../Drivers/STM32H7xx_HAL_Driver/Inc/stm32h7xx_ll_dma.h:754:22:LL_DMA_SetMemoryIncMode	32	static
../Drivers/STM32H7xx_HAL_Driver/Inc/stm32h7xx_ll_dma.h:804:22:LL_DMA_SetPeriphSize	32	static
../Drivers/STM32H7xx_HAL_Driver/Inc/stm32h7xx_ll_dma.h:855:22:LL_DMA_SetMemorySize	32	static
../Drivers/STM32H7xx_HAL_Driver/Inc/stm32h7xx_ll_dma.h:956:22:LL_DMA_SetStreamPriorityLevel	32	static
../Drivers/STM32H7xx_HAL_Driver/Inc/stm32h7xx_ll_dma.h:1051:22:LL_DMA_SetDataLength	32	static
../Drivers/STM32H7xx_HAL_Driver/Inc/stm32h7xx_ll_dma.h:1238:22:LL_DMA_SetPeriphRequest	24	static
../Drivers/STM32H7xx_HAL_Driver/Inc/stm32h7xx_ll_dma.h:1668:22:LL_DMA_DisableFifoMode	24	static
../Drivers/STM32H7xx_HAL_Driver/Inc/stm32h7xx_ll_dma.h:1840:22:LL_DMA_SetMemoryAddress	32	static
../Drivers/STM32H7xx_HAL_Driver/Inc/stm32h7xx_ll_dma.h:1865:22:LL_DMA_SetPeriphAddress	32	static
../Drivers/STM32H7xx_HAL_Driver/Inc/stm32h7xx_ll_dma.h:2601:22:LL_DMA_ClearFlag_TC0	16	static
../Drivers/STM32H7xx_HAL_Driver/Inc/stm32h7xx_ll_dma.h:2689:22:LL_DMA_ClearFlag_TE0	16	static
../Drivers/STM32H7xx_HAL_Driver/Inc/stm32h7xx_ll_dma.h:3014:22:LL_DMA_EnableIT_TC	24	static
../Drivers/STM32H7xx_HAL_Driver/Inc/stm32h7xx_ll_rcc.h:1666:22:LL_RCC_HSE_Enable	4	static
../Drivers/STM32H7xx_HAL_Driver/Inc/stm32h7xx_ll_rcc.h:1686:26:LL_RCC_HSE_IsReady	4	static
../Drivers/STM32H7xx_HAL_Driver/Inc/stm32h7xx_ll_rcc.h:2405:22:LL_RCC_SetSysClkSource	16	static
../Drivers/STM32H7xx_HAL_Driver/Inc/stm32h7xx_ll_rcc.h:2419:26:LL_RCC_GetSysClkSource	4	static
../Drivers/STM32H7xx_HAL_Driver/Inc/stm32h7xx_ll_rcc.h:2489:22:LL_RCC_SetSysPrescaler	16	static
../Drivers/STM32H7xx_HAL_Driver/Inc/stm32h7xx_ll_rcc.h:2513:22:LL_RCC_SetAHBPrescaler	16	static
../Drivers/STM32H7xx_HAL_Driver/Inc/stm32h7xx_ll_rcc.h:2533:22:LL_RCC_SetAPB1Prescaler	16	static
../Drivers/STM32H7xx_HAL_Driver/Inc/stm32h7xx_ll_rcc.h:2553:22:LL_RCC_SetAPB2Prescaler	16	static
../Drivers/STM32H7xx_HAL_Driver/Inc/stm32h7xx_ll_rcc.h:2573:22:LL_RCC_SetAPB3Prescaler	16	static
../Drivers/STM32H7xx_HAL_Driver/Inc/stm32h7xx_ll_rcc.h:2593:22:LL_RCC_SetAPB4Prescaler	16	static
../Drivers/STM32H7xx_HAL_Driver/Inc/stm32h7xx_ll_rcc.h:2895:22:LL_RCC_SetClockSource	24	static
../Drivers/STM32H7xx_HAL_Driver/Inc/stm32h7xx_ll_rcc.h:2924:22:LL_RCC_SetUSARTClockSource	16	static
../Drivers/STM32H7xx_HAL_Driver/Inc/stm32h7xx_ll_rcc.h:3273:22:LL_RCC_SetSPIClockSource	16	static
../Drivers/STM32H7xx_HAL_Driver/Inc/stm32h7xx_ll_rcc.h:4298:22:LL_RCC_PLL_SetSource	16	static
../Drivers/STM32H7xx_HAL_Driver/Inc/stm32h7xx_ll_rcc.h:4322:22:LL_RCC_PLL1_Enable	4	static
../Drivers/STM32H7xx_HAL_Driver/Inc/stm32h7xx_ll_rcc.h:4343:26:LL_RCC_PLL1_IsReady	4	static
../Drivers/STM32H7xx_HAL_Driver/Inc/stm32h7xx_ll_rcc.h:4354:22:LL_RCC_PLL1P_Enable	4	static
../Drivers/STM32H7xx_HAL_Driver/Inc/stm32h7xx_ll_rcc.h:4365:22:LL_RCC_PLL1Q_Enable	4	static
../Drivers/STM32H7xx_HAL_Driver/Inc/stm32h7xx_ll_rcc.h:4376:22:LL_RCC_PLL1R_Enable	4	static
../Drivers/STM32H7xx_HAL_Driver/Inc/stm32h7xx_ll_rcc.h:4483:22:LL_RCC_PLL1_SetVCOOutputRange	16	static
../Drivers/STM32H7xx_HAL_Driver/Inc/stm32h7xx_ll_rcc.h:4499:22:LL_RCC_PLL1_SetVCOInputRange	16	static
../Drivers/STM32H7xx_HAL_Driver/Inc/stm32h7xx_ll_rcc.h:4570:22:LL_RCC_PLL1_SetN	16	static
../Drivers/STM32H7xx_HAL_Driver/Inc/stm32h7xx_ll_rcc.h:4581:22:LL_RCC_PLL1_SetM	16	static
../Drivers/STM32H7xx_HAL_Driver/Inc/stm32h7xx_ll_rcc.h:4594:22:LL_RCC_PLL1_SetP	16	static
../Drivers/STM32H7xx_HAL_Driver/Inc/stm32h7xx_ll_rcc.h:4605:22:LL_RCC_PLL1_SetQ	16	static
../Drivers/STM32H7xx_HAL_Driver/Inc/stm32h7xx_ll_rcc.h:4616:22:LL_RCC_PLL1_SetR	16	static
../Drivers/STM32H7xx_HAL_Driver/Inc/stm32h7xx_ll_bus.h:872:22:LL_AHB1_GRP1_EnableClock	24	static
../Drivers/STM32H7xx_HAL_Driver/Inc/stm32h7xx_ll_bus.h:1384:22:LL_AHB4_GRP1_EnableClock	24	static
../Drivers/STM32H7xx_HAL_Driver/Inc/stm32h7xx_ll_bus.h:1862:22:LL_APB1_GRP1_EnableClock	24	static
../Drivers/STM32H7xx_HAL_Driver/Inc/stm32h7xx_ll_bus.h:2814:22:LL_APB4_GRP1_EnableClock	24	static
../Drivers/STM32H7xx_HAL_Driver/Inc/stm32h7xx_ll_system.h:2333:22:LL_FLASH_SetLatency	16	static
../Drivers/STM32H7xx_HAL_Driver/Inc/stm32h7xx_ll_system.h:2351:26:LL_FLASH_GetLatency	4	static
../Drivers/STM32H7xx_HAL_Driver/Inc/stm32h7xx_ll_cortex.h:494:22:LL_MPU_Enable	16	static,ignoring_inline_asm
../Drivers/STM32H7xx_HAL_Driver/Inc/stm32h7xx_ll_cortex.h:509:22:LL_MPU_Disable	4	static,ignoring_inline_asm
../Drivers/STM32H7xx_HAL_Driver/Inc/stm32h7xx_ll_cortex.h:605:22:LL_MPU_ConfigRegion	24	static
../Drivers/STM32H7xx_HAL_Driver/Inc/stm32h7xx_ll_pwr.h:1012:22:LL_PWR_ConfigSupply	16	static
../Drivers/STM32H7xx_HAL_Driver/Inc/stm32h7xx_ll_pwr.h:1575:22:LL_PWR_SetRegulVoltageScaling	16	static
../Drivers/STM32H7xx_HAL_Driver/Inc/stm32h7xx_ll_pwr.h:2108:26:LL_PWR_IsActiveFlag_VOS	4	static
../Drivers/STM32H7xx_HAL_Driver/Inc/stm32h7xx_ll_spi.h:555:22:LL_SPI_Enable	16	static
../Drivers/STM32H7xx_HAL_Driver/Inc/stm32h7xx_ll_spi.h:997:22:LL_SPI_StartMasterTransfer	16	static
../Drivers/STM32H7xx_HAL_Driver/Inc/stm32h7xx_ll_spi.h:1116:22:LL_SPI_SetStandard	16	static
../Drivers/STM32H7xx_HAL_Driver/Inc/stm32h7xx_ll_spi.h:1466:22:LL_SPI_SetFIFOThreshold	16	static
../Drivers/STM32H7xx_HAL_Driver/Inc/stm32h7xx_ll_spi.h:1668:22:LL_SPI_DisableNSSPulseMgt	16	static
../Drivers/STM32H7xx_HAL_Driver/Inc/stm32h7xx_ll_usart.h:635:22:LL_USART_Enable	16	static
../Drivers/STM32H7xx_HAL_Driver/Inc/stm32h7xx_ll_usart.h:686:22:LL_USART_DisableFIFO	16	static
../Drivers/STM32H7xx_HAL_Driver/Inc/stm32h7xx_ll_usart.h:719:22:LL_USART_SetTXFIFOThreshold	40	static,ignoring_inline_asm
../Drivers/STM32H7xx_HAL_Driver/Inc/stm32h7xx_ll_usart.h:758:22:LL_USART_SetRXFIFOThreshold	40	static,ignoring_inline_asm
../Drivers/STM32H7xx_HAL_Driver/Inc/stm32h7xx_ll_usart.h:2674:22:LL_USART_ConfigAsyncMode	16	static
../Drivers/STM32H7xx_HAL_Driver/Inc/stm32h7xx_ll_usart.h:3194:26:LL_USART_IsActiveFlag_TEACK	16	static
../Drivers/STM32H7xx_HAL_Driver/Inc/stm32h7xx_ll_usart.h:3205:26:LL_USART_IsActiveFlag_REACK	16	static
../Drivers/STM32H7xx_HAL_Driver/Inc/stm32h7xx_ll_usart.h:3479:22:LL_USART_EnableIT_RXNE_RXFNE	40	static,ignoring_inline_asm
../Drivers/STM32H7xx_HAL_Driver/Inc/stm32h7xx_ll_usart.h:4150:22:LL_USART_EnableDMAReq_TX	40	static,ignoring_inline_asm
../Drivers/STM32H7xx_HAL_Driver/Inc/stm32h7xx_ll_usart.h:4220:26:LL_USART_DMA_GetRegAddr	24	static
../Drivers/STM32H7xx_HAL_Driver/Inc/stm32h7xx_ll_gpio.h:884:22:LL_GPIO_SetOutputPin	16	static
../Core/Src/main.c:195:13:tx_enqueue	24	static
../Core/Src/main.c:217:13:sensor_event_cb	24	static
../Core/Src/main.c:249:12:ICM_Init	40	static
../Core/Src/main.c:299:13:UART4_DMA_Send	16	static
../Core/Src/main.c:321:6:UART4_TryStartDMA	8	static
../Core/Src/main.c:338:13:process_sample_raw	40	static
../Core/Src/main.c:376:13:process_sample_cal	80	static
../Core/Src/main.c:412:5:main	40	static
../Core/Src/main.c:478:6:SystemClock_Config	8	static
../Core/Src/main.c:525:13:MX_SPI2_Init	72	static
../Core/Src/main.c:572:13:MX_UART4_Init	64	static
../Core/Src/main.c:623:13:MX_DMA_Init	8	static
../Core/Src/main.c:642:13:MX_GPIO_Init	32	static
../Core/Src/main.c:664:6:MPU_Config	8	static
../Core/Src/main.c:681:6:Error_Handler	4	static,ignoring_inline_asm
