../Drivers/CMSIS/Include/core_cm7.h:1902:22:__NVIC_EnableIRQ	16	static,ignoring_inline_asm
../Drivers/CMSIS/Include/core_cm7.h:2032:22:__NVIC_SetPriority	16	static
../Drivers/STM32H7xx_HAL_Driver/Inc/stm32h7xx_ll_spi.h:555:22:LL_SPI_Enable	16	static
../Drivers/STM32H7xx_HAL_Driver/Inc/stm32h7xx_ll_spi.h:567:22:LL_SPI_Disable	16	static
../Drivers/STM32H7xx_HAL_Driver/Inc/stm32h7xx_ll_spi.h:799:22:LL_SPI_SetTransferSize	16	static
../Drivers/STM32H7xx_HAL_Driver/Inc/stm32h7xx_ll_spi.h:997:22:LL_SPI_StartMasterTransfer	16	static
../Drivers/STM32H7xx_HAL_Driver/Inc/stm32h7xx_ll_spi.h:1466:22:LL_SPI_SetFIFOThreshold	16	static
../Drivers/STM32H7xx_HAL_Driver/Inc/stm32h7xx_ll_spi.h:1668:22:LL_SPI_DisableNSSPulseMgt	16	static
../Drivers/STM32H7xx_HAL_Driver/Inc/stm32h7xx_ll_spi.h:1698:26:LL_SPI_IsActiveFlag_RXP	16	static
../Drivers/STM32H7xx_HAL_Driver/Inc/stm32h7xx_ll_spi.h:1709:26:LL_SPI_IsActiveFlag_TXP	16	static
../Drivers/STM32H7xx_HAL_Driver/Inc/stm32h7xx_ll_spi.h:1731:26:LL_SPI_IsActiveFlag_EOT	16	static
../Drivers/STM32H7xx_HAL_Driver/Inc/stm32h7xx_ll_spi.h:1841:26:LL_SPI_IsActiveFlag_RXWNE	16	static
../Drivers/STM32H7xx_HAL_Driver/Inc/stm32h7xx_ll_spi.h:1878:22:LL_SPI_ClearFlag_EOT	16	static
../Drivers/STM32H7xx_HAL_Driver/Inc/stm32h7xx_ll_spi.h:1889:22:LL_SPI_ClearFlag_TXTF	16	static
../Drivers/STM32H7xx_HAL_Driver/Inc/stm32h7xx_ll_spi.h:2356:22:LL_SPI_EnableDMAReq_RX	16	static
../Drivers/STM32H7xx_HAL_Driver/Inc/stm32h7xx_ll_spi.h:2367:22:LL_SPI_DisableDMAReq_RX	16	static
../Drivers/STM32H7xx_HAL_Driver/Inc/stm32h7xx_ll_spi.h:2389:22:LL_SPI_EnableDMAReq_TX	16	static
../Drivers/STM32H7xx_HAL_Driver/Inc/stm32h7xx_ll_spi.h:2400:22:LL_SPI_DisableDMAReq_TX	16	static
../Drivers/STM32H7xx_HAL_Driver/Inc/stm32h7xx_ll_spi.h:2421:26:LL_SPI_DMA_GetTxRegAddr	16	static
../Drivers/STM32H7xx_HAL_Driver/Inc/stm32h7xx_ll_spi.h:2432:26:LL_SPI_DMA_GetRxRegAddr	16	static
../Drivers/STM32H7xx_HAL_Driver/Inc/stm32h7xx_ll_spi.h:2450:25:LL_SPI_ReceiveData8	16	static
../Drivers/STM32H7xx_HAL_Driver/Inc/stm32h7xx_ll_spi.h:2489:22:LL_SPI_TransmitData8	16	static
../Drivers/STM32H7xx_HAL_Driver/Inc/stm32h7xx_ll_gpio.h:884:22:LL_GPIO_SetOutputPin	16	static
../Drivers/STM32H7xx_HAL_Driver/Inc/stm32h7xx_ll_gpio.h:913:22:LL_GPIO_ResetOutputPin	16	static
../Drivers/STM32H7xx_HAL_Driver/Inc/stm32h7xx_ll_bus.h:1384:22:LL_AHB4_GRP1_EnableClock	24	static
../Drivers/STM32H7xx_HAL_Driver/Inc/stm32h7xx_ll_bus.h:2814:22:LL_APB4_GRP1_EnableClock	24	static
../Drivers/STM32H7xx_HAL_Driver/Inc/stm32h7xx_ll_bdma.h:69:22:LL_BDMA_EnableChannel	16	static
../Drivers/STM32H7xx_HAL_Driver/Inc/stm32h7xx_ll_bdma.h:74:22:LL_BDMA_DisableChannel	16	static
../Drivers/STM32H7xx_HAL_Driver/Inc/stm32h7xx_ll_bdma.h:79:26:LL_BDMA_IsEnabledChannel	16	static
../Drivers/STM32H7xx_HAL_Driver/Inc/stm32h7xx_ll_bdma.h:87:22:LL_BDMA_SetPeriphRequest	24	static
../Drivers/STM32H7xx_HAL_Driver/Inc/stm32h7xx_ll_bdma.h:93:22:LL_BDMA_SetDataTransferDirection	24	static
../Drivers/STM32H7xx_HAL_Driver/Inc/stm32h7xx_ll_bdma.h:99:22:LL_BDMA_SetChannelPriorityLevel	24	static
../Drivers/STM32H7xx_HAL_Driver/Inc/stm32h7xx_ll_bdma.h:104:22:LL_BDMA_SetMode	24	static
../Drivers/STM32H7xx_HAL_Driver/Inc/stm32h7xx_ll_bdma.h:109:22:LL_BDMA_SetPeriphIncMode	24	static
../Drivers/STM32H7xx_HAL_Driver/Inc/stm32h7xx_ll_bdma.h:114:22:LL_BDMA_SetMemoryIncMode	24	static
../Drivers/STM32H7xx_HAL_Driver/Inc/stm32h7xx_ll_bdma.h:119:22:LL_BDMA_SetPeriphSize	24	static
../Drivers/STM32H7xx_HAL_Driver/Inc/stm32h7xx_ll_bdma.h:124:22:LL_BDMA_SetMemorySize	24	static
../Drivers/STM32H7xx_HAL_Driver/Inc/stm32h7xx_ll_bdma.h:129:22:LL_BDMA_SetPeriphAddress	24	static
../Drivers/STM32H7xx_HAL_Driver/Inc/stm32h7xx_ll_bdma.h:134:22:LL_BDMA_SetMemoryAddress	24	static
../Drivers/STM32H7xx_HAL_Driver/Inc/stm32h7xx_ll_bdma.h:139:22:LL_BDMA_SetDataLength	24	static
../Drivers/STM32H7xx_HAL_Driver/Inc/stm32h7xx_ll_bdma.h:147:22:LL_BDMA_EnableIT_TC	16	static
../Drivers/STM32H7xx_HAL_Driver/Inc/stm32h7xx_ll_bdma.h:157:22:LL_BDMA_EnableIT_TE	16	static
../Drivers/STM32H7xx_HAL_Driver/Inc/stm32h7xx_ll_bdma.h:171:26:LL_BDMA_IsActiveFlag_TC1	16	static
../Drivers/STM32H7xx_HAL_Driver/Inc/stm32h7xx_ll_bdma.h:174:26:LL_BDMA_IsActiveFlag_TE0	16	static
../Drivers/STM32H7xx_HAL_Driver/Inc/stm32h7xx_ll_bdma.h:175:26:LL_BDMA_IsActiveFlag_TE1	16	static
../Drivers/STM32H7xx_HAL_Driver/Inc/stm32h7xx_ll_bdma.h:180:22:LL_BDMA_ClearFlag_TC0	16	static
../Drivers/STM32H7xx_HAL_Driver/Inc/stm32h7xx_ll_bdma.h:181:22:LL_BDMA_ClearFlag_TC1	16	static
../Drivers/STM32H7xx_HAL_Driver/Inc/stm32h7xx_ll_bdma.h:184:22:LL_BDMA_ClearFlag_TE0	16	static
../Drivers/STM32H7xx_HAL_Driver/Inc/stm32h7xx_ll_bdma.h:185:22:LL_BDMA_ClearFlag_TE1	16	static
../Core/Src/spi6_imu_port.c:49:20:cs_lo	16	static
../Core/Src/spi6_imu_port.c:50:20:cs_hi	16	static
../Core/Src/spi6_imu_port.c:73:12:dma_wait	16	static
../Core/Src/spi6_imu_port.c:80:13:spi_reset_for_dma	8	static
../Core/Src/spi6_imu_port.c:93:13:dma_start	16	static
../Core/Src/spi6_imu_port.c:132:12:dma_xfer_sync	16	static
../Core/Src/spi6_imu_port.c:142:13:spi_reset	8	static
../Core/Src/spi6_imu_port.c:154:16:spi_byte	24	static
../Core/Src/spi6_imu_port.c:163:12:imu_read	48	static
../Core/Src/spi6_imu_port.c:179:12:imu_write	40	static
../Core/Src/spi6_imu_port.c:195:13:imu_sleep	16	static
../Core/Src/spi6_imu_port.c:204:6:SPI6_PollSensor	24	static
../Core/Src/spi6_imu_port.c:253:6:SPI6_BDMA_RX_IRQHandler	16	static
../Core/Src/spi6_imu_port.c:283:6:SPI6_BDMA_TX_IRQHandler	8	static
../Core/Src/spi6_imu_port.c:299:6:SPI6_IMU_Port_Init	88	static
