../Drivers/STM32H7xx_HAL_Driver/Inc/stm32h7xx_ll_dma.h:2161:26:LL_DMA_IsActiveFlag_TC0	16	static
../Drivers/STM32H7xx_HAL_Driver/Inc/stm32h7xx_ll_dma.h:2249:26:LL_DMA_IsActiveFlag_TE0	16	static
../Drivers/STM32H7xx_HAL_Driver/Inc/stm32h7xx_ll_dma.h:2601:22:LL_DMA_ClearFlag_TC0	16	static
../Drivers/STM32H7xx_HAL_Driver/Inc/stm32h7xx_ll_dma.h:2689:22:LL_DMA_ClearFlag_TE0	16	static
../Drivers/STM32H7xx_HAL_Driver/Inc/stm32h7xx_ll_usart.h:2998:26:LL_USART_IsActiveFlag_RXNE_RXFNE	16	static
../Drivers/STM32H7xx_HAL_Driver/Inc/stm32h7xx_ll_usart.h:4252:25:LL_USART_ReceiveData8	16	static
../Core/Src/stm32h7xx_it.c:22:6:NMI_Handler	4	static
../Core/Src/stm32h7xx_it.c:27:6:HardFault_Handler	4	static
../Core/Src/stm32h7xx_it.c:32:6:MemManage_Handler	4	static
../Core/Src/stm32h7xx_it.c:37:6:BusFault_Handler	4	static
../Core/Src/stm32h7xx_it.c:42:6:UsageFault_Handler	4	static
../Core/Src/stm32h7xx_it.c:47:6:SVC_Handler	4	static
../Core/Src/stm32h7xx_it.c:48:6:DebugMon_Handler	4	static
../Core/Src/stm32h7xx_it.c:49:6:PendSV_Handler	4	static
../Core/Src/stm32h7xx_it.c:50:6:SysTick_Handler	4	static
../Core/Src/stm32h7xx_it.c:59:6:DMA1_Stream0_IRQHandler	8	static
../Core/Src/stm32h7xx_it.c:96:6:UART4_IRQHandler	16	static
