Archive member included to satisfy reference by file (symbol)

C:/ST/STM32CubeIDE_2.1.1/STM32CubeIDE/plugins/com.st.stm32cube.ide.mcu.externaltools.gnu-tools-for-stm32.14.3.rel1.win32_1.0.100.202602081740/tools/bin/../lib/gcc/arm-none-eabi/14.3.1/../../../../arm-none-eabi/lib/thumb/v7e-m+dp/hard\libc_nano.a(libc_a-assert.o)
                              ./Core/Src/imu_calib_flash.o (__assert_func)
C:/ST/STM32CubeIDE_2.1.1/STM32CubeIDE/plugins/com.st.stm32cube.ide.mcu.externaltools.gnu-tools-for-stm32.14.3.rel1.win32_1.0.100.202602081740/tools/bin/../lib/gcc/arm-none-eabi/14.3.1/../../../../arm-none-eabi/lib/thumb/v7e-m+dp/hard\libc_nano.a(libc_a-exit.o)
                              C:/ST/STM32CubeIDE_2.1.1/STM32CubeIDE/plugins/com.st.stm32cube.ide.mcu.externaltools.gnu-tools-for-stm32.14.3.rel1.win32_1.0.100.202602081740/tools/bin/../lib/gcc/arm-none-eabi/14.3.1/../../../../arm-none-eabi/lib/thumb/v7e-m+dp/hard/crt0.o (exit)
C:/ST/STM32CubeIDE_2.1.1/STM32CubeIDE/plugins/com.st.stm32cube.ide.mcu.externaltools.gnu-tools-for-stm32.14.3.rel1.win32_1.0.100.202602081740/tools/bin/../lib/gcc/arm-none-eabi/14.3.1/../../../../arm-none-eabi/lib/thumb/v7e-m+dp/hard\libc_nano.a(libc_a-findfp.o)
                              C:/ST/STM32CubeIDE_2.1.1/STM32CubeIDE/plugins/com.st.stm32cube.ide.mcu.externaltools.gnu-tools-for-stm32.14.3.rel1.win32_1.0.100.202602081740/tools/bin/../lib/gcc/arm-none-eabi/14.3.1/../../../../arm-none-eabi/lib/thumb/v7e-m+dp/hard\libc_nano.a(libc_a-exit.o) (__stdio_exit_handler)
C:/ST/STM32CubeIDE_2.1.1/STM32CubeIDE/plugins/com.st.stm32cube.ide.mcu.externaltools.gnu-tools-for-stm32.14.3.rel1.win32_1.0.100.202602081740/tools/bin/../lib/gcc/arm-none-eabi/14.3.1/../../../../arm-none-eabi/lib/thumb/v7e-m+dp/hard\libc_nano.a(libc_a-fprintf.o)
                              C:/ST/STM32CubeIDE_2.1.1/STM32CubeIDE/plugins/com.st.stm32cube.ide.mcu.externaltools.gnu-tools-for-stm32.14.3.rel1.win32_1.0.100.202602081740/tools/bin/../lib/gcc/arm-none-eabi/14.3.1/../../../../arm-none-eabi/lib/thumb/v7e-m+dp/hard\libc_nano.a(libc_a-assert.o) (fiprintf)
C:/ST/STM32CubeIDE_2.1.1/STM32CubeIDE/plugins/com.st.stm32cube.ide.mcu.externaltools.gnu-tools-for-stm32.14.3.rel1.win32_1.0.100.202602081740/tools/bin/../lib/gcc/arm-none-eabi/14.3.1/../../../../arm-none-eabi/lib/thumb/v7e-m+dp/hard\libc_nano.a(libc_a-fwalk.o)
                              C:/ST/STM32CubeIDE_2.1.1/STM32CubeIDE/plugins/com.st.stm32cube.ide.mcu.externaltools.gnu-tools-for-stm32.14.3.rel1.win32_1.0.100.202602081740/tools/bin/../lib/gcc/arm-none-eabi/14.3.1/../../../../arm-none-eabi/lib/thumb/v7e-m+dp/hard\libc_nano.a(libc_a-findfp.o) (_fwalk_sglue)
C:/ST/STM32CubeIDE_2.1.1/STM32CubeIDE/plugins/com.st.stm32cube.ide.mcu.externaltools.gnu-tools-for-stm32.14.3.rel1.win32_1.0.100.202602081740/tools/bin/../lib/gcc/arm-none-eabi/14.3.1/../../../../arm-none-eabi/lib/thumb/v7e-m+dp/hard\libc_nano.a(libc_a-stdio.o)
                              C:/ST/STM32CubeIDE_2.1.1/STM32CubeIDE/plugins/com.st.stm32cube.ide.mcu.externaltools.gnu-tools-for-stm32.14.3.rel1.win32_1.0.100.202602081740/tools/bin/../lib/gcc/arm-none-eabi/14.3.1/../../../../arm-none-eabi/lib/thumb/v7e-m+dp/hard\libc_nano.a(libc_a-findfp.o) (__sread)
C:/ST/STM32CubeIDE_2.1.1/STM32CubeIDE/plugins/com.st.stm32cube.ide.mcu.externaltools.gnu-tools-for-stm32.14.3.rel1.win32_1.0.100.202602081740/tools/bin/../lib/gcc/arm-none-eabi/14.3.1/../../../../arm-none-eabi/lib/thumb/v7e-m+dp/hard\libc_nano.a(libc_a-memset.o)
                              C:/ST/STM32CubeIDE_2.1.1/STM32CubeIDE/plugins/com.st.stm32cube.ide.mcu.externaltools.gnu-tools-for-stm32.14.3.rel1.win32_1.0.100.202602081740/tools/bin/../lib/gcc/arm-none-eabi/14.3.1/../../../../arm-none-eabi/lib/thumb/v7e-m+dp/hard/crt0.o (memset)
C:/ST/STM32CubeIDE_2.1.1/STM32CubeIDE/plugins/com.st.stm32cube.ide.mcu.externaltools.gnu-tools-for-stm32.14.3.rel1.win32_1.0.100.202602081740/tools/bin/../lib/gcc/arm-none-eabi/14.3.1/../../../../arm-none-eabi/lib/thumb/v7e-m+dp/hard\libc_nano.a(libc_a-closer.o)
                              C:/ST/STM32CubeIDE_2.1.1/STM32CubeIDE/plugins/com.st.stm32cube.ide.mcu.externaltools.gnu-tools-for-stm32.14.3.rel1.win32_1.0.100.202602081740/tools/bin/../lib/gcc/arm-none-eabi/14.3.1/../../../../arm-none-eabi/lib/thumb/v7e-m+dp/hard\libc_nano.a(libc_a-stdio.o) (_close_r)
C:/ST/STM32CubeIDE_2.1.1/STM32CubeIDE/plugins/com.st.stm32cube.ide.mcu.externaltools.gnu-tools-for-stm32.14.3.rel1.win32_1.0.100.202602081740/tools/bin/../lib/gcc/arm-none-eabi/14.3.1/../../../../arm-none-eabi/lib/thumb/v7e-m+dp/hard\libc_nano.a(libc_a-reent.o)
                              C:/ST/STM32CubeIDE_2.1.1/STM32CubeIDE/plugins/com.st.stm32cube.ide.mcu.externaltools.gnu-tools-for-stm32.14.3.rel1.win32_1.0.100.202602081740/tools/bin/../lib/gcc/arm-none-eabi/14.3.1/../../../../arm-none-eabi/lib/thumb/v7e-m+dp/hard\libc_nano.a(libc_a-closer.o) (errno)
[...]
Memory Configuration

Name             Origin             Length             Attributes
ITCMRAM          0x00000000         0x00010000         xrw
DTCMRAM          0x20000000         0x00020000         xrw
FLASH            0x08000000         0x00100000         xr
RAM_D1           0x24000000         0x00050000         xrw
RAM_D2           0x30000000         0x00008000         xrw
RAM_D3           0x38000000         0x00004000         xrw
*default*        0x00000000         0xffffffff

Linker script and memory map

LOAD C:/ST/STM32CubeIDE_2.1.1/STM32CubeIDE/plugins/com.st.stm32cube.ide.mcu.externaltools.gnu-tools-for-stm32.14.3.rel1.win32_1.0.100.202602081740/tools/bin/../lib/gcc/arm-none-eabi/14.3.1/thumb/v7e-m+dp/hard/crti.o
LOAD C:/ST/STM32CubeIDE_2.1.1/STM32CubeIDE/plugins/com.st.stm32cube.ide.mcu.externaltools.gnu-tools-for-stm32.14.3.rel1.win32_1.0.100.202602081740/tools/bin/../lib/gcc/arm-none-eabi/14.3.1/thumb/v7e-m+dp/hard/crtbegin.o
LOAD C:/ST/STM32CubeIDE_2.1.1/STM32CubeIDE/plugins/com.st.stm32cube.ide.mcu.externaltools.gnu-tools-for-stm32.14.3.rel1.win32_1.0.100.202602081740/tools/bin/../lib/gcc/arm-none-eabi/14.3.1/../../../../arm-none-eabi/lib/thumb/v7e-m+dp/hard/crt0.o
LOAD ./Core/Src/imu_calib_flash.o
LOAD ./Core/Src/imu_calib_tables.o
LOAD ./Core/Src/main_6imu.o
LOAD ./Core/Src/spi6_imu_port.o
LOAD ./Core/Src/stm32h7xx_it_6imu.o
LOAD ./Core/Src/syscalls.o
LOAD ./Core/Src/sysmem.o
LOAD ./Core/Src/system_stm32h7xx.o
LOAD ./Core/Startup/startup_stm32h723zgtx.o
LOAD ./Drivers/STM32H7xx_HAL_Driver/Src/stm32h7xx_ll_dma.o
LOAD ./Drivers/STM32H7xx_HAL_Driver/Src/stm32h7xx_ll_exti.o
LOAD ./Drivers/STM32H7xx_HAL_Driver/Src/stm32h7xx_ll_gpio.o
LOAD ./Drivers/STM32H7xx_HAL_Driver/Src/stm32h7xx_ll_pwr.o
LOAD ./Drivers/STM32H7xx_HAL_Driver/Src/stm32h7xx_ll_rcc.o
LOAD ./Drivers/STM32H7xx_HAL_Driver/Src/stm32h7xx_ll_spi.o
LOAD ./Drivers/STM32H7xx_HAL_Driver/Src/stm32h7xx_ll_usart.o
LOAD ./Drivers/STM32H7xx_HAL_Driver/Src/stm32h7xx_ll_utils.o
LOAD ./Drivers/icm45686/imu/inv_imu_driver.o
LOAD ./Drivers/icm45686/imu/inv_imu_driver_advanced.o
LOAD ./Drivers/icm45686/imu/inv_imu_driver_aux1.o
LOAD ./Drivers/icm45686/imu/inv_imu_edmp.o
LOAD ./Drivers/icm45686/imu/inv_imu_selftest.o
LOAD ./Drivers/icm45686/imu/inv_imu_transport.o
START GROUP
LOAD C:/ST/STM32CubeIDE_2.1.1/STM32CubeIDE/plugins/com.st.stm32cube.ide.mcu.externaltools.gnu-tools-for-stm32.14.3.rel1.win32_1.0.100.202602081740/tools/bin/../lib/gcc/arm-none-eabi/14.3.1/../../../../arm-none-eabi/lib/thumb/v7e-m+dp/hard\libc_nano.a
LOAD C:/ST/STM32CubeIDE_2.1.1/STM32CubeIDE/plugins/com.st.stm32cube.ide.mcu.externaltools.gnu-tools-for-stm32.14.3.rel1.win32_1.0.100.202602081740/tools/bin/../lib/gcc/arm-none-eabi/14.3.1/../../../../arm-none-eabi/lib/thumb/v7e-m+dp/hard\libm.a
END GROUP
START GROUP
LOAD C:/ST/STM32CubeIDE_2.1.1/STM32CubeIDE/plugins/com.st.stm32cube.ide.mcu.externaltools.gnu-tools-for-stm32.14.3.rel1.win32_1.0.100.202602081740/tools/bin/../lib/gcc/arm-none-eabi/14.3.1/thumb/v7e-m+dp/hard\libgcc.a
LOAD C:/ST/STM32CubeIDE_2.1.1/STM32CubeIDE/plugins/com.st.stm32cube.ide.mcu.externaltools.gnu-tools-for-stm32.14.3.rel1.win32_1.0.100.202602081740/tools/bin/../lib/gcc/arm-none-eabi/14.3.1/../../../../arm-none-eabi/lib/thumb/v7e-m+dp/hard\libc_nano.a
END GROUP
START GROUP
LOAD C:/ST/STM32CubeIDE_2.1.1/STM32CubeIDE/plugins/com.st.stm32cube.ide.mcu.externaltools.gnu-tools-for-stm32.14.3.rel1.win32_1.0.100.202602081740/tools/bin/../lib/gcc/arm-none-eabi/14.3.1/thumb/v7e-m+dp/hard\libgcc.a
LOAD C:/ST/STM32CubeIDE_2.1.1/STM32CubeIDE/plugins/com.st.stm32cube.ide.mcu.externaltools.gnu-tools-for-stm32.14.3.rel1.win32_1.0.100.202602081740/tools/bin/../lib/gcc/arm-none-eabi/14.3.1/../../../../arm-none-eabi/lib/thumb/v7e-m+dp/hard\libc_nano.a
LOAD C:/ST/STM32CubeIDE_2.1.1/STM32CubeIDE/plugins/com.st.stm32cube.ide.mcu.externaltools.gnu-tools-for-stm32.14.3.rel1.win32_1.0.100.202602081740/tools/bin/../lib/gcc/arm-none-eabi/14.3.1/../../../../arm-none-eabi/lib/thumb/v7e-m+dp/hard\libnosys.a
END GROUP
START GROUP
LOAD C:/ST/STM32CubeIDE_2.1.1/STM32CubeIDE/plugins/com.st.stm32cube.ide.mcu.externaltools.gnu-tools-for-stm32.14.3.rel1.win32_1.0.100.202602081740/tools/bin/../lib/gcc/arm-none-eabi/14.3.1/thumb/v7e-m+dp/hard\libgcc.a
LOAD C:/ST/STM32CubeIDE_2.1.1/STM32CubeIDE/plugins/com.st.stm32cube.ide.mcu.externaltools.gnu-tools-for-stm32.14.3.rel1.win32_1.0.100.202602081740/tools/bin/../lib/gcc/arm-none-eabi/14.3.1/../../../../arm-none-eabi/lib/thumb/v7e-m+dp/hard\libc_nano.a
LOAD C:/ST/STM32CubeIDE_2.1.1/STM32CubeIDE/plugins/com.st.stm32cube.ide.mcu.externaltools.gnu-tools-for-stm32.14.3.rel1.win32_1.0.100.202602081740/tools/bin/../lib/gcc/arm-none-eabi/14.3.1/../../../../arm-none-eabi/lib/thumb/v7e-m+dp/hard\libnosys.a
END GROUP
LOAD C:/ST/STM32CubeIDE_2.1.1/STM32CubeIDE/plugins/com.st.stm32cube.ide.mcu.externaltools.gnu-tools-for-stm32.14.3.rel1.win32_1.0.100.202602081740/tools/bin/../lib/gcc/arm-none-eabi/14.3.1/thumb/v7e-m+dp/hard/crtend.o
LOAD C:/ST/STM32CubeIDE_2.1.1/STM32CubeIDE/plugins/com.st.stm32cube.ide.mcu.externaltools.gnu-tools-for-stm32.14.3.rel1.win32_1.0.100.202602081740/tools/bin/../lib/gcc/arm-none-eabi/14.3.1/thumb/v7e-m+dp/hard/crtn.o
                0x24050000                        _estack = (ORIGIN (RAM_D1) + LENGTH (RAM_D1))
                0x00000200                        _Min_Heap_Size = 0x200
                0x00000400                        _Min_Stack_Size = 0x400

.isr_vector     0x08000000      0x2cc
                0x08000000                        . = ALIGN (0x4)
 *(.isr_vector)
 .isr_vector    0x08000000      0x2cc ./Core/Startup/startup_stm32h723zgtx.o
                0x08000000                g_pfnVectors
                0x080002cc                        . = ALIGN (0x4)

.text           0x080002d0     0x8c40
                0x080002d0                        . = ALIGN (0x4)
 *(.text)
 .text          0x080002d0       0x40 C:/ST/STM32CubeIDE_2.1.1/STM32CubeIDE/plugins/com.st.stm32cube.ide.mcu.externaltools.gnu-tools-for-stm32.14.3.rel1.win32_1.0.100.202602081740/tools/bin/../lib/gcc/arm-none-eabi/14.3.1/thumb/v7e-m+dp/hard/crtbegin.o
 .text          0x08000310       0xa0 C:/ST/STM32CubeIDE_2.1.1/STM32CubeIDE/plugins/com.st.stm32cube.ide.mcu.externaltools.gnu-tools-for-stm32.14.3.rel1.win32_1.0.100.202602081740/tools/bin/../lib/gcc/arm-none-eabi/14.3.1/../../../../arm-none-eabi/lib/thumb/v7e-m+dp/hard\libc_nano.a(libc_a-memchr.o)
                0x08000310                memchr
 *(.text*)
 .text.find_lower_idx
                0x080003b0       0x64 ./Core/Src/imu_calib_flash.o
 .text.lut1d_interp
                0x08000414       0xee ./Core/Src/imu_calib_flash.o
 .text.lut2d_interp
                0x08000502      0x23c ./Core/Src/imu_calib_flash.o
 *fill*         0x0800073e        0x2 
 .text.imu_get_acc_bias
                0x08000740       0x88 ./Core/Src/imu_calib_flash.o
                0x08000740                imu_get_acc_bias
 .text.imu_get_acc_scale
                0x080007c8       0x8c ./Core/Src/imu_calib_flash.o
                0x080007c8                imu_get_acc_scale
 .text.imu_get_gyr_bias
                0x08000854       0x8c ./Core/Src/imu_calib_flash.o
                0x08000854                imu_get_gyr_bias
 .text.imu_get_gyr_scale
                0x080008e0       0xa0 ./Core/Src/imu_calib_flash.o
                0x080008e0                imu_get_gyr_scale
 .text.imu_correct_acc
                0x08000980       0x5e ./Core/Src/imu_calib_flash.o
                0x08000980                imu_correct_acc
 .text.imu_correct_gyr
                0x080009de       0x62 ./Core/Src/imu_calib_flash.o
                0x080009de                imu_correct_gyr
 .text.__NVIC_SetPriorityGrouping
                0x08000a40       0x48 ./Core/Src/main_6imu.o
 .text.__NVIC_GetPriorityGrouping
                0x08000a88       0x1c ./Core/Src/main_6imu.o
 .text.__NVIC_EnableIRQ
                0x08000aa4       0x3c ./Core/Src/main_6imu.o
 .text.__NVIC_SetPriority
                0x08000ae0       0x54 ./Core/Src/main_6imu.o
 .text.NVIC_EncodePriority
                0x08000b34       0x66 ./Core/Src/main_6imu.o
 *fill*         0x08000b9a        0x2 
 .text.LL_DMA_EnableStream
                0x08000b9c       0x44 ./Core/Src/main_6imu.o
 .text.LL_DMA_DisableStream
                0x08000be0       0x44 ./Core/Src/main_6imu.o
 .text.LL_DMA_IsEnabledStream
                0x08000c24       0x3c ./Core/Src/main_6imu.o
 .text.LL_DMA_SetDataTransferDirection
                0x08000c60       0x4c ./Core/Src/main_6imu.o
 .text.LL_DMA_SetMode
                0x08000cac       0x4c ./Core/Src/main_6imu.o
 .text.LL_DMA_SetPeriphIncMode
                0x08000cf8       0x4c ./Core/Src/main_6imu.o
 .text.LL_DMA_SetMemoryIncMode
                0x08000d44       0x4c ./Core/Src/main_6imu.o
 .text.LL_DMA_SetPeriphSize
                0x08000d90       0x4c ./Core/Src/main_6imu.o
 .text.LL_DMA_SetMemorySize
                0x08000ddc       0x4c ./Core/Src/main_6imu.o
 .text.LL_DMA_SetStreamPriorityLevel
                0x08000e28       0x4c ./Core/Src/main_6imu.o
 .text.LL_DMA_SetDataLength
                0x08000e74       0x50 ./Core/Src/main_6imu.o
 .text.LL_DMA_SetPeriphRequest
                0x08000ec4       0x60 ./Core/Src/main_6imu.o
 .text.LL_DMA_DisableFifoMode
                0x08000f24       0x44 ./Core/Src/main_6imu.o
 .text.LL_DMA_SetMemoryAddress
                0x08000f68       0x34 ./Core/Src/main_6imu.o
 .text.LL_DMA_SetPeriphAddress
                0x08000f9c       0x34 ./Core/Src/main_6imu.o
 .text.LL_DMA_ClearFlag_TC0
                0x08000fd0       0x1a ./Core/Src/main_6imu.o
 .text.LL_DMA_ClearFlag_TE0
                0x08000fea       0x1a ./Core/Src/main_6imu.o
 .text.LL_DMA_EnableIT_TC
                0x08001004       0x44 ./Core/Src/main_6imu.o
 .text.LL_RCC_HSE_Enable
                0x08001048       0x20 ./Core/Src/main_6imu.o
 .text.LL_RCC_HSE_IsReady
                0x08001068       0x28 ./Core/Src/main_6imu.o
 .text.LL_RCC_SetSysClkSource
                0x08001090       0x28 ./Core/Src/main_6imu.o
 .text.LL_RCC_GetSysClkSource
                0x080010b8       0x1c ./Core/Src/main_6imu.o
 .text.LL_RCC_SetSysPrescaler
                0x080010d4       0x28 ./Core/Src/main_6imu.o
 .text.LL_RCC_SetAHBPrescaler
                0x080010fc       0x28 ./Core/Src/main_6imu.o
 .text.LL_RCC_SetAPB1Prescaler
                0x08001124       0x28 ./Core/Src/main_6imu.o
 .text.LL_RCC_SetAPB2Prescaler
                0x0800114c       0x28 ./Core/Src/main_6imu.o
 .text.LL_RCC_SetAPB3Prescaler
                0x08001174       0x28 ./Core/Src/main_6imu.o
 .text.LL_RCC_SetAPB4Prescaler
                0x0800119c       0x28 ./Core/Src/main_6imu.o
 .text.LL_RCC_SetClockSource
                0x080011c4       0x54 ./Core/Src/main_6imu.o
 .text.LL_RCC_SetUSARTClockSource
                0x08001218       0x16 ./Core/Src/main_6imu.o
 *fill*         0x0800122e        0x2 
 .text.LL_RCC_PLL_SetSource
                0x08001230       0x28 ./Core/Src/main_6imu.o
 .text.LL_RCC_PLL1_Enable
                0x08001258       0x20 ./Core/Src/main_6imu.o
 .text.LL_RCC_PLL1_IsReady
                0x08001278       0x28 ./Core/Src/main_6imu.o
 .text.LL_RCC_PLL1P_Enable
                0x080012a0       0x20 ./Core/Src/main_6imu.o
 .text.LL_RCC_PLL1Q_Enable
                0x080012c0       0x20 ./Core/Src/main_6imu.o
 .text.LL_RCC_PLL1R_Enable
                0x080012e0       0x20 ./Core/Src/main_6imu.o
 .text.LL_RCC_PLL1_SetVCOOutputRange
                0x08001300       0x2c ./Core/Src/main_6imu.o
 .text.LL_RCC_PLL1_SetVCOInputRange
                0x0800132c       0x2c ./Core/Src/main_6imu.o
 .text.LL_RCC_PLL1_SetN
                0x08001358       0x30 ./Core/Src/main_6imu.o
 .text.LL_RCC_PLL1_SetM
                0x08001388       0x2c ./Core/Src/main_6imu.o
 .text.LL_RCC_PLL1_SetP
                0x080013b4       0x2c ./Core/Src/main_6imu.o
 .text.LL_RCC_PLL1_SetQ
                0x080013e0       0x2c ./Core/Src/main_6imu.o
 .text.LL_RCC_PLL1_SetR
                0x0800140c       0x2c ./Core/Src/main_6imu.o
 .text.LL_RCC_PLL2_Enable
                0x08001438       0x20 ./Core/Src/main_6imu.o
 .text.LL_RCC_PLL2_IsReady
                0x08001458       0x28 ./Core/Src/main_6imu.o
 .text.LL_RCC_PLL2Q_Enable
                0x08001480       0x20 ./Core/Src/main_6imu.o
 .text.LL_RCC_PLL2_SetVCOOutputRange
                0x080014a0       0x2c ./Core/Src/main_6imu.o
 .text.LL_RCC_PLL2_SetVCOInputRange
                0x080014cc       0x2c ./Core/Src/main_6imu.o
 .text.LL_RCC_PLL2_SetN
                0x080014f8       0x30 ./Core/Src/main_6imu.o
 .text.LL_RCC_PLL2_SetM
                0x08001528       0x2c ./Core/Src/main_6imu.o
 .text.LL_RCC_PLL2_SetQ
                0x08001554       0x2c ./Core/Src/main_6imu.o
 .text.LL_RCC_PLL3_Enable
                0x08001580       0x20 ./Core/Src/main_6imu.o
 .text.LL_RCC_PLL3_IsReady
                0x080015a0       0x28 ./Core/Src/main_6imu.o
 .text.LL_RCC_PLL3Q_Enable
                0x080015c8       0x20 ./Core/Src/main_6imu.o
 .text.LL_RCC_PLL3_SetVCOOutputRange
                0x080015e8       0x2c ./Core/Src/main_6imu.o
 .text.LL_RCC_PLL3_SetVCOInputRange
                0x08001614       0x2c ./Core/Src/main_6imu.o
 .text.LL_RCC_PLL3_SetN
                0x08001640       0x30 ./Core/Src/main_6imu.o
 .text.LL_RCC_PLL3_SetM
                0x08001670       0x2c ./Core/Src/main_6imu.o
 .text.LL_RCC_PLL3_SetQ
                0x0800169c       0x2c ./Core/Src/main_6imu.o
 .text.LL_AHB1_GRP1_EnableClock
                0x080016c8       0x38 ./Core/Src/main_6imu.o
 .text.LL_AHB4_GRP1_EnableClock
                0x08001700       0x38 ./Core/Src/main_6imu.o
 .text.LL_APB1_GRP1_EnableClock
                0x08001738       0x38 ./Core/Src/main_6imu.o
 .text.LL_APB4_GRP1_EnableClock
                0x08001770       0x38 ./Core/Src/main_6imu.o
 .text.LL_FLASH_SetLatency
                0x080017a8       0x28 ./Core/Src/main_6imu.o
 .text.LL_FLASH_GetLatency
                0x080017d0       0x1c ./Core/Src/main_6imu.o
 .text.LL_MPU_Enable
                0x080017ec       0x30 ./Core/Src/main_6imu.o
 .text.LL_MPU_Disable
                0x0800181c       0x20 ./Core/Src/main_6imu.o
 .text.LL_MPU_ConfigRegion
                0x0800183c       0x40 ./Core/Src/main_6imu.o
 .text.LL_PWR_ConfigSupply
                0x0800187c       0x28 ./Core/Src/main_6imu.o
 .text.LL_PWR_SetRegulVoltageScaling
                0x080018a4       0x28 ./Core/Src/main_6imu.o
 .text.LL_PWR_IsActiveFlag_VOS
                0x080018cc       0x28 ./Core/Src/main_6imu.o
 .text.LL_USART_Enable
                0x080018f4       0x20 ./Core/Src/main_6imu.o
 .text.LL_USART_DisableFIFO
                0x08001914       0x20 ./Core/Src/main_6imu.o
 .text.LL_USART_SetTXFIFOThreshold
                0x08001934       0x4e ./Core/Src/main_6imu.o
 .text.LL_USART_SetRXFIFOThreshold
                0x08001982       0x4e ./Core/Src/main_6imu.o
 .text.LL_USART_ConfigAsyncMode
                0x080019d0       0x2c ./Core/Src/main_6imu.o
 .text.LL_USART_IsActiveFlag_TEACK
                0x080019fc       0x28 ./Core/Src/main_6imu.o
 .text.LL_USART_IsActiveFlag_REACK
                0x08001a24       0x28 ./Core/Src/main_6imu.o
 .text.LL_USART_EnableIT_RXNE_RXFNE
                0x08001a4c       0x42 ./Core/Src/main_6imu.o
 .text.LL_USART_EnableDMAReq_TX
                0x08001a8e       0x46 ./Core/Src/main_6imu.o
 .text.LL_USART_DMA_GetRegAddr
                0x08001ad4       0x2c ./Core/Src/main_6imu.o
 .text.sensor_event_cb
                0x08001b00      0x10c ./Core/Src/main_6imu.o
 .text.ICM_Init_All
                0x08001c0c      0x1f8 ./Core/Src/main_6imu.o
 .text.tx_enqueue
                0x08001e04       0x70 ./Core/Src/main_6imu.o
 .text.UART4_DMA_Send
                0x08001e74       0x7c ./Core/Src/main_6imu.o
 .text.UART4_TryStartDMA
                0x08001ef0       0x70 ./Core/Src/main_6imu.o
                0x08001ef0                UART4_TryStartDMA
 .text.process_sample_raw
                0x08001f60       0x7a ./Core/Src/main_6imu.o
 *fill*         0x08001fda        0x2 
 .text.process_sample_cal
                0x08001fdc      0x1c0 ./Core/Src/main_6imu.o
 .text.main     0x0800219c      0x118 ./Core/Src/main_6imu.o
                0x0800219c                main
 .text.SystemClock_Config
                0x080022b4      0x144 ./Core/Src/main_6imu.o
                0x080022b4                SystemClock_Config
 .text.MX_UART4_Init
                0x080023f8      0x148 ./Core/Src/main_6imu.o
 .text.MX_DMA_Init
                0x08002540       0x4e ./Core/Src/main_6imu.o
 .text.MX_GPIO_Init
                0x0800258e       0x2c ./Core/Src/main_6imu.o
 *fill*         0x080025ba        0x2 
 .text.MPU_Config
                0x080025bc       0x24 ./Core/Src/main_6imu.o
 .text.__NVIC_GetPriorityGrouping
                0x080025e0       0x1c ./Core/Src/spi6_imu_port.o
 .text.__NVIC_EnableIRQ
                0x080025fc       0x3c ./Core/Src/spi6_imu_port.o
 .text.__NVIC_SetPriority
                0x08002638       0x54 ./Core/Src/spi6_imu_port.o
 .text.NVIC_EncodePriority
                0x0800268c       0x66 ./Core/Src/spi6_imu_port.o
 .text.LL_SPI_Enable
                0x080026f2       0x20 ./Core/Src/spi6_imu_port.o
 .text.LL_SPI_Disable
                0x08002712       0x20 ./Core/Src/spi6_imu_port.o
 *fill*         0x08002732        0x2 
 .text.LL_SPI_SetTransferSize
                0x08002734       0x2c ./Core/Src/spi6_imu_port.o
 .text.LL_SPI_StartMasterTransfer
                0x08002760       0x20 ./Core/Src/spi6_imu_port.o
 .text.LL_SPI_SetStandard
                0x08002780       0x26 ./Core/Src/spi6_imu_port.o
 .text.LL_SPI_SetFIFOThreshold
                0x080027a6       0x26 ./Core/Src/spi6_imu_port.o
 .text.LL_SPI_DisableNSSPulseMgt
                0x080027cc       0x20 ./Core/Src/spi6_imu_port.o
 .text.LL_SPI_IsActiveFlag_RXP
                0x080027ec       0x26 ./Core/Src/spi6_imu_port.o
 .text.LL_SPI_IsActiveFlag_TXP
                0x08002812       0x26 ./Core/Src/spi6_imu_port.o
 .text.LL_SPI_IsActiveFlag_EOT
                0x08002838       0x26 ./Core/Src/spi6_imu_port.o
 .text.LL_SPI_IsActiveFlag_RXWNE
                0x0800285e       0x28 ./Core/Src/spi6_imu_port.o
 .text.LL_SPI_ClearFlag_EOT
                0x08002886       0x20 ./Core/Src/spi6_imu_port.o
 .text.LL_SPI_ClearFlag_TXTF
                0x080028a6       0x20 ./Core/Src/spi6_imu_port.o
 .text.LL_SPI_ClearFlag_OVR
                0x080028c6       0x20 ./Core/Src/spi6_imu_port.o
 .text.LL_SPI_ClearFlag_MODF
                0x080028e6       0x20 ./Core/Src/spi6_imu_port.o
 .text.LL_SPI_ClearFlag_FRE
                0x08002906       0x20 ./Core/Src/spi6_imu_port.o
 .text.LL_SPI_EnableDMAReq_RX
                0x08002926       0x20 ./Core/Src/spi6_imu_port.o
 .text.LL_SPI_DisableDMAReq_RX
                0x08002946       0x20 ./Core/Src/spi6_imu_port.o
 .text.LL_SPI_EnableDMAReq_TX
                0x08002966       0x20 ./Core/Src/spi6_imu_port.o
 .text.LL_SPI_DisableDMAReq_TX
                0x08002986       0x20 ./Core/Src/spi6_imu_port.o
 .text.LL_SPI_DMA_GetTxRegAddr
                0x080029a6       0x18 ./Core/Src/spi6_imu_port.o
 .text.LL_SPI_DMA_GetRxRegAddr
                0x080029be       0x18 ./Core/Src/spi6_imu_port.o
 .text.LL_SPI_ReceiveData8
                0x080029d6       0x1c ./Core/Src/spi6_imu_port.o
 .text.LL_SPI_TransmitData8
                0x080029f2       0x20 ./Core/Src/spi6_imu_port.o
 .text.LL_GPIO_SetOutputPin
                0x08002a12       0x1c ./Core/Src/spi6_imu_port.o
 .text.LL_GPIO_ResetOutputPin
                0x08002a2e       0x1e ./Core/Src/spi6_imu_port.o
 .text.LL_RCC_SetClockSource
                0x08002a4c       0x54 ./Core/Src/spi6_imu_port.o
 .text.LL_RCC_SetSPIClockSource
                0x08002aa0       0x16 ./Core/Src/spi6_imu_port.o
 *fill*         0x08002ab6        0x2 
 .text.LL_AHB4_GRP1_EnableClock
                0x08002ab8       0x38 ./Core/Src/spi6_imu_port.o
 .text.LL_APB4_GRP1_EnableClock
                0x08002af0       0x38 ./Core/Src/spi6_imu_port.o
 .text.LL_BDMA_EnableChannel
                0x08002b28       0x44 ./Core/Src/spi6_imu_port.o
 .text.LL_BDMA_DisableChannel
                0x08002b6c       0x44 ./Core/Src/spi6_imu_port.o
 .text.LL_BDMA_IsEnabledChannel
                0x08002bb0       0x38 ./Core/Src/spi6_imu_port.o
 .text.LL_BDMA_SetPeriphRequest
                0x08002be8       0x38 ./Core/Src/spi6_imu_port.o
 .text.LL_BDMA_SetDataTransferDirection
                0x08002c20       0x50 ./Core/Src/spi6_imu_port.o
 .text.LL_BDMA_SetChannelPriorityLevel
                0x08002c70       0x4a ./Core/Src/spi6_imu_port.o
 .text.LL_BDMA_SetMode
                0x08002cba       0x4a ./Core/Src/spi6_imu_port.o
 .text.LL_BDMA_SetPeriphIncMode
                0x08002d04       0x4a ./Core/Src/spi6_imu_port.o
 .text.LL_BDMA_SetMemoryIncMode
                0x08002d4e       0x4a ./Core/Src/spi6_imu_port.o
 .text.LL_BDMA_SetPeriphSize
                0x08002d98       0x4a ./Core/Src/spi6_imu_port.o
 .text.LL_BDMA_SetMemorySize
                0x08002de2       0x4a ./Core/Src/spi6_imu_port.o
 .text.LL_BDMA_SetPeriphAddress
                0x08002e2c       0x30 ./Core/Src/spi6_imu_port.o
 .text.LL_BDMA_SetMemoryAddress
                0x08002e5c       0x30 ./Core/Src/spi6_imu_port.o
 .text.LL_BDMA_SetDataLength
                0x08002e8c       0x50 ./Core/Src/spi6_imu_port.o
 .text.LL_BDMA_EnableIT_TC
                0x08002edc       0x44 ./Core/Src/spi6_imu_port.o
 .text.LL_BDMA_EnableIT_TE
                0x08002f20       0x44 ./Core/Src/spi6_imu_port.o
 .text.LL_BDMA_IsActiveFlag_TC1
                0x08002f64       0x26 ./Core/Src/spi6_imu_port.o
 .text.LL_BDMA_IsActiveFlag_TE0
                0x08002f8a       0x26 ./Core/Src/spi6_imu_port.o
 .text.LL_BDMA_IsActiveFlag_TE1
                0x08002fb0       0x26 ./Core/Src/spi6_imu_port.o
 .text.LL_BDMA_ClearFlag_TC0
                0x08002fd6       0x1a ./Core/Src/spi6_imu_port.o
 .text.LL_BDMA_ClearFlag_TC1
                0x08002ff0       0x1a ./Core/Src/spi6_imu_port.o
 .text.LL_BDMA_ClearFlag_TE0
                0x0800300a       0x1a ./Core/Src/spi6_imu_port.o
 .text.LL_BDMA_ClearFlag_TE1
                0x08003024       0x1a ./Core/Src/spi6_imu_port.o
 *fill*         0x0800303e        0x2 
 .text.cs_select
                0x08003040       0x30 ./Core/Src/spi6_imu_port.o
 .text.cs_deselect
                0x08003070       0x30 ./Core/Src/spi6_imu_port.o
 .text.spi6_reset_for_polling
                0x080030a0       0x8c ./Core/Src/spi6_imu_port.o
 .text.spi_byte_poll
                0x0800312c       0x68 ./Core/Src/spi6_imu_port.o
 .text.imu_read_reg_polling
                0x08003194       0xa8 ./Core/Src/spi6_imu_port.o
 .text.imu_write_reg_polling
                0x0800323c       0xa8 ./Core/Src/spi6_imu_port.o
 .text.imu_sleep_us
                0x080032e4       0x34 ./Core/Src/spi6_imu_port.o
 .text.bdma_start_transfer
                0x08003318      0x118 ./Core/Src/spi6_imu_port.o
 .text.bdma_try_next
                0x08003430       0x68 ./Core/Src/spi6_imu_port.o
 .text.bdma_bus_reset
                0x08003498       0x5c ./Core/Src/spi6_imu_port.o
 .text.poll_done_cb
                0x080034f4       0xc8 ./Core/Src/spi6_imu_port.o
 .text.SPI6_DMA_Transfer
                0x080035bc       0x7c ./Core/Src/spi6_imu_port.o
                0x080035bc                SPI6_DMA_Transfer
 .text.SPI6_PollSensor
                0x08003638      0x124 ./Core/Src/spi6_imu_port.o
                0x08003638                SPI6_PollSensor
 .text.SPI6_BDMA_RX_IRQHandler
                0x0800375c       0xb8 ./Core/Src/spi6_imu_port.o
                0x0800375c                SPI6_BDMA_RX_IRQHandler
 .text.SPI6_BDMA_TX_IRQHandler
                0x08003814       0x48 ./Core/Src/spi6_imu_port.o
                0x08003814                SPI6_BDMA_TX_IRQHandler
 .text.SPI6_IMU_Port_Init
                0x0800385c      0x338 ./Core/Src/spi6_imu_port.o
                0x0800385c                SPI6_IMU_Port_Init
 .text.LL_DMA_DisableStream
                0x08003b94       0x44 ./Core/Src/stm32h7xx_it_6imu.o
 .text.LL_DMA_IsActiveFlag_TC0
                0x08003bd8       0x26 ./Core/Src/stm32h7xx_it_6imu.o
 .text.LL_DMA_IsActiveFlag_TE0
                0x08003bfe       0x26 ./Core/Src/stm32h7xx_it_6imu.o
 .text.LL_DMA_ClearFlag_TC0
                0x08003c24       0x1a ./Core/Src/stm32h7xx_it_6imu.o
 .text.LL_DMA_ClearFlag_TE0
                0x08003c3e       0x1a ./Core/Src/stm32h7xx_it_6imu.o
 .text.LL_USART_IsActiveFlag_FE
                0x08003c58       0x26 ./Core/Src/stm32h7xx_it_6imu.o
 .text.LL_USART_IsActiveFlag_NE
                0x08003c7e       0x26 ./Core/Src/stm32h7xx_it_6imu.o
 .text.LL_USART_IsActiveFlag_ORE
                0x08003ca4       0x26 ./Core/Src/stm32h7xx_it_6imu.o
 .text.LL_USART_IsActiveFlag_RXNE_RXFNE
                0x08003cca       0x26 ./Core/Src/stm32h7xx_it_6imu.o
 .text.LL_USART_ClearFlag_FE
                0x08003cf0       0x1a ./Core/Src/stm32h7xx_it_6imu.o
 .text.LL_USART_ClearFlag_NE
                0x08003d0a       0x1a ./Core/Src/stm32h7xx_it_6imu.o
 .text.LL_USART_ClearFlag_ORE
                0x08003d24       0x1a ./Core/Src/stm32h7xx_it_6imu.o
 .text.LL_USART_ReceiveData8
                0x08003d3e       0x1a ./Core/Src/stm32h7xx_it_6imu.o
 .text.DMA1_Stream0_IRQHandler
                0x08003d58       0x74 ./Core/Src/stm32h7xx_it_6imu.o
                0x08003d58                DMA1_Stream0_IRQHandler
 .text.UART4_IRQHandler
                0x08003dcc       0x90 ./Core/Src/stm32h7xx_it_6imu.o
                0x08003dcc                UART4_IRQHandler
 .text.BDMA_Channel1_IRQHandler
                0x08003e5c        0xc ./Core/Src/stm32h7xx_it_6imu.o
                0x08003e5c                BDMA_Channel1_IRQHandler
 .text.BDMA_Channel0_IRQHandler
                0x08003e68        0xc ./Core/Src/stm32h7xx_it_6imu.o
                0x08003e68                BDMA_Channel0_IRQHandler
 .text._getpid  0x08003e74       0x10 ./Core/Src/syscalls.o
                0x08003e74                _getpid
 .text._kill    0x08003e84       0x20 ./Core/Src/syscalls.o
                0x08003e84                _kill
 .text._exit    0x08003ea4       0x16 ./Core/Src/syscalls.o
                0x08003ea4                _exit
 .text._read    0x08003eba       0x3a ./Core/Src/syscalls.o
                0x08003eba                _read
 .text._write   0x08003ef4       0x38 ./Core/Src/syscalls.o
                0x08003ef4                _write
 .text._close   0x08003f2c       0x18 ./Core/Src/syscalls.o
                0x08003f2c                _close
 .text._fstat   0x08003f44       0x20 ./Core/Src/syscalls.o
                0x08003f44                _fstat
 .text._isatty  0x08003f64       0x16 ./Core/Src/syscalls.o
                0x08003f64                _isatty
 .text._lseek   0x08003f7a       0x1a ./Core/Src/syscalls.o
                0x08003f7a                _lseek
 .text._sbrk    0x08003f94       0x6c ./Core/Src/sysmem.o
                0x08003f94                _sbrk
 .text.SystemInit
                0x08004000      0x120 ./Core/Src/system_stm32h7xx.o
                0x08004000                SystemInit
 .text.ExitRun0Mode
                0x08004120       0x30 ./Core/Src/system_stm32h7xx.o
                0x08004120                ExitRun0Mode
 .text.Reset_Handler
                0x08004150       0x54 ./Core/Startup/startup_stm32h723zgtx.o
                0x08004150                Reset_Handler
 .text.Default_Handler
                0x080041a4        0x2 ./Core/Startup/startup_stm32h723zgtx.o
                0x080041a4                RTC_Alarm_IRQHandler
                0x080041a4                EXTI2_IRQHandler
                0x080041a4                TIM8_CC_IRQHandler
                0x080041a4                DebugMon_Handler
                0x080041a4                UART8_IRQHandler
                0x080041a4                SPI4_IRQHandler
                0x080041a4                FDCAN3_IT0_IRQHandler
                0x080041a4                TIM1_CC_IRQHandler
                0x080041a4                BDMA_Channel6_IRQHandler
                0x080041a4                DMA2_Stream5_IRQHandler
                0x080041a4                HardFault_Handler
                0x080041a4                DMA1_Stream5_IRQHandler
                0x080041a4                CORDIC_IRQHandler
                0x080041a4                SysTick_Handler
                0x080041a4                TAMP_STAMP_IRQHandler
                0x080041a4                PendSV_Handler
                0x080041a4                NMI_Handler
                0x080041a4                EXTI3_IRQHandler
                0x080041a4                LPTIM4_IRQHandler
                0x080041a4                TIM8_TRG_COM_TIM14_IRQHandler
                0x080041a4                LPTIM2_IRQHandler
                0x080041a4                DFSDM1_FLT1_IRQHandler
                0x080041a4                DMAMUX2_OVR_IRQHandler
                0x080041a4                TIM8_UP_TIM13_IRQHandler
                0x080041a4                I2C3_ER_IRQHandler
                0x080041a4                DFSDM1_FLT2_IRQHandler
                0x080041a4                I2C5_EV_IRQHandler
                0x080041a4                USART10_IRQHandler
                0x080041a4                MDMA_IRQHandler
                0x080041a4                LPTIM3_IRQHandler
                0x080041a4                HSEM1_IRQHandler
                0x080041a4                EXTI0_IRQHandler
                0x080041a4                I2C2_EV_IRQHandler
                0x080041a4                DMA1_Stream2_IRQHandler
                0x080041a4                FPU_IRQHandler
                0x080041a4                OTG_HS_WKUP_IRQHandler
                0x080041a4                FDCAN1_IT1_IRQHandler
                0x080041a4                UsageFault_Handler
                0x080041a4                LTDC_ER_IRQHandler
                0x080041a4                DMA2_Stream2_IRQHandler
                0x080041a4                SPI1_IRQHandler
                0x080041a4                OCTOSPI1_IRQHandler
                0x080041a4                TIM6_DAC_IRQHandler
                0x080041a4                DMA2_Stream3_IRQHandler
                0x080041a4                OCTOSPI2_IRQHandler
                0x080041a4                DFSDM1_FLT3_IRQHandler
                0x080041a4                TIM23_IRQHandler
                0x080041a4                USART6_IRQHandler
                0x080041a4                TIM17_IRQHandler
                0x080041a4                USART3_IRQHandler
                0x080041a4                BDMA_Channel7_IRQHandler
                0x080041a4                LPTIM5_IRQHandler
                0x080041a4                UART5_IRQHandler
                0x080041a4                ADC3_IRQHandler
                0x080041a4                DMA2_Stream0_IRQHandler
                0x080041a4                TIM4_IRQHandler
                0x080041a4                BDMA_Channel2_IRQHandler
                0x080041a4                I2C1_EV_IRQHandler
                0x080041a4                DMA1_Stream6_IRQHandler
                0x080041a4                DMAMUX1_OVR_IRQHandler
                0x080041a4                DMA1_Stream1_IRQHandler
                0x080041a4                TIM16_IRQHandler
                0x080041a4                BDMA_Channel5_IRQHandler
                0x080041a4                TIM3_IRQHandler
                0x080041a4                RCC_IRQHandler
                0x080041a4                UART9_IRQHandler
                0x080041a4                TIM8_BRK_TIM12_IRQHandler
                0x080041a4                TIM1_TRG_COM_IRQHandler
                0x080041a4                Default_Handler
                0x080041a4                ECC_IRQHandler
                0x080041a4                FMAC_IRQHandler
                0x080041a4                CEC_IRQHandler
                0x080041a4                EXTI15_10_IRQHandler
                0x080041a4                ADC_IRQHandler
                0x080041a4                I2C5_ER_IRQHandler
                0x080041a4                DMA1_Stream7_IRQHandler
                0x080041a4                SPI5_IRQHandler
                0x080041a4                TIM7_IRQHandler
                0x080041a4                FDCAN3_IT1_IRQHandler
                0x080041a4                SDMMC1_IRQHandler
                0x080041a4                TIM5_IRQHandler
                0x080041a4                DMA2_Stream7_IRQHandler
                0x080041a4                TIM15_IRQHandler
                0x080041a4                PVD_AVD_IRQHandler
                0x080041a4                I2C3_EV_IRQHandler
                0x080041a4                EXTI9_5_IRQHandler
                0x080041a4                RTC_WKUP_IRQHandler
                0x080041a4                LTDC_IRQHandler
                0x080041a4                ETH_WKUP_IRQHandler
                0x080041a4                SPDIF_RX_IRQHandler
                0x080041a4                SPI2_IRQHandler
                0x080041a4                OTG_HS_EP1_IN_IRQHandler
                0x080041a4                MemManage_Handler
                0x080041a4                TIM24_IRQHandler
                0x080041a4                SVC_Handler
                0x080041a4                CRS_IRQHandler
                0x080041a4                EXTI4_IRQHandler
                0x080041a4                RNG_IRQHandler
                0x080041a4                FDCAN2_IT1_IRQHandler
                0x080041a4                ETH_IRQHandler
                0x080041a4                TIM1_UP_IRQHandler
                0x080041a4                BDMA_Channel4_IRQHandler
                0x080041a4                OTG_HS_EP1_OUT_IRQHandler
                0x080041a4                WWDG_IRQHandler
                0x080041a4                SPI6_IRQHandler
                0x080041a4                MDIOS_IRQHandler
                0x080041a4                I2C4_EV_IRQHandler
                0x080041a4                FDCAN2_IT0_IRQHandler
                0x080041a4                LPUART1_IRQHandler
                0x080041a4                FDCAN1_IT0_IRQHandler
                0x080041a4                TIM2_IRQHandler
                0x080041a4                OTG_HS_IRQHandler
                0x080041a4                DMA2D_IRQHandler
                0x080041a4                TIM1_BRK_IRQHandler
                0x080041a4                EXTI1_IRQHandler
                0x080041a4                SDMMC2_IRQHandler
                0x080041a4                BDMA_Channel3_IRQHandler
                0x080041a4                DTS_IRQHandler
                0x080041a4                UART7_IRQHandler
                0x080041a4                MDIOS_WKUP_IRQHandler
                0x080041a4                USART2_IRQHandler
                0x080041a4                DFSDM1_FLT0_IRQHandler
                0x080041a4                SAI4_IRQHandler
                0x080041a4                I2C2_ER_IRQHandler
                0x080041a4                DMA2_Stream1_IRQHandler
                0x080041a4                FLASH_IRQHandler
                0x080041a4                DMA2_Stream4_IRQHandler
                0x080041a4                BusFault_Handler
                0x080041a4                USART1_IRQHandler
                0x080041a4                SPI3_IRQHandler
                0x080041a4                WAKEUP_PIN_IRQHandler
                0x080041a4                DMA1_Stream4_IRQHandler
                0x080041a4                I2C1_ER_IRQHandler
                0x080041a4                FMC_IRQHandler
                0x080041a4                FDCAN_CAL_IRQHandler
                0x080041a4                SWPMI1_IRQHandler
                0x080041a4                COMP1_IRQHandler
                0x080041a4                LPTIM1_IRQHandler
                0x080041a4                DCMI_PSSI_IRQHandler
                0x080041a4                I2C4_ER_IRQHandler
                0x080041a4                DMA2_Stream6_IRQHandler
                0x080041a4                SAI1_IRQHandler
                0x080041a4                DMA1_Stream3_IRQHandler
 .text.LL_GPIO_SetPinMode
                0x080041a6       0x40 ./Drivers/STM32H7xx_HAL_Driver/Src/stm32h7xx_ll_gpio.o
 .text.LL_GPIO_SetPinOutputType
                0x080041e6       0x30 ./Drivers/STM32H7xx_HAL_Driver/Src/stm32h7xx_ll_gpio.o
 .text.LL_GPIO_SetPinSpeed
                0x08004216       0x40 ./Drivers/STM32H7xx_HAL_Driver/Src/stm32h7xx_ll_gpio.o
 .text.LL_GPIO_SetPinPull
                0x08004256       0x40 ./Drivers/STM32H7xx_HAL_Driver/Src/stm32h7xx_ll_gpio.o
 .text.LL_GPIO_SetAFPin_0_7
                0x08004296       0x58 ./Drivers/STM32H7xx_HAL_Driver/Src/stm32h7xx_ll_gpio.o
 .text.LL_GPIO_SetAFPin_8_15
                0x080042ee       0x6c ./Drivers/STM32H7xx_HAL_Driver/Src/stm32h7xx_ll_gpio.o
 .text.LL_GPIO_Init
                0x0800435a       0xdc ./Drivers/STM32H7xx_HAL_Driver/Src/stm32h7xx_ll_gpio.o
                0x0800435a                LL_GPIO_Init
 *fill*         0x08004436        0x2 
 .text.LL_RCC_HSE_IsReady
                0x08004438       0x28 ./Drivers/STM32H7xx_HAL_Driver/Src/stm32h7xx_ll_rcc.o
 .text.LL_RCC_HSI_IsReady
                0x08004460       0x24 ./Drivers/STM32H7xx_HAL_Driver/Src/stm32h7xx_ll_rcc.o
 .text.LL_RCC_HSI_GetDivider
                0x08004484       0x1c ./Drivers/STM32H7xx_HAL_Driver/Src/stm32h7xx_ll_rcc.o
 .text.LL_RCC_CSI_IsReady
                0x080044a0       0x28 ./Drivers/STM32H7xx_HAL_Driver/Src/stm32h7xx_ll_rcc.o
 .text.LL_RCC_LSE_IsReady
                0x080044c8       0x24 ./Drivers/STM32H7xx_HAL_Driver/Src/stm32h7xx_ll_rcc.o
 .text.LL_RCC_GetSysClkSource
                0x080044ec       0x1c ./Drivers/STM32H7xx_HAL_Driver/Src/stm32h7xx_ll_rcc.o
 .text.LL_RCC_GetSysPrescaler
                0x08004508       0x1c ./Drivers/STM32H7xx_HAL_Driver/Src/stm32h7xx_ll_rcc.o
 .text.LL_RCC_GetAHBPrescaler
                0x08004524       0x1c ./Drivers/STM32H7xx_HAL_Driver/Src/stm32h7xx_ll_rcc.o
 .text.LL_RCC_GetAPB1Prescaler
                0x08004540       0x1c ./Drivers/STM32H7xx_HAL_Driver/Src/stm32h7xx_ll_rcc.o
 .text.LL_RCC_GetAPB2Prescaler
                0x0800455c       0x1c ./Drivers/STM32H7xx_HAL_Driver/Src/stm32h7xx_ll_rcc.o
 .text.LL_RCC_GetClockSource
                0x08004578       0x4c ./Drivers/STM32H7xx_HAL_Driver/Src/stm32h7xx_ll_rcc.o
 .text.LL_RCC_GetUSARTClockSource
                0x080045c4       0x18 ./Drivers/STM32H7xx_HAL_Driver/Src/stm32h7xx_ll_rcc.o
 .text.LL_RCC_PLL_GetSource
                0x080045dc       0x1c ./Drivers/STM32H7xx_HAL_Driver/Src/stm32h7xx_ll_rcc.o
 .text.LL_RCC_PLL1P_IsEnabled
                0x080045f8       0x28 ./Drivers/STM32H7xx_HAL_Driver/Src/stm32h7xx_ll_rcc.o
 .text.LL_RCC_PLL1Q_IsEnabled
                0x08004620       0x28 ./Drivers/STM32H7xx_HAL_Driver/Src/stm32h7xx_ll_rcc.o
 .text.LL_RCC_PLL1R_IsEnabled
                0x08004648       0x28 ./Drivers/STM32H7xx_HAL_Driver/Src/stm32h7xx_ll_rcc.o
 .text.LL_RCC_PLL1FRACN_IsEnabled
                0x08004670       0x24 ./Drivers/STM32H7xx_HAL_Driver/Src/stm32h7xx_ll_rcc.o
 .text.LL_RCC_PLL1_GetN
                0x08004694       0x1c ./Drivers/STM32H7xx_HAL_Driver/Src/stm32h7xx_ll_rcc.o
 .text.LL_RCC_PLL1_GetM
                0x080046b0       0x1c ./Drivers/STM32H7xx_HAL_Driver/Src/stm32h7xx_ll_rcc.o
 .text.LL_RCC_PLL1_GetP
                0x080046cc       0x20 ./Drivers/STM32H7xx_HAL_Driver/Src/stm32h7xx_ll_rcc.o
 .text.LL_RCC_PLL1_GetQ
                0x080046ec       0x20 ./Drivers/STM32H7xx_HAL_Driver/Src/stm32h7xx_ll_rcc.o
 .text.LL_RCC_PLL1_GetR
                0x0800470c       0x20 ./Drivers/STM32H7xx_HAL_Driver/Src/stm32h7xx_ll_rcc.o
 .text.LL_RCC_PLL1_GetFRACN
                0x0800472c       0x1c ./Drivers/STM32H7xx_HAL_Driver/Src/stm32h7xx_ll_rcc.o
 .text.LL_RCC_PLL2_IsReady
                0x08004748       0x28 ./Drivers/STM32H7xx_HAL_Driver/Src/stm32h7xx_ll_rcc.o
 .text.LL_RCC_PLL2P_IsEnabled
                0x08004770       0x28 ./Drivers/STM32H7xx_HAL_Driver/Src/stm32h7xx_ll_rcc.o
 .text.LL_RCC_PLL2Q_IsEnabled
                0x08004798       0x28 ./Drivers/STM32H7xx_HAL_Driver/Src/stm32h7xx_ll_rcc.o
 .text.LL_RCC_PLL2R_IsEnabled
                0x080047c0       0x28 ./Drivers/STM32H7xx_HAL_Driver/Src/stm32h7xx_ll_rcc.o
 .text.LL_RCC_PLL2FRACN_IsEnabled
                0x080047e8       0x24 ./Drivers/STM32H7xx_HAL_Driver/Src/stm32h7xx_ll_rcc.o
 .text.LL_RCC_PLL2_GetN
                0x0800480c       0x1c ./Drivers/STM32H7xx_HAL_Driver/Src/stm32h7xx_ll_rcc.o
 .text.LL_RCC_PLL2_GetM
                0x08004828       0x1c ./Drivers/STM32H7xx_HAL_Driver/Src/stm32h7xx_ll_rcc.o
 .text.LL_RCC_PLL2_GetP
                0x08004844       0x20 ./Drivers/STM32H7xx_HAL_Driver/Src/stm32h7xx_ll_rcc.o
 .text.LL_RCC_PLL2_GetQ
                0x08004864       0x20 ./Drivers/STM32H7xx_HAL_Driver/Src/stm32h7xx_ll_rcc.o
 .text.LL_RCC_PLL2_GetR
                0x08004884       0x20 ./Drivers/STM32H7xx_HAL_Driver/Src/stm32h7xx_ll_rcc.o
 .text.LL_RCC_PLL2_GetFRACN
                0x080048a4       0x1c ./Drivers/STM32H7xx_HAL_Driver/Src/stm32h7xx_ll_rcc.o
 .text.LL_RCC_PLL3_IsReady
                0x080048c0       0x28 ./Drivers/STM32H7xx_HAL_Driver/Src/stm32h7xx_ll_rcc.o
 .text.LL_RCC_PLL3P_IsEnabled
                0x080048e8       0x28 ./Drivers/STM32H7xx_HAL_Driver/Src/stm32h7xx_ll_rcc.o
 .text.LL_RCC_PLL3Q_IsEnabled
                0x08004910       0x28 ./Drivers/STM32H7xx_HAL_Driver/Src/stm32h7xx_ll_rcc.o
 .text.LL_RCC_PLL3R_IsEnabled
                0x08004938       0x28 ./Drivers/STM32H7xx_HAL_Driver/Src/stm32h7xx_ll_rcc.o
 .text.LL_RCC_PLL3FRACN_IsEnabled
                0x08004960       0x28 ./Drivers/STM32H7xx_HAL_Driver/Src/stm32h7xx_ll_rcc.o
 .text.LL_RCC_PLL3_GetN
                0x08004988       0x1c ./Drivers/STM32H7xx_HAL_Driver/Src/stm32h7xx_ll_rcc.o
 .text.LL_RCC_PLL3_GetM
                0x080049a4       0x1c ./Drivers/STM32H7xx_HAL_Driver/Src/stm32h7xx_ll_rcc.o
 .text.LL_RCC_PLL3_GetP
                0x080049c0       0x20 ./Drivers/STM32H7xx_HAL_Driver/Src/stm32h7xx_ll_rcc.o
 .text.LL_RCC_PLL3_GetQ
                0x080049e0       0x20 ./Drivers/STM32H7xx_HAL_Driver/Src/stm32h7xx_ll_rcc.o
 .text.LL_RCC_PLL3_GetR
                0x08004a00       0x20 ./Drivers/STM32H7xx_HAL_Driver/Src/stm32h7xx_ll_rcc.o
 .text.LL_RCC_PLL3_GetFRACN
                0x08004a20       0x1c ./Drivers/STM32H7xx_HAL_Driver/Src/stm32h7xx_ll_rcc.o
 .text.LL_RCC_GetPLL1ClockFreq
                0x08004a3c      0x130 ./Drivers/STM32H7xx_HAL_Driver/Src/stm32h7xx_ll_rcc.o
                0x08004a3c                LL_RCC_GetPLL1ClockFreq
 .text.LL_RCC_GetPLL2ClockFreq
                0x08004b6c      0x130 ./Drivers/STM32H7xx_HAL_Driver/Src/stm32h7xx_ll_rcc.o
                0x08004b6c                LL_RCC_GetPLL2ClockFreq
 .text.LL_RCC_GetPLL3ClockFreq
                0x08004c9c      0x134 ./Drivers/STM32H7xx_HAL_Driver/Src/stm32h7xx_ll_rcc.o
                0x08004c9c                LL_RCC_GetPLL3ClockFreq
 .text.LL_RCC_CalcPLLClockFreq
                0x08004dd0       0x80 ./Drivers/STM32H7xx_HAL_Driver/Src/stm32h7xx_ll_rcc.o
                0x08004dd0                LL_RCC_CalcPLLClockFreq
 .text.LL_RCC_GetUSARTClockFreq
                0x08004e50      0x1dc ./Drivers/STM32H7xx_HAL_Driver/Src/stm32h7xx_ll_rcc.o
                0x08004e50                LL_RCC_GetUSARTClockFreq
 .text.RCC_GetSystemClockFreq
                0x0800502c       0xc4 ./Drivers/STM32H7xx_HAL_Driver/Src/stm32h7xx_ll_rcc.o
 .text.RCC_GetHCLKClockFreq
                0x080050f0       0x2c ./Drivers/STM32H7xx_HAL_Driver/Src/stm32h7xx_ll_rcc.o
 .text.RCC_GetPCLK1ClockFreq
                0x0800511c       0x30 ./Drivers/STM32H7xx_HAL_Driver/Src/stm32h7xx_ll_rcc.o
 .text.RCC_GetPCLK2ClockFreq
                0x0800514c       0x30 ./Drivers/STM32H7xx_HAL_Driver/Src/stm32h7xx_ll_rcc.o
 .text.LL_SPI_IsEnabled
                0x0800517c       0x26 ./Drivers/STM32H7xx_HAL_Driver/Src/stm32h7xx_ll_spi.o
 .text.LL_SPI_SetInternalSSLevel
                0x080051a2       0x26 ./Drivers/STM32H7xx_HAL_Driver/Src/stm32h7xx_ll_spi.o
 .text.LL_SPI_GetNSSPolarity
                0x080051c8       0x1c ./Drivers/STM32H7xx_HAL_Driver/Src/stm32h7xx_ll_spi.o
 .text.LL_SPI_SetCRCPolynomial
                0x080051e4       0x1c ./Drivers/STM32H7xx_HAL_Driver/Src/stm32h7xx_ll_spi.o
 .text.LL_SPI_Init
                0x08005200       0xfc ./Drivers/STM32H7xx_HAL_Driver/Src/stm32h7xx_ll_spi.o
                0x08005200                LL_SPI_Init
 .text.LL_USART_IsEnabled
                0x080052fc       0x26 ./Drivers/STM32H7xx_HAL_Driver/Src/stm32h7xx_ll_usart.o
 .text.LL_USART_SetPrescaler
                0x08005322       0x28 ./Drivers/STM32H7xx_HAL_Driver/Src/stm32h7xx_ll_usart.o
 .text.LL_USART_SetStopBitsLength
                0x0800534a       0x26 ./Drivers/STM32H7xx_HAL_Driver/Src/stm32h7xx_ll_usart.o
 .text.LL_USART_SetHWFlowCtrl
                0x08005370       0x26 ./Drivers/STM32H7xx_HAL_Driver/Src/stm32h7xx_ll_usart.o
 *fill*         0x08005396        0x2 
 .text.LL_USART_SetBaudRate
                0x08005398       0xa0 ./Drivers/STM32H7xx_HAL_Driver/Src/stm32h7xx_ll_usart.o
 .text.LL_USART_Init
                0x08005438      0x184 ./Drivers/STM32H7xx_HAL_Driver/Src/stm32h7xx_ll_usart.o
                0x08005438                LL_USART_Init
 .text.LL_InitTick
                0x080055bc       0x34 ./Drivers/STM32H7xx_HAL_Driver/Src/stm32h7xx_ll_utils.o
 .text.LL_Init1msTick
                0x080055f0       0x1a ./Drivers/STM32H7xx_HAL_Driver/Src/stm32h7xx_ll_utils.o
                0x080055f0                LL_Init1msTick
 *fill*         0x0800560a        0x2 
 .text.LL_mDelay
                0x0800560c       0x50 ./Drivers/STM32H7xx_HAL_Driver/Src/stm32h7xx_ll_utils.o
                0x0800560c                LL_mDelay
 .text.LL_SetSystemCoreClock
                0x0800565c       0x20 ./Drivers/STM32H7xx_HAL_Driver/Src/stm32h7xx_ll_utils.o
                0x0800565c                LL_SetSystemCoreClock
 .text.inv_imu_sleep_us
                0x0800567c       0x22 ./Drivers/icm45686/imu/inv_imu_driver.o
                0x0800567c                inv_imu_sleep_us
 .text.inv_imu_soft_reset
                0x0800569e       0xd6 ./Drivers/icm45686/imu/inv_imu_driver.o
                0x0800569e                inv_imu_soft_reset
 .text.inv_imu_get_who_am_i
                0x08005774       0x3e ./Drivers/icm45686/imu/inv_imu_driver.o
                0x08005774                inv_imu_get_who_am_i
 .text.inv_imu_set_accel_mode
                0x080057b2       0x64 ./Drivers/icm45686/imu/inv_imu_driver.o
                0x080057b2                inv_imu_set_accel_mode
 .text.inv_imu_set_gyro_mode
                0x08005816       0x64 ./Drivers/icm45686/imu/inv_imu_driver.o
                0x08005816                inv_imu_set_gyro_mode
 .text.inv_imu_set_accel_frequency
                0x0800587a       0x56 ./Drivers/icm45686/imu/inv_imu_driver.o
                0x0800587a                inv_imu_set_accel_frequency
 .text.inv_imu_set_gyro_frequency
                0x080058d0       0x56 ./Drivers/icm45686/imu/inv_imu_driver.o
                0x080058d0                inv_imu_set_gyro_frequency
 .text.inv_imu_set_accel_fsr
                0x08005926       0x56 ./Drivers/icm45686/imu/inv_imu_driver.o
                0x08005926                inv_imu_set_accel_fsr
 .text.inv_imu_set_gyro_fsr
                0x0800597c       0x56 ./Drivers/icm45686/imu/inv_imu_driver.o
                0x0800597c                inv_imu_set_gyro_fsr
 .text.inv_imu_get_endianness
                0x080059d2       0x42 ./Drivers/icm45686/imu/inv_imu_driver.o
                0x080059d2                inv_imu_get_endianness
 .text.inv_imu_adv_init
                0x08005a14       0x84 ./Drivers/icm45686/imu/inv_imu_driver_advanced.o
                0x08005a14                inv_imu_adv_init
 .text.inv_imu_adv_device_reset
                0x08005a98       0x58 ./Drivers/icm45686/imu/inv_imu_driver_advanced.o
                0x08005a98                inv_imu_adv_device_reset
 .text.inv_imu_adv_enable_accel_ln
                0x08005af0       0x1a ./Drivers/icm45686/imu/inv_imu_driver_advanced.o
                0x08005af0                inv_imu_adv_enable_accel_ln
 .text.inv_imu_adv_enable_gyro_ln
                0x08005b0a       0x1a ./Drivers/icm45686/imu/inv_imu_driver_advanced.o
                0x08005b0a                inv_imu_adv_enable_gyro_ln
 .text.parse_fifo_frame
                0x08005b24      0x680 ./Drivers/icm45686/imu/inv_imu_driver_advanced.o
 .text.decode_compressed_event
                0x080061a4      0xf4c ./Drivers/icm45686/imu/inv_imu_driver_advanced.o
 .text.parse_compressed_fifo_frame
                0x080070f0       0x58 ./Drivers/icm45686/imu/inv_imu_driver_advanced.o
 .text.parse_uncompressed_fifo_frame
                0x08007148      0x2ba ./Drivers/icm45686/imu/inv_imu_driver_advanced.o
 .text.inv_imu_adv_parse_fifo_data
                0x08007402       0xf2 ./Drivers/icm45686/imu/inv_imu_driver_advanced.o
                0x08007402                inv_imu_adv_parse_fifo_data
 .text.inv_imu_adv_convert_odr_bitfield_to_us
                0x080074f4       0xa8 ./Drivers/icm45686/imu/inv_imu_driver_advanced.o
                0x080074f4                inv_imu_adv_convert_odr_bitfield_to_us
 .text.inv_imu_adv_get_fifo_config
                0x0800759c      0x144 ./Drivers/icm45686/imu/inv_imu_driver_advanced.o
                0x0800759c                inv_imu_adv_get_fifo_config
 .text.inv_imu_adv_set_fifo_config
                0x080076e0      0x4cc ./Drivers/icm45686/imu/inv_imu_driver_advanced.o
                0x080076e0                inv_imu_adv_set_fifo_config
 .text.configure_serial_interface
                0x08007bac       0x86 ./Drivers/icm45686/imu/inv_imu_driver_advanced.o
 .text.init_fifo_compression
                0x08007c32       0x66 ./Drivers/icm45686/imu/inv_imu_driver_advanced.o
 .text.init_fsync_tag
                0x08007c98       0x40 ./Drivers/icm45686/imu/inv_imu_driver_advanced.o
 .text.inv_imu_read_reg
                0x08007cd8       0x42 ./Drivers/icm45686/imu/inv_imu_transport.o
                0x08007cd8                inv_imu_read_reg
 .text.inv_imu_write_reg
                0x08007d1a       0x40 ./Drivers/icm45686/imu/inv_imu_transport.o
                0x08007d1a                inv_imu_write_reg
 .text.read_dreg
                0x08007d5a       0x36 ./Drivers/icm45686/imu/inv_imu_transport.o
 .text.write_dreg
                0x08007d90       0x36 ./Drivers/icm45686/imu/inv_imu_transport.o
 .text.check_out_of_bounds_mreg
                0x08007dc6       0xa0 ./Drivers/icm45686/imu/inv_imu_transport.o
 .text.read_mreg
                0x08007e66       0xa0 ./Drivers/icm45686/imu/inv_imu_transport.o
 .text.write_mreg
                0x08007f06       0xae ./Drivers/icm45686/imu/inv_imu_transport.o
 .text.__assert_func
                0x08007fb4       0x3c C:/ST/STM32CubeIDE_2.1.1/STM32CubeIDE/plugins/com.st.stm32cube.ide.mcu.externaltools.gnu-tools-for-stm32.14.3.rel1.win32_1.0.100.202602081740/tools/bin/../lib/gcc/arm-none-eabi/14.3.1/../../../../arm-none-eabi/lib/thumb/v7e-m+dp/hard\libc_nano.a(libc_a-assert.o)
                0x08007fb4                __assert_func
 .text.std      0x08007ff0       0x6c C:/ST/STM32CubeIDE_2.1.1/STM32CubeIDE/plugins/com.st.stm32cube.ide.mcu.externaltools.gnu-tools-for-stm32.14.3.rel1.win32_1.0.100.202602081740/tools/bin/../lib/gcc/arm-none-eabi/14.3.1/../../../../arm-none-eabi/lib/thumb/v7e-m+dp/hard\libc_nano.a(libc_a-findfp.o)
 .text.stdio_exit_handler
                0x0800805c       0x18 C:/ST/STM32CubeIDE_2.1.1/STM32CubeIDE/plugins/com.st.stm32cube.ide.mcu.externaltools.gnu-tools-for-stm32.14.3.rel1.win32_1.0.100.202602081740/tools/bin/../lib/gcc/arm-none-eabi/14.3.1/../../../../arm-none-eabi/lib/thumb/v7e-m+dp/hard\libc_nano.a(libc_a-findfp.o)
 .text.cleanup_stdio
                0x08008074       0x40 C:/ST/STM32CubeIDE_2.1.1/STM32CubeIDE/plugins/com.st.stm32cube.ide.mcu.externaltools.gnu-tools-for-stm32.14.3.rel1.win32_1.0.100.202602081740/tools/bin/../lib/gcc/arm-none-eabi/14.3.1/../../../../arm-none-eabi/lib/thumb/v7e-m+dp/hard\libc_nano.a(libc_a-findfp.o)
 .text.global_stdio_init.part.0
                0x080080b4       0x40 C:/ST/STM32CubeIDE_2.1.1/STM32CubeIDE/plugins/com.st.stm32cube.ide.mcu.externaltools.gnu-tools-for-stm32.14.3.rel1.win32_1.0.100.202602081740/tools/bin/../lib/gcc/arm-none-eabi/14.3.1/../../../../arm-none-eabi/lib/thumb/v7e-m+dp/hard\libc_nano.a(libc_a-findfp.o)
 .text.__sfp_lock_acquire
                0x080080f4        0xc C:/ST/STM32CubeIDE_2.1.1/STM32CubeIDE/plugins/com.st.stm32cube.ide.mcu.externaltools.gnu-tools-for-stm32.14.3.rel1.win32_1.0.100.202602081740/tools/bin/../lib/gcc/arm-none-eabi/14.3.1/../../../../arm-none-eabi/lib/thumb/v7e-m+dp/hard\libc_nano.a(libc_a-findfp.o)
                0x080080f4                __sfp_lock_acquire
 .text.__sfp_lock_release
                0x08008100        0xc C:/ST/STM32CubeIDE_2.1.1/STM32CubeIDE/plugins/com.st.stm32cube.ide.mcu.externaltools.gnu-tools-for-stm32.14.3.rel1.win32_1.0.100.202602081740/tools/bin/../lib/gcc/arm-none-eabi/14.3.1/../../../../arm-none-eabi/lib/thumb/v7e-m+dp/hard\libc_nano.a(libc_a-findfp.o)
                0x08008100                __sfp_lock_release
 .text.__sinit  0x0800810c       0x30 C:/ST/STM32CubeIDE_2.1.1/STM32CubeIDE/plugins/com.st.stm32cube.ide.mcu.externaltools.gnu-tools-for-stm32.14.3.rel1.win32_1.0.100.202602081740/tools/bin/../lib/gcc/arm-none-eabi/14.3.1/../../../../arm-none-eabi/lib/thumb/v7e-m+dp/hard\libc_nano.a(libc_a-findfp.o)
                0x0800810c                __sinit
 .text.fprintf  0x0800813c       0x24 C:/ST/STM32CubeIDE_2.1.1/STM32CubeIDE/plugins/com.st.stm32cube.ide.mcu.externaltools.gnu-tools-for-stm32.14.3.rel1.win32_1.0.100.202602081740/tools/bin/../lib/gcc/arm-none-eabi/14.3.1/../../../../arm-none-eabi/lib/thumb/v7e-m+dp/hard\libc_nano.a(libc_a-fprintf.o)
                0x0800813c                fiprintf
                0x0800813c                fprintf
 .text._fwalk_sglue
                0x08008160       0x3c C:/ST/STM32CubeIDE_2.1.1/STM32CubeIDE/plugins/com.st.stm32cube.ide.mcu.externaltools.gnu-tools-for-stm32.14.3.rel1.win32_1.0.100.202602081740/tools/bin/../lib/gcc/arm-none-eabi/14.3.1/../../../../arm-none-eabi/lib/thumb/v7e-m+dp/hard\libc_nano.a(libc_a-fwalk.o)
                0x08008160                _fwalk_sglue
 .text.__sread  0x0800819c       0x22 C:/ST/STM32CubeIDE_2.1.1/STM32CubeIDE/plugins/com.st.stm32cube.ide.mcu.externaltools.gnu-tools-for-stm32.14.3.rel1.win32_1.0.100.202602081740/tools/bin/../lib/gcc/arm-none-eabi/14.3.1/../../../../arm-none-eabi/lib/thumb/v7e-m+dp/hard\libc_nano.a(libc_a-stdio.o)
                0x0800819c                __sread
 .text.__swrite
                0x080081be       0x38 C:/ST/STM32CubeIDE_2.1.1/STM32CubeIDE/plugins/com.st.stm32cube.ide.mcu.externaltools.gnu-tools-for-stm32.14.3.rel1.win32_1.0.100.202602081740/tools/bin/../lib/gcc/arm-none-eabi/14.3.1/../../../../arm-none-eabi/lib/thumb/v7e-m+dp/hard\libc_nano.a(libc_a-stdio.o)
                0x080081be                __swrite
 .text.__sseek  0x080081f6       0x26 C:/ST/STM32CubeIDE_2.1.1/STM32CubeIDE/plugins/com.st.stm32cube.ide.mcu.externaltools.gnu-tools-for-stm32.14.3.rel1.win32_1.0.100.202602081740/tools/bin/../lib/gcc/arm-none-eabi/14.3.1/../../../../arm-none-eabi/lib/thumb/v7e-m+dp/hard\libc_nano.a(libc_a-stdio.o)
                0x080081f6                __sseek
 .text.__sclose
                0x0800821c        0x8 C:/ST/STM32CubeIDE_2.1.1/STM32CubeIDE/plugins/com.st.stm32cube.ide.mcu.externaltools.gnu-tools-for-stm32.14.3.rel1.win32_1.0.100.202602081740/tools/bin/../lib/gcc/arm-none-eabi/14.3.1/../../../../arm-none-eabi/lib/thumb/v7e-m+dp/hard\libc_nano.a(libc_a-stdio.o)
                0x0800821c                __sclose
 .text.memset   0x08008224       0x10 C:/ST/STM32CubeIDE_2.1.1/STM32CubeIDE/plugins/com.st.stm32cube.ide.mcu.externaltools.gnu-tools-for-stm32.14.3.rel1.win32_1.0.100.202602081740/tools/bin/../lib/gcc/arm-none-eabi/14.3.1/../../../../arm-none-eabi/lib/thumb/v7e-m+dp/hard\libc_nano.a(libc_a-memset.o)
                0x08008224                memset
 .text._close_r
                0x08008234       0x20 C:/ST/STM32CubeIDE_2.1.1/STM32CubeIDE/plugins/com.st.stm32cube.ide.mcu.externaltools.gnu-tools-for-stm32.14.3.rel1.win32_1.0.100.202602081740/tools/bin/../lib/gcc/arm-none-eabi/14.3.1/../../../../arm-none-eabi/lib/thumb/v7e-m+dp/hard\libc_nano.a(libc_a-closer.o)
                0x08008234                _close_r
 .text._lseek_r
                0x08008254       0x24 C:/ST/STM32CubeIDE_2.1.1/STM32CubeIDE/plugins/com.st.stm32cube.ide.mcu.externaltools.gnu-tools-for-stm32.14.3.rel1.win32_1.0.100.202602081740/tools/bin/../lib/gcc/arm-none-eabi/14.3.1/../../../../arm-none-eabi/lib/thumb/v7e-m+dp/hard\libc_nano.a(libc_a-lseekr.o)
                0x08008254                _lseek_r
 .text._read_r  0x08008278       0x24 C:/ST/STM32CubeIDE_2.1.1/STM32CubeIDE/plugins/com.st.stm32cube.ide.mcu.externaltools.gnu-tools-for-stm32.14.3.rel1.win32_1.0.100.202602081740/tools/bin/../lib/gcc/arm-none-eabi/14.3.1/../../../../arm-none-eabi/lib/thumb/v7e-m+dp/hard\libc_nano.a(libc_a-readr.o)
                0x08008278                _read_r
 .text._write_r
                0x0800829c       0x24 C:/ST/STM32CubeIDE_2.1.1/STM32CubeIDE/plugins/com.st.stm32cube.ide.mcu.externaltools.gnu-tools-for-stm32.14.3.rel1.win32_1.0.100.202602081740/tools/bin/../lib/gcc/arm-none-eabi/14.3.1/../../../../arm-none-eabi/lib/thumb/v7e-m+dp/hard\libc_nano.a(libc_a-writer.o)
                0x0800829c                _write_r
 .text.__errno  0x080082c0        0xc C:/ST/STM32CubeIDE_2.1.1/STM32CubeIDE/plugins/com.st.stm32cube.ide.mcu.externaltools.gnu-tools-for-stm32.14.3.rel1.win32_1.0.100.202602081740/tools/bin/../lib/gcc/arm-none-eabi/14.3.1/../../../../arm-none-eabi/lib/thumb/v7e-m+dp/hard\libc_nano.a(libc_a-errno.o)
                0x080082c0                __errno
 .text.__libc_init_array
                0x080082cc       0x48 C:/ST/STM32CubeIDE_2.1.1/STM32CubeIDE/plugins/com.st.stm32cube.ide.mcu.externaltools.gnu-tools-for-stm32.14.3.rel1.win32_1.0.100.202602081740/tools/bin/../lib/gcc/arm-none-eabi/14.3.1/../../../../arm-none-eabi/lib/thumb/v7e-m+dp/hard\libc_nano.a(libc_a-init.o)
                0x080082cc                __libc_init_array
 .text.__retarget_lock_init_recursive
                0x08008314        0x2 C:/ST/STM32CubeIDE_2.1.1/STM32CubeIDE/plugins/com.st.stm32cube.ide.mcu.externaltools.gnu-tools-for-stm32.14.3.rel1.win32_1.0.100.202602081740/tools/bin/../lib/gcc/arm-none-eabi/14.3.1/../../../../arm-none-eabi/lib/thumb/v7e-m+dp/hard\libc_nano.a(libc_a-lock.o)
                0x08008314                __retarget_lock_init_recursive
 .text.__retarget_lock_acquire_recursive
                0x08008316        0x2 C:/ST/STM32CubeIDE_2.1.1/STM32CubeIDE/plugins/com.st.stm32cube.ide.mcu.externaltools.gnu-tools-for-stm32.14.3.rel1.win32_1.0.100.202602081740/tools/bin/../lib/gcc/arm-none-eabi/14.3.1/../../../../arm-none-eabi/lib/thumb/v7e-m+dp/hard\libc_nano.a(libc_a-lock.o)
                0x08008316                __retarget_lock_acquire_recursive
 .text.__retarget_lock_release_recursive
                0x08008318        0x2 C:/ST/STM32CubeIDE_2.1.1/STM32CubeIDE/plugins/com.st.stm32cube.ide.mcu.externaltools.gnu-tools-for-stm32.14.3.rel1.win32_1.0.100.202602081740/tools/bin/../lib/gcc/arm-none-eabi/14.3.1/../../../../arm-none-eabi/lib/thumb/v7e-m+dp/hard\libc_nano.a(libc_a-lock.o)
                0x08008318                __retarget_lock_release_recursive
 .text.memcpy   0x0800831a       0x1c C:/ST/STM32CubeIDE_2.1.1/STM32CubeIDE/plugins/com.st.stm32cube.ide.mcu.externaltools.gnu-tools-for-stm32.14.3.rel1.win32_1.0.100.202602081740/tools/bin/../lib/gcc/arm-none-eabi/14.3.1/../../../../arm-none-eabi/lib/thumb/v7e-m+dp/hard\libc_nano.a(libc_a-memcpy-stub.o)
                0x0800831a                memcpy
 .text.abort    0x08008336        0xe C:/ST/STM32CubeIDE_2.1.1/STM32CubeIDE/plugins/com.st.stm32cube.ide.mcu.externaltools.gnu-tools-for-stm32.14.3.rel1.win32_1.0.100.202602081740/tools/bin/../lib/gcc/arm-none-eabi/14.3.1/../../../../arm-none-eabi/lib/thumb/v7e-m+dp/hard\libc_nano.a(libc_a-abort.o)
                0x08008336                abort
 .text._free_r  0x08008344       0x94 C:/ST/STM32CubeIDE_2.1.1/STM32CubeIDE/plugins/com.st.stm32cube.ide.mcu.externaltools.gnu-tools-for-stm32.14.3.rel1.win32_1.0.100.202602081740/tools/bin/../lib/gcc/arm-none-eabi/14.3.1/../../../../arm-none-eabi/lib/thumb/v7e-m+dp/hard\libc_nano.a(libc_a-freer.o)
                0x08008344                _free_r
 .text.sbrk_aligned
                0x080083d8       0x44 C:/ST/STM32CubeIDE_2.1.1/STM32CubeIDE/plugins/com.st.stm32cube.ide.mcu.externaltools.gnu-tools-for-stm32.14.3.rel1.win32_1.0.100.202602081740/tools/bin/../lib/gcc/arm-none-eabi/14.3.1/../../../../arm-none-eabi/lib/thumb/v7e-m+dp/hard\libc_nano.a(libc_a-mallocr.o)
 .text._malloc_r
                0x0800841c      0x100 C:/ST/STM32CubeIDE_2.1.1/STM32CubeIDE/plugins/com.st.stm32cube.ide.mcu.externaltools.gnu-tools-for-stm32.14.3.rel1.win32_1.0.100.202602081740/tools/bin/../lib/gcc/arm-none-eabi/14.3.1/../../../../arm-none-eabi/lib/thumb/v7e-m+dp/hard\libc_nano.a(libc_a-mallocr.o)
                0x0800841c                _malloc_r
 .text.__malloc_lock
                0x0800851c        0xc C:/ST/STM32CubeIDE_2.1.1/STM32CubeIDE/plugins/com.st.stm32cube.ide.mcu.externaltools.gnu-tools-for-stm32.14.3.rel1.win32_1.0.100.202602081740/tools/bin/../lib/gcc/arm-none-eabi/14.3.1/../../../../arm-none-eabi/lib/thumb/v7e-m+dp/hard\libc_nano.a(libc_a-mlock.o)
                0x0800851c                __malloc_lock
 .text.__malloc_unlock
                0x08008528        0xc C:/ST/STM32CubeIDE_2.1.1/STM32CubeIDE/plugins/com.st.stm32cube.ide.mcu.externaltools.gnu-tools-for-stm32.14.3.rel1.win32_1.0.100.202602081740/tools/bin/../lib/gcc/arm-none-eabi/14.3.1/../../../../arm-none-eabi/lib/thumb/v7e-m+dp/hard\libc_nano.a(libc_a-mlock.o)
                0x08008528                __malloc_unlock
 .text.__sfputc_r
                0x08008534       0x2e C:/ST/STM32CubeIDE_2.1.1/STM32CubeIDE/plugins/com.st.stm32cube.ide.mcu.externaltools.gnu-tools-for-stm32.14.3.rel1.win32_1.0.100.202602081740/tools/bin/../lib/gcc/arm-none-eabi/14.3.1/../../../../arm-none-eabi/lib/thumb/v7e-m+dp/hard\libc_nano.a(libc_a-nano-vfprintf.o)
 .text.__sfputs_r
                0x08008562       0x24 C:/ST/STM32CubeIDE_2.1.1/STM32CubeIDE/plugins/com.st.stm32cube.ide.mcu.externaltools.gnu-tools-for-stm32.14.3.rel1.win32_1.0.100.202602081740/tools/bin/../lib/gcc/arm-none-eabi/14.3.1/../../../../arm-none-eabi/lib/thumb/v7e-m+dp/hard\libc_nano.a(libc_a-nano-vfprintf.o)
                0x08008562                __sfputs_r
 *fill*         0x08008586        0x2 
 .text._vfprintf_r
                0x08008588      0x228 C:/ST/STM32CubeIDE_2.1.1/STM32CubeIDE/plugins/com.st.stm32cube.ide.mcu.externaltools.gnu-tools-for-stm32.14.3.rel1.win32_1.0.100.202602081740/tools/bin/../lib/gcc/arm-none-eabi/14.3.1/../../../../arm-none-eabi/lib/thumb/v7e-m+dp/hard\libc_nano.a(libc_a-nano-vfprintf.o)
                0x08008588                _vfprintf_r
                0x08008588                _vfiprintf_r
 .text._printf_common
                0x080087b0       0xda C:/ST/STM32CubeIDE_2.1.1/STM32CubeIDE/plugins/com.st.stm32cube.ide.mcu.externaltools.gnu-tools-for-stm32.14.3.rel1.win32_1.0.100.202602081740/tools/bin/../lib/gcc/arm-none-eabi/14.3.1/../../../../arm-none-eabi/lib/thumb/v7e-m+dp/hard\libc_nano.a(libc_a-nano-vfprintf_i.o)
                0x080087b0                _printf_common
 *fill*         0x0800888a        0x2 
 .text._printf_i
                0x0800888c      0x24c C:/ST/STM32CubeIDE_2.1.1/STM32CubeIDE/plugins/com.st.stm32cube.ide.mcu.externaltools.gnu-tools-for-stm32.14.3.rel1.win32_1.0.100.202602081740/tools/bin/../lib/gcc/arm-none-eabi/14.3.1/../../../../arm-none-eabi/lib/thumb/v7e-m+dp/hard\libc_nano.a(libc_a-nano-vfprintf_i.o)
                0x0800888c                _printf_i
 .text.__sflush_r
                0x08008ad8      0x104 C:/ST/STM32CubeIDE_2.1.1/STM32CubeIDE/plugins/com.st.stm32cube.ide.mcu.externaltools.gnu-tools-for-stm32.14.3.rel1.win32_1.0.100.202602081740/tools/bin/../lib/gcc/arm-none-eabi/14.3.1/../../../../arm-none-eabi/lib/thumb/v7e-m+dp/hard\libc_nano.a(libc_a-fflush.o)
                0x08008ad8                __sflush_r
 .text._fflush_r
                0x08008bdc       0x50 C:/ST/STM32CubeIDE_2.1.1/STM32CubeIDE/plugins/com.st.stm32cube.ide.mcu.externaltools.gnu-tools-for-stm32.14.3.rel1.win32_1.0.100.202602081740/tools/bin/../lib/gcc/arm-none-eabi/14.3.1/../../../../arm-none-eabi/lib/thumb/v7e-m+dp/hard\libc_nano.a(libc_a-fflush.o)
                0x08008bdc                _fflush_r
 .text.__swbuf_r
                0x08008c2c       0x7c C:/ST/STM32CubeIDE_2.1.1/STM32CubeIDE/plugins/com.st.stm32cube.ide.mcu.externaltools.gnu-tools-for-stm32.14.3.rel1.win32_1.0.100.202602081740/tools/bin/../lib/gcc/arm-none-eabi/14.3.1/../../../../arm-none-eabi/lib/thumb/v7e-m+dp/hard\libc_nano.a(libc_a-wbuf.o)
                0x08008c2c                __swbuf_r
 .text.__swsetup_r
                0x08008ca8       0xa8 C:/ST/STM32CubeIDE_2.1.1/STM32CubeIDE/plugins/com.st.stm32cube.ide.mcu.externaltools.gnu-tools-for-stm32.14.3.rel1.win32_1.0.100.202602081740/tools/bin/../lib/gcc/arm-none-eabi/14.3.1/../../../../arm-none-eabi/lib/thumb/v7e-m+dp/hard\libc_nano.a(libc_a-wsetup.o)
                0x08008ca8                __swsetup_r
 .text._raise_r
                0x08008d50       0x50 C:/ST/STM32CubeIDE_2.1.1/STM32CubeIDE/plugins/com.st.stm32cube.ide.mcu.externaltools.gnu-tools-for-stm32.14.3.rel1.win32_1.0.100.202602081740/tools/bin/../lib/gcc/arm-none-eabi/14.3.1/../../../../arm-none-eabi/lib/thumb/v7e-m+dp/hard\libc_nano.a(libc_a-signal.o)
                0x08008d50                _raise_r
 .text.raise    0x08008da0       0x10 C:/ST/STM32CubeIDE_2.1.1/STM32CubeIDE/plugins/com.st.stm32cube.ide.mcu.externaltools.gnu-tools-for-stm32.14.3.rel1.win32_1.0.100.202602081740/tools/bin/../lib/gcc/arm-none-eabi/14.3.1/../../../../arm-none-eabi/lib/thumb/v7e-m+dp/hard\libc_nano.a(libc_a-signal.o)
                0x08008da0                raise
 .text._kill_r  0x08008db0       0x24 C:/ST/STM32CubeIDE_2.1.1/STM32CubeIDE/plugins/com.st.stm32cube.ide.mcu.externaltools.gnu-tools-for-stm32.14.3.rel1.win32_1.0.100.202602081740/tools/bin/../lib/gcc/arm-none-eabi/14.3.1/../../../../arm-none-eabi/lib/thumb/v7e-m+dp/hard\libc_nano.a(libc_a-signalr.o)
                0x08008db0                _kill_r
 .text._getpid_r
                0x08008dd4        0x4 C:/ST/STM32CubeIDE_2.1.1/STM32CubeIDE/plugins/com.st.stm32cube.ide.mcu.externaltools.gnu-tools-for-stm32.14.3.rel1.win32_1.0.100.202602081740/tools/bin/../lib/gcc/arm-none-eabi/14.3.1/../../../../arm-none-eabi/lib/thumb/v7e-m+dp/hard\libc_nano.a(libc_a-signalr.o)
                0x08008dd4                _getpid_r
 .text._sbrk_r  0x08008dd8       0x20 C:/ST/STM32CubeIDE_2.1.1/STM32CubeIDE/plugins/com.st.stm32cube.ide.mcu.externaltools.gnu-tools-for-stm32.14.3.rel1.win32_1.0.100.202602081740/tools/bin/../lib/gcc/arm-none-eabi/14.3.1/../../../../arm-none-eabi/lib/thumb/v7e-m+dp/hard\libc_nano.a(libc_a-sbrkr.o)
                0x08008dd8                _sbrk_r
 .text.__swhatbuf_r
                0x08008df8       0x48 C:/ST/STM32CubeIDE_2.1.1/STM32CubeIDE/plugins/com.st.stm32cube.ide.mcu.externaltools.gnu-tools-for-stm32.14.3.rel1.win32_1.0.100.202602081740/tools/bin/../lib/gcc/arm-none-eabi/14.3.1/../../../../arm-none-eabi/lib/thumb/v7e-m+dp/hard\libc_nano.a(libc_a-makebuf.o)
                0x08008df8                __swhatbuf_r
 .text.__smakebuf_r
                0x08008e40       0x72 C:/ST/STM32CubeIDE_2.1.1/STM32CubeIDE/plugins/com.st.stm32cube.ide.mcu.externaltools.gnu-tools-for-stm32.14.3.rel1.win32_1.0.100.202602081740/tools/bin/../lib/gcc/arm-none-eabi/14.3.1/../../../../arm-none-eabi/lib/thumb/v7e-m+dp/hard\libc_nano.a(libc_a-makebuf.o)
                0x08008e40                __smakebuf_r
 *fill*         0x08008eb2        0x2 
 .text._fstat_r
                0x08008eb4       0x24 C:/ST/STM32CubeIDE_2.1.1/STM32CubeIDE/plugins/com.st.stm32cube.ide.mcu.externaltools.gnu-tools-for-stm32.14.3.rel1.win32_1.0.100.202602081740/tools/bin/../lib/gcc/arm-none-eabi/14.3.1/../../../../arm-none-eabi/lib/thumb/v7e-m+dp/hard\libc_nano.a(libc_a-fstatr.o)
                0x08008eb4                _fstat_r
 .text._isatty_r
                0x08008ed8       0x20 C:/ST/STM32CubeIDE_2.1.1/STM32CubeIDE/plugins/com.st.stm32cube.ide.mcu.externaltools.gnu-tools-for-stm32.14.3.rel1.win32_1.0.100.202602081740/tools/bin/../lib/gcc/arm-none-eabi/14.3.1/../../../../arm-none-eabi/lib/thumb/v7e-m+dp/hard\libc_nano.a(libc_a-isattyr.o)
                0x08008ed8                _isatty_r
 *(.glue_7)
 .glue_7        0x08008ef8        0x0 linker stubs
 *(.glue_7t)
 .glue_7t       0x08008ef8        0x0 linker stubs
 *(.eh_frame)
 .eh_frame      0x08008ef8        0x0 C:/ST/STM32CubeIDE_2.1.1/STM32CubeIDE/plugins/com.st.stm32cube.ide.mcu.externaltools.gnu-tools-for-stm32.14.3.rel1.win32_1.0.100.202602081740/tools/bin/../lib/gcc/arm-none-eabi/14.3.1/thumb/v7e-m+dp/hard/crtbegin.o
 *(.init)
 .init          0x08008ef8        0x4 C:/ST/STM32CubeIDE_2.1.1/STM32CubeIDE/plugins/com.st.stm32cube.ide.mcu.externaltools.gnu-tools-for-stm32.14.3.rel1.win32_1.0.100.202602081740/tools/bin/../lib/gcc/arm-none-eabi/14.3.1/thumb/v7e-m+dp/hard/crti.o
                0x08008ef8                _init
 .init          0x08008efc        0x8 C:/ST/STM32CubeIDE_2.1.1/STM32CubeIDE/plugins/com.st.stm32cube.ide.mcu.externaltools.gnu-tools-for-stm32.14.3.rel1.win32_1.0.100.202602081740/tools/bin/../lib/gcc/arm-none-eabi/14.3.1/thumb/v7e-m+dp/hard/crtn.o
 *(.fini)
 .fini          0x08008f04        0x4 C:/ST/STM32CubeIDE_2.1.1/STM32CubeIDE/plugins/com.st.stm32cube.ide.mcu.externaltools.gnu-tools-for-stm32.14.3.rel1.win32_1.0.100.202602081740/tools/bin/../lib/gcc/arm-none-eabi/14.3.1/thumb/v7e-m+dp/hard/crti.o
                0x08008f04                _fini
 .fini          0x08008f08        0x8 C:/ST/STM32CubeIDE_2.1.1/STM32CubeIDE/plugins/com.st.stm32cube.ide.mcu.externaltools.gnu-tools-for-stm32.14.3.rel1.win32_1.0.100.202602081740/tools/bin/../lib/gcc/arm-none-eabi/14.3.1/thumb/v7e-m+dp/hard/crtn.o
                0x08008f10                        . = ALIGN (0x4)
                0x08008f10                        _etext = .

.vfp11_veneer   0x08008f10        0x0
 .vfp11_veneer  0x08008f10        0x0 linker stubs

.v4_bx          0x08008f10        0x0
 .v4_bx         0x08008f10        0x0 linker stubs

.iplt           0x08008f10        0x0
 .iplt          0x08008f10        0x0 C:/ST/STM32CubeIDE_2.1.1/STM32CubeIDE/plugins/com.st.stm32cube.ide.mcu.externaltools.gnu-tools-for-stm32.14.3.rel1.win32_1.0.100.202602081740/tools/bin/../lib/gcc/arm-none-eabi/14.3.1/thumb/v7e-m+dp/hard/crtbegin.o

.rodata         0x08008f10    0x88db4
                0x08008f10                        . = ALIGN (0x4)
 *(.rodata)
 .rodata        0x08008f10       0x57 ./Core/Src/imu_calib_flash.o
 *(.rodata*)
 *fill*         0x08008f67        0x1 
 .rodata.__func__.3
                0x08008f68       0x11 ./Core/Src/imu_calib_flash.o
 *fill*         0x08008f79        0x3 
 .rodata.__func__.2
                0x08008f7c       0x12 ./Core/Src/imu_calib_flash.o
 *fill*         0x08008f8e        0x2 
 .rodata.__func__.1
                0x08008f90       0x11 ./Core/Src/imu_calib_flash.o
 *fill*         0x08008fa1        0x3 
 .rodata.__func__.0
                0x08008fa4       0x12 ./Core/Src/imu_calib_flash.o
 *fill*         0x08008fb6        0x2 
 .rodata.g_temp_nodes
                0x08008fb8       0x90 ./Core/Src/imu_calib_tables.o
                0x08008fb8                g_temp_nodes
 .rodata.g_rate_nodes
                0x08009048       0x84 ./Core/Src/imu_calib_tables.o
                0x08009048                g_rate_nodes
 .rodata.g_imu_calib_flash
                0x080090cc    0x88b00 ./Core/Src/imu_calib_tables.o
                0x080090cc                g_imu_calib_flash
 .rodata.LL_DMA_STR_OFFSET_TAB
                0x08091bcc        0x8 ./Core/Src/main_6imu.o
 .rodata.cs_table
                0x08091bd4       0x30 ./Core/Src/spi6_imu_port.o
 .rodata.imu_idx
                0x08091c04        0x6 ./Core/Src/spi6_imu_port.o
 *fill*         0x08091c0a        0x2 
 .rodata.LL_DMA_STR_OFFSET_TAB
                0x08091c0c        0x8 ./Core/Src/stm32h7xx_it_6imu.o
 .rodata.LL_RCC_PrescTable
                0x08091c14       0x10 ./Drivers/STM32H7xx_HAL_Driver/Src/stm32h7xx_ll_rcc.o
                0x08091c14                LL_RCC_PrescTable
 .rodata.USART_PRESCALER_TAB
                0x08091c24       0x30 ./Drivers/STM32H7xx_HAL_Driver/Src/stm32h7xx_ll_usart.o
 .rodata.__assert_func.str1.1
                0x08091c54       0x6f C:/ST/STM32CubeIDE_2.1.1/STM32CubeIDE/plugins/com.st.stm32cube.ide.mcu.externaltools.gnu-tools-for-stm32.14.3.rel1.win32_1.0.100.202602081740/tools/bin/../lib/gcc/arm-none-eabi/14.3.1/../../../../arm-none-eabi/lib/thumb/v7e-m+dp/hard\libc_nano.a(libc_a-assert.o)
                                 0x3d (size before relaxing)
 .rodata._vfprintf_r.str1.1
                0x08091cc3       0x11 C:/ST/STM32CubeIDE_2.1.1/STM32CubeIDE/plugins/com.st.stm32cube.ide.mcu.externaltools.gnu-tools-for-stm32.14.3.rel1.win32_1.0.100.202602081740/tools/bin/../lib/gcc/arm-none-eabi/14.3.1/../../../../arm-none-eabi/lib/thumb/v7e-m+dp/hard\libc_nano.a(libc_a-nano-vfprintf.o)
 .rodata._printf_i.str1.1
                0x08091cc3       0x22 C:/ST/STM32CubeIDE_2.1.1/STM32CubeIDE/plugins/com.st.stm32cube.ide.mcu.externaltools.gnu-tools-for-stm32.14.3.rel1.win32_1.0.100.202602081740/tools/bin/../lib/gcc/arm-none-eabi/14.3.1/../../../../arm-none-eabi/lib/thumb/v7e-m+dp/hard\libc_nano.a(libc_a-nano-vfprintf_i.o)
                0x08091ce8                        . = ALIGN (0x4)
 *fill*         0x08091cc3        0x1 

.ARM.extab
 *(.ARM.extab* .gnu.linkonce.armextab.*)

.ARM            0x08091cc4        0x8
                0x08091cc4                        __exidx_start = .
 *(.ARM.exidx*)
 .ARM.exidx     0x08091cc4        0x8 C:/ST/STM32CubeIDE_2.1.1/STM32CubeIDE/plugins/com.st.stm32cube.ide.mcu.externaltools.gnu-tools-for-stm32.14.3.rel1.win32_1.0.100.202602081740/tools/bin/../lib/gcc/arm-none-eabi/14.3.1/../../../../arm-none-eabi/lib/thumb/v7e-m+dp/hard\libc_nano.a(libc_a-memchr.o)
                0x08091ccc                        __exidx_end = .

.preinit_array  0x08091ccc        0x0
                0x08091ccc                        PROVIDE (__preinit_array_start = .)
 *(.preinit_array*)
                0x08091ccc                        PROVIDE (__preinit_array_end = .)

.init_array     0x08091ccc        0x4
                0x08091ccc                        PROVIDE (__init_array_start = .)
 *(SORT_BY_NAME(.init_array.*))
 *(.init_array*)
 .init_array    0x08091ccc        0x4 C:/ST/STM32CubeIDE_2.1.1/STM32CubeIDE/plugins/com.st.stm32cube.ide.mcu.externaltools.gnu-tools-for-stm32.14.3.rel1.win32_1.0.100.202602081740/tools/bin/../lib/gcc/arm-none-eabi/14.3.1/thumb/v7e-m+dp/hard/crtbegin.o
                0x08091cd0                        PROVIDE (__init_array_end = .)

.fini_array     0x08091cd0        0x4
                [!provide]                        PROVIDE (__fini_array_start = .)
 *(SORT_BY_NAME(.fini_array.*))
 *(.fini_array*)
 .fini_array    0x08091cd0        0x4 C:/ST/STM32CubeIDE_2.1.1/STM32CubeIDE/plugins/com.st.stm32cube.ide.mcu.externaltools.gnu-tools-for-stm32.14.3.rel1.win32_1.0.100.202602081740/tools/bin/../lib/gcc/arm-none-eabi/14.3.1/thumb/v7e-m+dp/hard/crtbegin.o
                [!provide]                        PROVIDE (__fini_array_end = .)
                0x08091cd4                        _sidata = LOADADDR (.data)

.rel.dyn        0x08091cd4        0x0
 .rel.iplt      0x08091cd4        0x0 C:/ST/STM32CubeIDE_2.1.1/STM32CubeIDE/plugins/com.st.stm32cube.ide.mcu.externaltools.gnu-tools-for-stm32.14.3.rel1.win32_1.0.100.202602081740/tools/bin/../lib/gcc/arm-none-eabi/14.3.1/thumb/v7e-m+dp/hard/crtbegin.o

.data           0x24000000       0x60 load address 0x08091cd4
                0x24000000                        . = ALIGN (0x4)
                0x24000000                        _sdata = .
 *(.data)
 *(.data*)
 .data.SystemCoreClock
                0x24000000        0x4 ./Core/Src/system_stm32h7xx.o
                0x24000000                SystemCoreClock
 .data.__sglue  0x24000004        0xc C:/ST/STM32CubeIDE_2.1.1/STM32CubeIDE/plugins/com.st.stm32cube.ide.mcu.externaltools.gnu-tools-for-stm32.14.3.rel1.win32_1.0.100.202602081740/tools/bin/../lib/gcc/arm-none-eabi/14.3.1/../../../../arm-none-eabi/lib/thumb/v7e-m+dp/hard\libc_nano.a(libc_a-findfp.o)
                0x24000004                __sglue
 .data._impure_ptr
                0x24000010        0x4 C:/ST/STM32CubeIDE_2.1.1/STM32CubeIDE/plugins/com.st.stm32cube.ide.mcu.externaltools.gnu-tools-for-stm32.14.3.rel1.win32_1.0.100.202602081740/tools/bin/../lib/gcc/arm-none-eabi/14.3.1/../../../../arm-none-eabi/lib/thumb/v7e-m+dp/hard\libc_nano.a(libc_a-impure.o)
                0x24000010                _impure_ptr
 .data._impure_data
                0x24000014       0x4c C:/ST/STM32CubeIDE_2.1.1/STM32CubeIDE/plugins/com.st.stm32cube.ide.mcu.externaltools.gnu-tools-for-stm32.14.3.rel1.win32_1.0.100.202602081740/tools/bin/../lib/gcc/arm-none-eabi/14.3.1/../../../../arm-none-eabi/lib/thumb/v7e-m+dp/hard\libc_nano.a(libc_a-impure.o)
                0x24000014                _impure_data
 *(.RamFunc)
 *(.RamFunc*)
                0x24000060                        . = ALIGN (0x4)
                0x24000060                        _edata = .

.igot.plt       0x24000060        0x0 load address 0x08091d34
 .igot.plt      0x24000060        0x0 C:/ST/STM32CubeIDE_2.1.1/STM32CubeIDE/plugins/com.st.stm32cube.ide.mcu.externaltools.gnu-tools-for-stm32.14.3.rel1.win32_1.0.100.202602081740/tools/bin/../lib/gcc/arm-none-eabi/14.3.1/thumb/v7e-m+dp/hard/crtbegin.o
                0x24000060                        . = ALIGN (0x4)

.bss            0x24000060     0xa5ac load address 0x08091d34
                0x24000060                        _sbss = .
                0x24000060                        __bss_start__ = _sbss
 *(.bss)
 .bss           0x24000060       0x1c C:/ST/STM32CubeIDE_2.1.1/STM32CubeIDE/plugins/com.st.stm32cube.ide.mcu.externaltools.gnu-tools-for-stm32.14.3.rel1.win32_1.0.100.202602081740/tools/bin/../lib/gcc/arm-none-eabi/14.3.1/thumb/v7e-m+dp/hard/crtbegin.o
 *(.bss*)
 .bss.tx_buf    0x2400007c     0x2400 ./Core/Src/main_6imu.o
 .bss.tx_len    0x2400247c      0x200 ./Core/Src/main_6imu.o
 .bss.tx_head   0x2400267c        0x4 ./Core/Src/main_6imu.o
                0x2400267c                tx_head
 .bss.tx_tail   0x24002680        0x4 ./Core/Src/main_6imu.o
                0x24002680                tx_tail
 .bss.uart_tx_busy
                0x24002684        0x1 ./Core/Src/main_6imu.o
                0x24002684                uart_tx_busy
 *fill*         0x24002685        0x3 
 .bss.imu_buf   0x24002688     0x7800 ./Core/Src/main_6imu.o
 .bss.imu_head  0x24009e88       0x18 ./Core/Src/main_6imu.o
 .bss.imu_tail  0x24009ea0       0x18 ./Core/Src/main_6imu.o
 .bss.imu_sample_cnt
                0x24009eb8       0x18 ./Core/Src/main_6imu.o
 .bss.imu_dev   0x24009ed0      0x1b0 ./Core/Src/main_6imu.o
 .bss.cb_current_imu
                0x2400a080        0x1 ./Core/Src/main_6imu.o
                0x2400a080                cb_current_imu
 .bss.g_device_mode
                0x2400a081        0x1 ./Core/Src/main_6imu.o
                0x2400a081                g_device_mode
 *fill*         0x2400a082        0x2 
 .bss.dma_start_cnt
                0x2400a084        0x4 ./Core/Src/main_6imu.o
                0x2400a084                dma_start_cnt
 .bss.dma_tc_cnt
                0x2400a088        0x4 ./Core/Src/main_6imu.o
                0x2400a088                dma_tc_cnt
 .bss.dma_state
                0x2400a08c        0x1 ./Core/Src/spi6_imu_port.o
 *fill*         0x2400a08d        0x3 
 .bss.cur_xfer  0x2400a090       0x18 ./Core/Src/spi6_imu_port.o
 .bss.poll_done_flag
                0x2400a0a8        0x6 ./Core/Src/spi6_imu_port.o
 *fill*         0x2400a0ae        0x2 
 .bss.g_imu_dev
                0x2400a0b0        0x4 ./Core/Src/spi6_imu_port.o
 .bss.xfer_queue
                0x2400a0b4      0x300 ./Core/Src/spi6_imu_port.o
 .bss.xq_head   0x2400a3b4        0x4 ./Core/Src/spi6_imu_port.o
 .bss.xq_tail   0x2400a3b8        0x4 ./Core/Src/spi6_imu_port.o
 .bss.tx_fifo_data.0
                0x2400a3bc      0x100 ./Core/Src/spi6_imu_port.o
 .bss.__sbrk_heap_end
                0x2400a4bc        0x4 ./Core/Src/sysmem.o
 .bss.__sf      0x2400a4c0      0x138 C:/ST/STM32CubeIDE_2.1.1/STM32CubeIDE/plugins/com.st.stm32cube.ide.mcu.externaltools.gnu-tools-for-stm32.14.3.rel1.win32_1.0.100.202602081740/tools/bin/../lib/gcc/arm-none-eabi/14.3.1/../../../../arm-none-eabi/lib/thumb/v7e-m+dp/hard\libc_nano.a(libc_a-findfp.o)
                0x2400a4c0                __sf
 .bss.__stdio_exit_handler
                0x2400a5f8        0x4 C:/ST/STM32CubeIDE_2.1.1/STM32CubeIDE/plugins/com.st.stm32cube.ide.mcu.externaltools.gnu-tools-for-stm32.14.3.rel1.win32_1.0.100.202602081740/tools/bin/../lib/gcc/arm-none-eabi/14.3.1/../../../../arm-none-eabi/lib/thumb/v7e-m+dp/hard\libc_nano.a(libc_a-findfp.o)
                0x2400a5f8                __stdio_exit_handler
 .bss.errno     0x2400a5fc        0x4 C:/ST/STM32CubeIDE_2.1.1/STM32CubeIDE/plugins/com.st.stm32cube.ide.mcu.externaltools.gnu-tools-for-stm32.14.3.rel1.win32_1.0.100.202602081740/tools/bin/../lib/gcc/arm-none-eabi/14.3.1/../../../../arm-none-eabi/lib/thumb/v7e-m+dp/hard\libc_nano.a(libc_a-reent.o)
                0x2400a5fc                errno
 .bss.__lock___malloc_recursive_mutex
                0x2400a600        0x1 C:/ST/STM32CubeIDE_2.1.1/STM32CubeIDE/plugins/com.st.stm32cube.ide.mcu.externaltools.gnu-tools-for-stm32.14.3.rel1.win32_1.0.100.202602081740/tools/bin/../lib/gcc/arm-none-eabi/14.3.1/../../../../arm-none-eabi/lib/thumb/v7e-m+dp/hard\libc_nano.a(libc_a-lock.o)
                0x2400a600                __lock___malloc_recursive_mutex
 .bss.__lock___sfp_recursive_mutex
                0x2400a601        0x1 C:/ST/STM32CubeIDE_2.1.1/STM32CubeIDE/plugins/com.st.stm32cube.ide.mcu.externaltools.gnu-tools-for-stm32.14.3.rel1.win32_1.0.100.202602081740/tools/bin/../lib/gcc/arm-none-eabi/14.3.1/../../../../arm-none-eabi/lib/thumb/v7e-m+dp/hard\libc_nano.a(libc_a-lock.o)
                0x2400a601                __lock___sfp_recursive_mutex
 *fill*         0x2400a602        0x2 
 .bss.__malloc_sbrk_start
                0x2400a604        0x4 C:/ST/STM32CubeIDE_2.1.1/STM32CubeIDE/plugins/com.st.stm32cube.ide.mcu.externaltools.gnu-tools-for-stm32.14.3.rel1.win32_1.0.100.202602081740/tools/bin/../lib/gcc/arm-none-eabi/14.3.1/../../../../arm-none-eabi/lib/thumb/v7e-m+dp/hard\libc_nano.a(libc_a-mallocr.o)
                0x2400a604                __malloc_sbrk_start
 .bss.__malloc_free_list
                0x2400a608        0x4 C:/ST/STM32CubeIDE_2.1.1/STM32CubeIDE/plugins/com.st.stm32cube.ide.mcu.externaltools.gnu-tools-for-stm32.14.3.rel1.win32_1.0.100.202602081740/tools/bin/../lib/gcc/arm-none-eabi/14.3.1/../../../../arm-none-eabi/lib/thumb/v7e-m+dp/hard\libc_nano.a(libc_a-mallocr.o)
                0x2400a608                __malloc_free_list
 *(COMMON)
                0x2400a60c                        . = ALIGN (0x4)
                0x2400a60c                        _ebss = .
                0x2400a60c                        __bss_end__ = _ebss

._user_heap_stack
                0x2400a60c      0x604 load address 0x08091d34
                0x2400a610                        . = ALIGN (0x8)
 *fill*         0x2400a60c        0x4 
                [!provide]                        PROVIDE (end = .)
                0x2400a610                        PROVIDE (_end = .)
                0x2400a810                        . = (. + _Min_Heap_Size)
 *fill*         0x2400a610      0x200 
                0x2400ac10                        . = (. + _Min_Stack_Size)
 *fill*         0x2400a810      0x400 
                0x2400ac10                        . = ALIGN (0x8)

.sram4          0x38000000      0x200
                0x38000000                        . = ALIGN (0x4)
                0x38000000                        _ssram4 = .
 *(.sram4)
 .sram4         0x38000000      0x200 ./Core/Src/spi6_imu_port.o
 *(.sram4*)
                0x38000200                        . = ALIGN (0x4)
                0x38000200                        _esram4 = .

/DISCARD/
 libc.a(*)
 libm.a(*)
 libgcc.a(*)

.ARM.attributes
                0x00000000       0x2e
 *(.ARM.attributes)
 .ARM.attributes
                0x00000000       0x20 C:/ST/STM32CubeIDE_2.1.1/STM32CubeIDE/plugins/com.st.stm32cube.ide.mcu.externaltools.gnu-tools-for-stm32.14.3.rel1.win32_1.0.100.202602081740/tools/bin/../lib/gcc/arm-none-eabi/14.3.1/thumb/v7e-m+dp/hard/crti.o
 .ARM.attributes
                0x00000020       0x32 C:/ST/STM32CubeIDE_2.1.1/STM32CubeIDE/plugins/com.st.stm32cube.ide.mcu.externaltools.gnu-tools-for-stm32.14.3.rel1.win32_1.0.100.202602081740/tools/bin/../lib/gcc/arm-none-eabi/14.3.1/thumb/v7e-m+dp/hard/crtbegin.o
 .ARM.attributes
                0x00000052       0x32 ./Core/Src/imu_calib_flash.o
 .ARM.attributes
                0x00000084       0x32 ./Core/Src/imu_calib_tables.o
 .ARM.attributes
                0x000000b6       0x32 ./Core/Src/main_6imu.o
 .ARM.attributes
                0x000000e8       0x32 ./Core/Src/spi6_imu_port.o
 .ARM.attributes
                0x0000011a       0x32 ./Core/Src/stm32h7xx_it_6imu.o
 .ARM.attributes
                0x0000014c       0x32 ./Core/Src/syscalls.o
 .ARM.attributes
                0x0000017e       0x32 ./Core/Src/sysmem.o
 .ARM.attributes
                0x000001b0       0x32 ./Core/Src/system_stm32h7xx.o
 .ARM.attributes
                0x000001e2       0x21 ./Core/Startup/startup_stm32h723zgtx.o
 .ARM.attributes
                0x00000203       0x32 ./Drivers/STM32H7xx_HAL_Driver/Src/stm32h7xx_ll_gpio.o
 .ARM.attributes
                0x00000235       0x32 ./Drivers/STM32H7xx_HAL_Driver/Src/stm32h7xx_ll_rcc.o
 .ARM.attributes
                0x00000267       0x32 ./Drivers/STM32H7xx_HAL_Driver/Src/stm32h7xx_ll_spi.o
 .ARM.attributes
                0x00000299       0x32 ./Drivers/STM32H7xx_HAL_Driver/Src/stm32h7xx_ll_usart.o
 .ARM.attributes
                0x000002cb       0x32 ./Drivers/STM32H7xx_HAL_Driver/Src/stm32h7xx_ll_utils.o
 .ARM.attributes
                0x000002fd       0x32 ./Drivers/icm45686/imu/inv_imu_driver.o
 .ARM.attributes
                0x0000032f       0x32 ./Drivers/icm45686/imu/inv_imu_driver_advanced.o
 .ARM.attributes
                0x00000361       0x32 ./Drivers/icm45686/imu/inv_imu_transport.o
 .ARM.attributes
                0x00000393       0x32 C:/ST/STM32CubeIDE_2.1.1/STM32CubeIDE/plugins/com.st.stm32cube.ide.mcu.externaltools.gnu-tools-for-stm32.14.3.rel1.win32_1.0.100.202602081740/tools/bin/../lib/gcc/arm-none-eabi/14.3.1/../../../../arm-none-eabi/lib/thumb/v7e-m+dp/hard\libc_nano.a(libc_a-assert.o)
 .ARM.attributes
                0x000003c5       0x32 C:/ST/STM32CubeIDE_2.1.1/STM32CubeIDE/plugins/com.st.stm32cube.ide.mcu.externaltools.gnu-tools-for-stm32.14.3.rel1.win32_1.0.100.202602081740/tools/bin/../lib/gcc/arm-none-eabi/14.3.1/../../../../arm-none-eabi/lib/thumb/v7e-m+dp/hard\libc_nano.a(libc_a-findfp.o)
 .ARM.attributes
                0x000003f7       0x32 C:/ST/STM32CubeIDE_2.1.1/STM32CubeIDE/plugins/com.st.stm32cube.ide.mcu.externaltools.gnu-tools-for-stm32.14.3.rel1.win32_1.0.100.202602081740/tools/bin/../lib/gcc/arm-none-eabi/14.3.1/../../../../arm-none-eabi/lib/thumb/v7e-m+dp/hard\libc_nano.a(libc_a-fprintf.o)
 .ARM.attributes
                0x00000429       0x32 C:/ST/STM32CubeIDE_2.1.1/STM32CubeIDE/plugins/com.st.stm32cube.ide.mcu.externaltools.gnu-tools-for-stm32.14.3.rel1.win32_1.0.100.202602081740/tools/bin/../lib/gcc/arm-none-eabi/14.3.1/../../../../arm-none-eabi/lib/thumb/v7e-m+dp/hard\libc_nano.a(libc_a-fwalk.o)
 .ARM.attributes
                0x0000045b       0x32 C:/ST/STM32CubeIDE_2.1.1/STM32CubeIDE/plugins/com.st.stm32cube.ide.mcu.externaltools.gnu-tools-for-stm32.14.3.rel1.win32_1.0.100.202602081740/tools/bin/../lib/gcc/arm-none-eabi/14.3.1/../../../../arm-none-eabi/lib/thumb/v7e-m+dp/hard\libc_nano.a(libc_a-stdio.o)
 .ARM.attributes
                0x0000048d       0x32 C:/ST/STM32CubeIDE_2.1.1/STM32CubeIDE/plugins/com.st.stm32cube.ide.mcu.externaltools.gnu-tools-for-stm32.14.3.rel1.win32_1.0.100.202602081740/tools/bin/../lib/gcc/arm-none-eabi/14.3.1/../../../../arm-none-eabi/lib/thumb/v7e-m+dp/hard\libc_nano.a(libc_a-memset.o)
 .ARM.attributes
                0x000004bf       0x32 C:/ST/STM32CubeIDE_2.1.1/STM32CubeIDE/plugins/com.st.stm32cube.ide.mcu.externaltools.gnu-tools-for-stm32.14.3.rel1.win32_1.0.100.202602081740/tools/bin/../lib/gcc/arm-none-eabi/14.3.1/../../../../arm-none-eabi/lib/thumb/v7e-m+dp/hard\libc_nano.a(libc_a-closer.o)
 .ARM.attributes
                0x000004f1       0x32 C:/ST/STM32CubeIDE_2.1.1/STM32CubeIDE/plugins/com.st.stm32cube.ide.mcu.externaltools.gnu-tools-for-stm32.14.3.rel1.win32_1.0.100.202602081740/tools/bin/../lib/gcc/arm-none-eabi/14.3.1/../../../../arm-none-eabi/lib/thumb/v7e-m+dp/hard\libc_nano.a(libc_a-reent.o)
 .ARM.attributes
                0x00000523       0x32 C:/ST/STM32CubeIDE_2.1.1/STM32CubeIDE/plugins/com.st.stm32cube.ide.mcu.externaltools.gnu-tools-for-stm32.14.3.rel1.win32_1.0.100.202602081740/tools/bin/../lib/gcc/arm-none-eabi/14.3.1/../../../../arm-none-eabi/lib/thumb/v7e-m+dp/hard\libc_nano.a(libc_a-impure.o)
 .ARM.attributes
                0x00000555       0x32 C:/ST/STM32CubeIDE_2.1.1/STM32CubeIDE/plugins/com.st.stm32cube.ide.mcu.externaltools.gnu-tools-for-stm32.14.3.rel1.win32_1.0.100.202602081740/tools/bin/../lib/gcc/arm-none-eabi/14.3.1/../../../../arm-none-eabi/lib/thumb/v7e-m+dp/hard\libc_nano.a(libc_a-lseekr.o)
 .ARM.attributes
                0x00000587       0x32 C:/ST/STM32CubeIDE_2.1.1/STM32CubeIDE/plugins/com.st.stm32cube.ide.mcu.externaltools.gnu-tools-for-stm32.14.3.rel1.win32_1.0.100.202602081740/tools/bin/../lib/gcc/arm-none-eabi/14.3.1/../../../../arm-none-eabi/lib/thumb/v7e-m+dp/hard\libc_nano.a(libc_a-readr.o)
 .ARM.attributes
                0x000005b9       0x32 C:/ST/STM32CubeIDE_2.1.1/STM32CubeIDE/plugins/com.st.stm32cube.ide.mcu.externaltools.gnu-tools-for-stm32.14.3.rel1.win32_1.0.100.202602081740/tools/bin/../lib/gcc/arm-none-eabi/14.3.1/../../../../arm-none-eabi/lib/thumb/v7e-m+dp/hard\libc_nano.a(libc_a-writer.o)
 .ARM.attributes
                0x000005eb       0x32 C:/ST/STM32CubeIDE_2.1.1/STM32CubeIDE/plugins/com.st.stm32cube.ide.mcu.externaltools.gnu-tools-for-stm32.14.3.rel1.win32_1.0.100.202602081740/tools/bin/../lib/gcc/arm-none-eabi/14.3.1/../../../../arm-none-eabi/lib/thumb/v7e-m+dp/hard\libc_nano.a(libc_a-errno.o)
 .ARM.attributes
                0x0000061d       0x32 C:/ST/STM32CubeIDE_2.1.1/STM32CubeIDE/plugins/com.st.stm32cube.ide.mcu.externaltools.gnu-tools-for-stm32.14.3.rel1.win32_1.0.100.202602081740/tools/bin/../lib/gcc/arm-none-eabi/14.3.1/../../../../arm-none-eabi/lib/thumb/v7e-m+dp/hard\libc_nano.a(libc_a-init.o)
 .ARM.attributes
                0x0000064f       0x32 C:/ST/STM32CubeIDE_2.1.1/STM32CubeIDE/plugins/com.st.stm32cube.ide.mcu.externaltools.gnu-tools-for-stm32.14.3.rel1.win32_1.0.100.202602081740/tools/bin/../lib/gcc/arm-none-eabi/14.3.1/../../../../arm-none-eabi/lib/thumb/v7e-m+dp/hard\libc_nano.a(libc_a-lock.o)
 .ARM.attributes
                0x00000681       0x32 C:/ST/STM32CubeIDE_2.1.1/STM32CubeIDE/plugins/com.st.stm32cube.ide.mcu.externaltools.gnu-tools-for-stm32.14.3.rel1.win32_1.0.100.202602081740/tools/bin/../lib/gcc/arm-none-eabi/14.3.1/../../../../arm-none-eabi/lib/thumb/v7e-m+dp/hard\libc_nano.a(libc_a-memcpy-stub.o)
 .ARM.attributes
                0x000006b3       0x32 C:/ST/STM32CubeIDE_2.1.1/STM32CubeIDE/plugins/com.st.stm32cube.ide.mcu.externaltools.gnu-tools-for-stm32.14.3.rel1.win32_1.0.100.202602081740/tools/bin/../lib/gcc/arm-none-eabi/14.3.1/../../../../arm-none-eabi/lib/thumb/v7e-m+dp/hard\libc_nano.a(libc_a-abort.o)
 .ARM.attributes
                0x000006e5       0x32 C:/ST/STM32CubeIDE_2.1.1/STM32CubeIDE/plugins/com.st.stm32cube.ide.mcu.externaltools.gnu-tools-for-stm32.14.3.rel1.win32_1.0.100.202602081740/tools/bin/../lib/gcc/arm-none-eabi/14.3.1/../../../../arm-none-eabi/lib/thumb/v7e-m+dp/hard\libc_nano.a(libc_a-freer.o)
 .ARM.attributes
                0x00000717       0x32 C:/ST/STM32CubeIDE_2.1.1/STM32CubeIDE/plugins/com.st.stm32cube.ide.mcu.externaltools.gnu-tools-for-stm32.14.3.rel1.win32_1.0.100.202602081740/tools/bin/../lib/gcc/arm-none-eabi/14.3.1/../../../../arm-none-eabi/lib/thumb/v7e-m+dp/hard\libc_nano.a(libc_a-mallocr.o)
 .ARM.attributes
                0x00000749       0x32 C:/ST/STM32CubeIDE_2.1.1/STM32CubeIDE/plugins/com.st.stm32cube.ide.mcu.externaltools.gnu-tools-for-stm32.14.3.rel1.win32_1.0.100.202602081740/tools/bin/../lib/gcc/arm-none-eabi/14.3.1/../../../../arm-none-eabi/lib/thumb/v7e-m+dp/hard\libc_nano.a(libc_a-mlock.o)
 .ARM.attributes
                0x0000077b       0x32 C:/ST/STM32CubeIDE_2.1.1/STM32CubeIDE/plugins/com.st.stm32cube.ide.mcu.externaltools.gnu-tools-for-stm32.14.3.rel1.win32_1.0.100.202602081740/tools/bin/../lib/gcc/arm-none-eabi/14.3.1/../../../../arm-none-eabi/lib/thumb/v7e-m+dp/hard\libc_nano.a(libc_a-nano-vfprintf.o)
 .ARM.attributes
                0x000007ad       0x32 C:/ST/STM32CubeIDE_2.1.1/STM32CubeIDE/plugins/com.st.stm32cube.ide.mcu.externaltools.gnu-tools-for-stm32.14.3.rel1.win32_1.0.100.202602081740/tools/bin/../lib/gcc/arm-none-eabi/14.3.1/../../../../arm-none-eabi/lib/thumb/v7e-m+dp/hard\libc_nano.a(libc_a-nano-vfprintf_i.o)
 .ARM.attributes
                0x000007df       0x32 C:/ST/STM32CubeIDE_2.1.1/STM32CubeIDE/plugins/com.st.stm32cube.ide.mcu.externaltools.gnu-tools-for-stm32.14.3.rel1.win32_1.0.100.202602081740/tools/bin/../lib/gcc/arm-none-eabi/14.3.1/../../../../arm-none-eabi/lib/thumb/v7e-m+dp/hard\libc_nano.a(libc_a-fflush.o)
 .ARM.attributes