Archive member included to satisfy reference by file (symbol)

C:/ST/STM32CubeIDE_2.1.1/STM32CubeIDE/plugins/com.st.stm32cube.ide.mcu.externaltools.gnu-tools-for-stm32.14.3.rel1.win32_1.0.100.202602081740/tools/bin/../lib/gcc/arm-none-eabi/14.3.1/../../../../arm-none-eabi/lib/thumb/v7e-m+dp/hard\libc_nano.a(libc_a-assert.o)
                              ./Core/Src/imu_calib_flash.o (__assert_func)
C:/ST/STM32CubeIDE_2.1.1/STM32CubeIDE/plugins/com.st.stm32cube.ide.mcu.externaltools.gnu-tools-for-stm32.14.3.rel1.win32_1.0.100.202602081740/tools/bin/../lib/gcc/arm-none-eabi/14.3.1/../../../../arm-none-eabi/lib/thumb/v7e-m+dp/hard\libc_nano.a(libc_a-exit.o)
                              C:/ST/STM32CubeIDE_2.1.1/STM32CubeIDE/plugins/com.st.stm32cube.ide.mcu.externaltools.gnu-tools-for-stm32.14.3.rel1.win32_1.0.100.202602081740/tools/bin/../lib/gcc/arm-none-eabi/14.3.1/../../../../arm-none-eabi/lib/thumb/v7e-m+dp/hard/crt0.o (exit)
C:/ST/STM32CubeIDE_2.1.1/STM32CubeIDE/plugins/com.st.stm32cube.ide.mcu.externaltools.gnu-tools-for-stm32.14.3.rel1.win32_1.0.100.202602081740/tools/bin/../lib/gcc/arm-none-eabi/14.3.1/../../../../arm-none-eabi/lib/thumb/v7e-m+dp/hard\libc_nano.a(libc_a-findfp.o)
                              C:/ST/STM32CubeIDE_2.1.1/STM32CubeIDE/plugins/com.st.stm32cube.ide.mcu.externaltools.gnu-tools-for-stm32.14.3.rel1.win32_1.0.100.202602081740/tools/bin/../lib/gcc/arm-none-eabi/14.3.1/../../../../arm-none-eabi/lib/thumb/v7e-m+dp/hard\libc_nano.a(libc_a-exit.o) (__stdio_exit_handler)
C:/ST/STM32CubeIDE_2.1.1/STM32CubeIDE/plugins/com.st.stm32cube.ide.mcu.externaltools.gnu-tools-for-stm32.14.3.rel1.win32_1.0.100.202602081740/tools/bin/../lib/gcc/arm-none-eabi/14.3.1/../../../../arm-none-eabi/lib/thumb/v7e-m+dp/hard\libc_nano.a(libc_a-fprintf.o)
                              C:/ST/STM32CubeIDE_2.1.1/STM32CubeIDE/plugins/com.st.stm32cube.ide.mcu.externaltools.gnu-tools-for-stm32.14.3.rel1.win32_1.0.100.202602081740/tools/bin/../lib/gcc/arm-none-eabi/14.3.1/../../../../arm-none-eabi/lib/thumb/v7e-m+dp/hard\libc_nano.a(libc_a-assert.o) (fiprintf)
C:/ST/STM32CubeIDE_2.1.1/STM32CubeIDE/plugins/com.st.stm32cube.ide.mcu.externaltools.gnu-tools-for-stm32.14.3.rel1.win32_1.0.100.202602081740/tools/bin/../lib/gcc/arm-none-eabi/14.3.1/../../../../arm-none-eabi/lib/thumb/v7e-m+dp/hard\libc_nano.a(libc_a-fwalk.o)
                              C:/ST/STM32CubeIDE_2.1.1/STM32CubeIDE/plugins/com.st.stm32cube.ide.mcu.externaltools.gnu-tools-for-stm32.14.3.rel1.win32_1.0.100.202602081740/tools/bin/../lib/gcc/arm-none-eabi/14.3.1/../../../../arm-none-eabi/lib/thumb/v7e-m+dp/hard\libc_nano.a(libc_a-findfp.o) (_fwalk_sglue)
C:/ST/STM32CubeIDE_2.1.1/STM32CubeIDE/plugins/com.st.stm32cube.ide.mcu.externaltools.gnu-tools-for-stm32.14.3.rel1.win32_1.0.100.202602081740/tools/bin/../lib/gcc/arm-none-eabi/14.3.1/../../../../arm-none-eabi/lib/thumb/v7e-m+dp/hard\libc_nano.a(libc_a-stdio.o)
                              C:/ST/STM32CubeIDE_2.1.1/STM32CubeIDE/plugins/com.st.stm32cube.ide.mcu.externaltools.gnu-tools-for-stm32.14.3.rel1.win32_1.0.100.202602081740/tools/bin/../lib/gcc/arm-none-eabi/14.3.1/../../../../arm-none-eabi/lib/thumb/v7e-m+dp/hard\libc_nano.a(libc_a-findfp.o) (__sread)
C:/ST/STM32CubeIDE_2.1.1/STM32CubeIDE/plugins/com.st.stm32cube.ide.mcu.externaltools.gnu-tools-for-stm32.14.3.rel1.win32_1.0.100.202602081740/tools/bin/../lib/gcc/arm-none-eabi/14.3.1/../../../../arm-none-eabi/lib/thumb/v7e-m+dp/hard\libc_nano.a(libc_a-memset.o)
                              C:/ST/STM32CubeIDE_2.1.1/STM32CubeIDE/plugins/com.st.stm32cube.ide.mcu.externaltools.gnu-tools-for-stm32.14.3.rel1.win32_1.0.100.202602081740/tools/bin/../lib/gcc/arm-none-eabi/14.3.1/../../../../arm-none-eabi/lib/thumb/v7e-m+dp/hard/crt0.o (memset)
C:/ST/STM32CubeIDE_2.1.1/STM32CubeIDE/plugins/com.st.stm32cube.ide.mcu.externaltools.gnu-tools-for-stm32.14.3.rel1.win32_1.0.100.202602081740/tools/bin/../lib/gcc/arm-none-eabi/14.3.1/../../../../arm-none-eabi/lib/thumb/v7e-m+dp/hard\libc_nano.a(libc_a-closer.o)
                              C:/ST/STM32CubeIDE_2.1.1/STM32CubeIDE/plugins/com.st.stm32cube.ide.mcu.externaltools.gnu-tools-for-stm32.14.3.rel1.win32_1.0.100.202602081740/tools/bin/../lib/gcc/arm-none-eabi/14.3.1/../../../../arm-none-eabi/lib/thumb/v7e-m+dp/hard\libc_nano.a(libc_a-stdio.o) (_close_r)
C:/ST/STM32CubeIDE_2.1.1/STM32CubeIDE/plugins/com.st.stm32cube.ide.mcu.externaltools.gnu-tools-for-stm32.14.3.rel1.win32_1.0.100.202602081740/tools/bin/../lib/gcc/arm-none-eabi/14.3.1/../../../../arm-none-eabi/lib/thumb/v7e-m+dp/hard\libc_nano.a(libc_a-reent.o)
                              C:/ST/STM32CubeIDE_2.1.1/STM32CubeIDE/plugins/com.st.stm32cube.ide.mcu.externaltools.gnu-tools-for-stm32.14.3.rel1.win32_1.0.100.202602081740/tools/bin/../lib/gcc/arm-none-eabi/14.3.1/../../../../arm-none-eabi/lib/thumb/v7e-m+dp/hard\libc_nano.a(libc_a-closer.o) (errno)
[...]
Memory Configuration

Name             Origin             Length             Attributes
ITCMRAM          0x00000000         0x00010000         xrw
DTCMRAM          0x20000000         0x00020000         xrw
FLASH            0x08000000         0x00100000         xr
RAM_D1           0x24000000         0x00050000         xrw
RAM_D2           0x30000000         0x00008000         xrw
RAM_D3           0x38000000         0x00004000         xrw
*default*        0x00000000         0xffffffff

Linker script and memory map

LOAD C:/ST/STM32CubeIDE_2.1.1/STM32CubeIDE/plugins/com.st.stm32cube.ide.mcu.externaltools.gnu-tools-for-stm32.14.3.rel1.win32_1.0.100.202602081740/tools/bin/../lib/gcc/arm-none-eabi/14.3.1/thumb/v7e-m+dp/hard/crti.o
LOAD C:/ST/STM32CubeIDE_2.1.1/STM32CubeIDE/plugins/com.st.stm32cube.ide.mcu.externaltools.gnu-tools-for-stm32.14.3.rel1.win32_1.0.100.202602081740/tools/bin/../lib/gcc/arm-none-eabi/14.3.1/thumb/v7e-m+dp/hard/crtbegin.o
LOAD C:/ST/STM32CubeIDE_2.1.1/STM32CubeIDE/plugins/com.st.stm32cube.ide.mcu.externaltools.gnu-tools-for-stm32.14.3.rel1.win32_1.0.100.202602081740/tools/bin/../lib/gcc/arm-none-eabi/14.3.1/../../../../arm-none-eabi/lib/thumb/v7e-m+dp/hard/crt0.o
LOAD ./Core/Src/imu_calib_flash.o
LOAD ./Core/Src/imu_calib_tables.o
LOAD ./Core/Src/main_6imu.o
LOAD ./Core/Src/spi6_imu_port.o
LOAD ./Core/Src/stm32h7xx_it_6imu.o
LOAD ./Core/Src/syscalls.o
LOAD ./Core/Src/sysmem.o
LOAD ./Core/Src/system_stm32h7xx.o
LOAD ./Core/Startup/startup_stm32h723zgtx.o
LOAD ./Drivers/STM32H7xx_HAL_Driver/Src/stm32h7xx_ll_dma.o
LOAD ./Drivers/STM32H7xx_HAL_Driver/Src/stm32h7xx_ll_exti.o
LOAD ./Drivers/STM32H7xx_HAL_Driver/Src/stm32h7xx_ll_gpio.o
LOAD ./Drivers/STM32H7xx_HAL_Driver/Src/stm32h7xx_ll_pwr.o
LOAD ./Drivers/STM32H7xx_HAL_Driver/Src/stm32h7xx_ll_rcc.o
LOAD ./Drivers/STM32H7xx_HAL_Driver/Src/stm32h7xx_ll_spi.o
LOAD ./Drivers/STM32H7xx_HAL_Driver/Src/stm32h7xx_ll_usart.o
LOAD ./Drivers/STM32H7xx_HAL_Driver/Src/stm32h7xx_ll_utils.o
LOAD ./Drivers/icm45686/imu/inv_imu_driver.o
LOAD ./Drivers/icm45686/imu/inv_imu_driver_advanced.o
LOAD ./Drivers/icm45686/imu/inv_imu_driver_aux1.o
LOAD ./Drivers/icm45686/imu/inv_imu_edmp.o
LOAD ./Drivers/icm45686/imu/inv_imu_selftest.o
LOAD ./Drivers/icm45686/imu/inv_imu_transport.o
START GROUP
LOAD C:/ST/STM32CubeIDE_2.1.1/STM32CubeIDE/plugins/com.st.stm32cube.ide.mcu.externaltools.gnu-tools-for-stm32.14.3.rel1.win32_1.0.100.202602081740/tools/bin/../lib/gcc/arm-none-eabi/14.3.1/../../../../arm-none-eabi/lib/thumb/v7e-m+dp/hard\libc_nano.a
LOAD C:/ST/STM32CubeIDE_2.1.1/STM32CubeIDE/plugins/com.st.stm32cube.ide.mcu.externaltools.gnu-tools-for-stm32.14.3.rel1.win32_1.0.100.202602081740/tools/bin/../lib/gcc/arm-none-eabi/14.3.1/../../../../arm-none-eabi/lib/thumb/v7e-m+dp/hard\libm.a
END GROUP
START GROUP
LOAD C:/ST/STM32CubeIDE_2.1.1/STM32CubeIDE/plugins/com.st.stm32cube.ide.mcu.externaltools.gnu-tools-for-stm32.14.3.rel1.win32_1.0.100.202602081740/tools/bin/../lib/gcc/arm-none-eabi/14.3.1/thumb/v7e-m+dp/hard\libgcc.a
LOAD C:/ST/STM32CubeIDE_2.1.1/STM32CubeIDE/plugins/com.st.stm32cube.ide.mcu.externaltools.gnu-tools-for-stm32.14.3.rel1.win32_1.0.100.202602081740/tools/bin/../lib/gcc/arm-none-eabi/14.3.1/../../../../arm-none-eabi/lib/thumb/v7e-m+dp/hard\libc_nano.a
END GROUP
START GROUP
LOAD C:/ST/STM32CubeIDE_2.1.1/STM32CubeIDE/plugins/com.st.stm32cube.ide.mcu.externaltools.gnu-tools-for-stm32.14.3.rel1.win32_1.0.100.202602081740/tools/bin/../lib/gcc/arm-none-eabi/14.3.1/thumb/v7e-m+dp/hard\libgcc.a
LOAD C:/ST/STM32CubeIDE_2.1.1/STM32CubeIDE/plugins/com.st.stm32cube.ide.mcu.externaltools.gnu-tools-for-stm32.14.3.rel1.win32_1.0.100.202602081740/tools/bin/../lib/gcc/arm-none-eabi/14.3.1/../../../../arm-none-eabi/lib/thumb/v7e-m+dp/hard\libc_nano.a
LOAD C:/ST/STM32CubeIDE_2.1.1/STM32CubeIDE/plugins/com.st.stm32cube.ide.mcu.externaltools.gnu-tools-for-stm32.14.3.rel1.win32_1.0.100.202602081740/tools/bin/../lib/gcc/arm-none-eabi/14.3.1/../../../../arm-none-eabi/lib/thumb/v7e-m+dp/hard\libnosys.a
END GROUP
START GROUP
LOAD C:/ST/STM32CubeIDE_2.1.1/STM32CubeIDE/plugins/com.st.stm32cube.ide.mcu.externaltools.gnu-tools-for-stm32.14.3.rel1.win32_1.0.100.202602081740/tools/bin/../lib/gcc/arm-none-eabi/14.3.1/thumb/v7e-m+dp/hard\libgcc.a
LOAD C:/ST/STM32CubeIDE_2.1.1/STM32CubeIDE/plugins/com.st.stm32cube.ide.mcu.externaltools.gnu-tools-for-stm32.14.3.rel1.win32_1.0.100.202602081740/tools/bin/../lib/gcc/arm-none-eabi/14.3.1/../../../../arm-none-eabi/lib/thumb/v7e-m+dp/hard\libc_nano.a
LOAD C:/ST/STM32CubeIDE_2.1.1/STM32CubeIDE/plugins/com.st.stm32cube.ide.mcu.externaltools.gnu-tools-for-stm32.14.3.rel1.win32_1.0.100.202602081740/tools/bin/../lib/gcc/arm-none-eabi/14.3.1/../../../../arm-none-eabi/lib/thumb/v7e-m+dp/hard\libnosys.a
END GROUP
LOAD C:/ST/STM32CubeIDE_2.1.1/STM32CubeIDE/plugins/com.st.stm32cube.ide.mcu.externaltools.gnu-tools-for-stm32.14.3.rel1.win32_1.0.100.202602081740/tools/bin/../lib/gcc/arm-none-eabi/14.3.1/thumb/v7e-m+dp/hard/crtend.o
LOAD C:/ST/STM32CubeIDE_2.1.1/STM32CubeIDE/plugins/com.st.stm32cube.ide.mcu.externaltools.gnu-tools-for-stm32.14.3.rel1.win32_1.0.100.202602081740/tools/bin/../lib/gcc/arm-none-eabi/14.3.1/thumb/v7e-m+dp/hard/crtn.o
                0x24050000                        _estack = (ORIGIN (RAM_D1) + LENGTH (RAM_D1))
                0x00000200                        _Min_Heap_Size = 0x200
                0x00000400                        _Min_Stack_Size = 0x400

.isr_vector     0x08000000      0x2cc
                0x08000000                        . = ALIGN (0x4)
 *(.isr_vector)
 .isr_vector    0x08000000      0x2cc ./Core/Startup/startup_stm32h723zgtx.o
                0x08000000                g_pfnVectors
                0x080002cc                        . = ALIGN (0x4)

.text           0x080002d0     0x88b4
                0x080002d0                        . = ALIGN (0x4)
 *(.text)
 .text          0x080002d0       0x40 C:/ST/STM32CubeIDE_2.1.1/STM32CubeIDE/plugins/com.st.stm32cube.ide.mcu.externaltools.gnu-tools-for-stm32.14.3.rel1.win32_1.0.100.202602081740/tools/bin/../lib/gcc/arm-none-eabi/14.3.1/thumb/v7e-m+dp/hard/crtbegin.o
 .text          0x08000310       0xa0 C:/ST/STM32CubeIDE_2.1.1/STM32CubeIDE/plugins/com.st.stm32cube.ide.mcu.externaltools.gnu-tools-for-stm32.14.3.rel1.win32_1.0.100.202602081740/tools/bin/../lib/gcc/arm-none-eabi/14.3.1/../../../../arm-none-eabi/lib/thumb/v7e-m+dp/hard\libc_nano.a(libc_a-memchr.o)
                0x08000310                memchr
 *(.text*)
 .text.find_lower_idx
                0x080003b0       0x64 ./Core/Src/imu_calib_flash.o
 .text.lut1d_interp
                0x08000414       0xee ./Core/Src/imu_calib_flash.o
 .text.lut2d_interp
                0x08000502      0x23c ./Core/Src/imu_calib_flash.o
 *fill*         0x0800073e        0x2 
 .text.imu_get_acc_bias
                0x08000740       0x88 ./Core/Src/imu_calib_flash.o
                0x08000740                imu_get_acc_bias
 .text.imu_get_acc_scale
                0x080007c8       0x8c ./Core/Src/imu_calib_flash.o
                0x080007c8                imu_get_acc_scale
 .text.imu_get_gyr_bias
                0x08000854       0x8c ./Core/Src/imu_calib_flash.o
                0x08000854                imu_get_gyr_bias
 .text.imu_get_gyr_scale
                0x080008e0       0xa0 ./Core/Src/imu_calib_flash.o
                0x080008e0                imu_get_gyr_scale
 .text.imu_correct_acc
                0x08000980       0x5e ./Core/Src/imu_calib_flash.o
                0x08000980                imu_correct_acc
 .text.imu_correct_gyr
                0x080009de       0x62 ./Core/Src/imu_calib_flash.o
                0x080009de                imu_correct_gyr
 .text.__NVIC_SetPriorityGrouping
                0x08000a40       0x48 ./Core/Src/main_6imu.o
 .text.__NVIC_GetPriorityGrouping
                0x08000a88       0x1c ./Core/Src/main_6imu.o
 .text.__NVIC_EnableIRQ
                0x08000aa4       0x3c ./Core/Src/main_6imu.o
 .text.__NVIC_SetPriority
                0x08000ae0       0x54 ./Core/Src/main_6imu.o
 .text.NVIC_EncodePriority
                0x08000b34       0x66 ./Core/Src/main_6imu.o
 *fill*         0x08000b9a        0x2 
 .text.LL_DMA_EnableStream
                0x08000b9c       0x44 ./Core/Src/main_6imu.o
 .text.LL_DMA_DisableStream
                0x08000be0       0x44 ./Core/Src/main_6imu.o
 .text.LL_DMA_IsEnabledStream
                0x08000c24       0x3c ./Core/Src/main_6imu.o
 .text.LL_DMA_SetDataTransferDirection
                0x08000c60       0x4c ./Core/Src/main_6imu.o
 .text.LL_DMA_SetMode
                0x08000cac       0x4c ./Core/Src/main_6imu.o
 .text.LL_DMA_SetPeriphIncMode
                0x08000cf8       0x4c ./Core/Src/main_6imu.o
 .text.LL_DMA_SetMemoryIncMode
                0x08000d44       0x4c ./Core/Src/main_6imu.o
 .text.LL_DMA_SetPeriphSize
                0x08000d90       0x4c ./Core/Src/main_6imu.o
 .text.LL_DMA_SetMemorySize
                0x08000ddc       0x4c ./Core/Src/main_6imu.o
 .text.LL_DMA_SetStreamPriorityLevel
                0x08000e28       0x4c ./Core/Src/main_6imu.o
 .text.LL_DMA_SetDataLength
                0x08000e74       0x50 ./Core/Src/main_6imu.o
 .text.LL_DMA_SetPeriphRequest
                0x08000ec4       0x60 ./Core/Src/main_6imu.o
 .text.LL_DMA_DisableFifoMode
                0x08000f24       0x44 ./Core/Src/main_6imu.o
 .text.LL_DMA_SetMemoryAddress
                0x08000f68       0x34 ./Core/Src/main_6imu.o
 .text.LL_DMA_SetPeriphAddress
                0x08000f9c       0x34 ./Core/Src/main_6imu.o
 .text.LL_DMA_ClearFlag_TC0
                0x08000fd0       0x1a ./Core/Src/main_6imu.o
 .text.LL_DMA_ClearFlag_TE0
                0x08000fea       0x1a ./Core/Src/main_6imu.o
 .text.LL_DMA_EnableIT_TC
                0x08001004       0x44 ./Core/Src/main_6imu.o
 .text.LL_RCC_HSE_Enable
                0x08001048       0x20 ./Core/Src/main_6imu.o
 .text.LL_RCC_HSE_IsReady
                0x08001068       0x28 ./Core/Src/main_6imu.o
 .text.LL_RCC_SetSysClkSource
                0x08001090       0x28 ./Core/Src/main_6imu.o
 .text.LL_RCC_GetSysClkSource
                0x080010b8       0x1c ./Core/Src/main_6imu.o
 .text.LL_RCC_SetSysPrescaler
                0x080010d4       0x28 ./Core/Src/main_6imu.o
 .text.LL_RCC_SetAHBPrescaler
                0x080010fc       0x28 ./Core/Src/main_6imu.o
 .text.LL_RCC_SetAPB1Prescaler
                0x08001124       0x28 ./Core/Src/main_6imu.o
 .text.LL_RCC_SetAPB2Prescaler
                0x0800114c       0x28 ./Core/Src/main_6imu.o
 .text.LL_RCC_SetAPB3Prescaler
                0x08001174       0x28 ./Core/Src/main_6imu.o
 .text.LL_RCC_SetAPB4Prescaler
                0x0800119c       0x28 ./Core/Src/main_6imu.o
 .text.LL_RCC_SetClockSource
                0x080011c4       0x54 ./Core/Src/main_6imu.o
 .text.LL_RCC_SetUSARTClockSource
                0x08001218       0x16 ./Core/Src/main_6imu.o
 *fill*         0x0800122e        0x2 
 .text.LL_RCC_PLL_SetSource
                0x08001230       0x28 ./Core/Src/main_6imu.o
 .text.LL_RCC_PLL1_Enable
                0x08001258       0x20 ./Core/Src/main_6imu.o
 .text.LL_RCC_PLL1_IsReady
                0x08001278       0x28 ./Core/Src/main_6imu.o
 .text.LL_RCC_PLL1P_Enable
                0x080012a0       0x20 ./Core/Src/main_6imu.o
 .text.LL_RCC_PLL1Q_Enable
                0x080012c0       0x20 ./Core/Src/main_6imu.o
 .text.LL_RCC_PLL1R_Enable
                0x080012e0       0x20 ./Core/Src/main_6imu.o
 .text.LL_RCC_PLL1_SetVCOOutputRange
                0x08001300       0x2c ./Core/Src/main_6imu.o
 .text.LL_RCC_PLL1_SetVCOInputRange
                0x0800132c       0x2c ./Core/Src/main_6imu.o
 .text.LL_RCC_PLL1_SetN
                0x08001358       0x30 ./Core/Src/main_6imu.o
 .text.LL_RCC_PLL1_SetM
                0x08001388       0x2c ./Core/Src/main_6imu.o
 .text.LL_RCC_PLL1_SetP
                0x080013b4       0x2c ./Core/Src/main_6imu.o
 .text.LL_RCC_PLL1_SetQ
                0x080013e0       0x2c ./Core/Src/main_6imu.o
 .text.LL_RCC_PLL1_SetR
                0x0800140c       0x2c ./Core/Src/main_6imu.o
 .text.LL_RCC_PLL2_Enable
                0x08001438       0x20 ./Core/Src/main_6imu.o
 .text.LL_RCC_PLL2_IsReady
                0x08001458       0x28 ./Core/Src/main_6imu.o
 .text.LL_RCC_PLL2Q_Enable
                0x08001480       0x20 ./Core/Src/main_6imu.o
 .text.LL_RCC_PLL2_SetVCOOutputRange
                0x080014a0       0x2c ./Core/Src/main_6imu.o
 .text.LL_RCC_PLL2_SetVCOInputRange
                0x080014cc       0x2c ./Core/Src/main_6imu.o
 .text.LL_RCC_PLL2_SetN
                0x080014f8       0x30 ./Core/Src/main_6imu.o
 .text.LL_RCC_PLL2_SetM
                0x08001528       0x2c ./Core/Src/main_6imu.o
 .text.LL_RCC_PLL2_SetQ
                0x08001554       0x2c ./Core/Src/main_6imu.o
 .text.LL_RCC_PLL3_Enable
                0x08001580       0x20 ./Core/Src/main_6imu.o
 .text.LL_RCC_PLL3_IsReady
                0x080015a0       0x28 ./Core/Src/main_6imu.o
 .text.LL_RCC_PLL3Q_Enable
                0x080015c8       0x20 ./Core/Src/main_6imu.o
 .text.LL_RCC_PLL3_SetVCOOutputRange
                0x080015e8       0x2c ./Core/Src/main_6imu.o
 .text.LL_RCC_PLL3_SetVCOInputRange
                0x08001614       0x2c ./Core/Src/main_6imu.o
 .text.LL_RCC_PLL3_SetN
                0x08001640       0x30 ./Core/Src/main_6imu.o
 .text.LL_RCC_PLL3_SetM
                0x08001670       0x2c ./Core/Src/main_6imu.o
 .text.LL_RCC_PLL3_SetQ
                0x0800169c       0x2c ./Core/Src/main_6imu.o
 .text.LL_AHB1_GRP1_EnableClock
                0x080016c8       0x38 ./Core/Src/main_6imu.o
 .text.LL_AHB4_GRP1_EnableClock
                0x08001700       0x38 ./Core/Src/main_6imu.o
 .text.LL_APB1_GRP1_EnableClock
                0x08001738       0x38 ./Core/Src/main_6imu.o
 .text.LL_APB4_GRP1_EnableClock
                0x08001770       0x38 ./Core/Src/main_6imu.o
 .text.LL_FLASH_SetLatency
                0x080017a8       0x28 ./Core/Src/main_6imu.o
 .text.LL_FLASH_GetLatency
                0x080017d0       0x1c ./Core/Src/main_6imu.o
 .text.LL_MPU_Enable
                0x080017ec       0x30 ./Core/Src/main_6imu.o
 .text.LL_MPU_Disable
                0x0800181c       0x20 ./Core/Src/main_6imu.o
 .text.LL_MPU_ConfigRegion
                0x0800183c       0x40 ./Core/Src/main_6imu.o
 .text.LL_PWR_ConfigSupply
                0x0800187c       0x28 ./Core/Src/main_6imu.o
 .text.LL_PWR_SetRegulVoltageScaling
                0x080018a4       0x28 ./Core/Src/main_6imu.o
 .text.LL_PWR_IsActiveFlag_VOS
                0x080018cc       0x28 ./Core/Src/main_6imu.o
 .text.LL_USART_Enable
                0x080018f4       0x20 ./Core/Src/main_6imu.o
 .text.LL_USART_DisableFIFO
                0x08001914       0x20 ./Core/Src/main_6imu.o
 .text.LL_USART_SetTXFIFOThreshold
                0x08001934       0x4e ./Core/Src/main_6imu.o
 .text.LL_USART_SetRXFIFOThreshold
                0x08001982       0x4e ./Core/Src/main_6imu.o
 .text.LL_USART_ConfigAsyncMode
                0x080019d0       0x2c ./Core/Src/main_6imu.o
 .text.LL_USART_IsActiveFlag_TEACK
                0x080019fc       0x28 ./Core/Src/main_6imu.o
 .text.LL_USART_IsActiveFlag_REACK
                0x08001a24       0x28 ./Core/Src/main_6imu.o
 .text.LL_USART_EnableIT_RXNE_RXFNE
                0x08001a4c       0x42 ./Core/Src/main_6imu.o
 .text.LL_USART_EnableDMAReq_TX
                0x08001a8e       0x46 ./Core/Src/main_6imu.o
 .text.LL_USART_DMA_GetRegAddr
                0x08001ad4       0x2c ./Core/Src/main_6imu.o
 .text.sensor_event_cb
                0x08001b00      0x118 ./Core/Src/main_6imu.o
 .text.ICM_Init_All
                0x08001c18      0x1f8 ./Core/Src/main_6imu.o
 .text.tx_enqueue
                0x08001e10       0x80 ./Core/Src/main_6imu.o
 .text.UART4_DMA_Send
                0x08001e90       0x7c ./Core/Src/main_6imu.o
 .text.UART4_TryStartDMA
                0x08001f0c       0x88 ./Core/Src/main_6imu.o
                0x08001f0c                UART4_TryStartDMA
 .text.process_sample_raw
                0x08001f94       0x7a ./Core/Src/main_6imu.o
 *fill*         0x0800200e        0x2 
 .text.process_sample_cal
                0x08002010      0x1c0 ./Core/Src/main_6imu.o
 .text.main     0x080021d0      0x110 ./Core/Src/main_6imu.o
                0x080021d0                main
 .text.SystemClock_Config
                0x080022e0      0x144 ./Core/Src/main_6imu.o
                0x080022e0                SystemClock_Config
 .text.MX_UART4_Init
                0x08002424      0x148 ./Core/Src/main_6imu.o
 .text.MX_DMA_Init
                0x0800256c       0x4e ./Core/Src/main_6imu.o
 .text.MX_GPIO_Init
                0x080025ba       0x2c ./Core/Src/main_6imu.o
 *fill*         0x080025e6        0x2 
 .text.MPU_Config
                0x080025e8       0x34 ./Core/Src/main_6imu.o
 .text.__NVIC_EnableIRQ
                0x0800261c       0x3c ./Core/Src/spi6_imu_port.o
 .text.__NVIC_SetPriority
                0x08002658       0x54 ./Core/Src/spi6_imu_port.o
 .text.LL_SPI_Enable
                0x080026ac       0x20 ./Core/Src/spi6_imu_port.o
 .text.LL_SPI_Disable
                0x080026cc       0x20 ./Core/Src/spi6_imu_port.o
 .text.LL_SPI_SetTransferSize
                0x080026ec       0x2c ./Core/Src/spi6_imu_port.o
 .text.LL_SPI_StartMasterTransfer
                0x08002718       0x20 ./Core/Src/spi6_imu_port.o
 .text.LL_SPI_SetFIFOThreshold
                0x08002738       0x26 ./Core/Src/spi6_imu_port.o
 .text.LL_SPI_IsActiveFlag_RXP
                0x0800275e       0x26 ./Core/Src/spi6_imu_port.o
 .text.LL_SPI_IsActiveFlag_TXP
                0x08002784       0x26 ./Core/Src/spi6_imu_port.o
 .text.LL_SPI_IsActiveFlag_EOT
                0x080027aa       0x26 ./Core/Src/spi6_imu_port.o
 .text.LL_SPI_IsActiveFlag_RXWNE
                0x080027d0       0x28 ./Core/Src/spi6_imu_port.o
 .text.LL_SPI_ClearFlag_EOT
                0x080027f8       0x20 ./Core/Src/spi6_imu_port.o
 .text.LL_SPI_ClearFlag_TXTF
                0x08002818       0x20 ./Core/Src/spi6_imu_port.o
 .text.LL_SPI_EnableDMAReq_RX
                0x08002838       0x20 ./Core/Src/spi6_imu_port.o
 .text.LL_SPI_DisableDMAReq_RX
                0x08002858       0x20 ./Core/Src/spi6_imu_port.o
 .text.LL_SPI_EnableDMAReq_TX
                0x08002878       0x20 ./Core/Src/spi6_imu_port.o
 .text.LL_SPI_DisableDMAReq_TX
                0x08002898       0x20 ./Core/Src/spi6_imu_port.o
 .text.LL_SPI_DMA_GetTxRegAddr
                0x080028b8       0x18 ./Core/Src/spi6_imu_port.o
 .text.LL_SPI_DMA_GetRxRegAddr
                0x080028d0       0x18 ./Core/Src/spi6_imu_port.o
 .text.LL_SPI_ReceiveData8
                0x080028e8       0x1c ./Core/Src/spi6_imu_port.o
 .text.LL_SPI_TransmitData8
                0x08002904       0x20 ./Core/Src/spi6_imu_port.o
 .text.LL_GPIO_SetOutputPin
                0x08002924       0x1c ./Core/Src/spi6_imu_port.o
 .text.LL_GPIO_ResetOutputPin
                0x08002940       0x1e ./Core/Src/spi6_imu_port.o
 *fill*         0x0800295e        0x2 
 .text.LL_AHB4_GRP1_EnableClock
                0x08002960       0x38 ./Core/Src/spi6_imu_port.o
 .text.LL_APB4_GRP1_EnableClock
                0x08002998       0x38 ./Core/Src/spi6_imu_port.o
 .text.LL_BDMA_EnableChannel
                0x080029d0       0x44 ./Core/Src/spi6_imu_port.o
 .text.LL_BDMA_DisableChannel
                0x08002a14       0x44 ./Core/Src/spi6_imu_port.o
 .text.LL_BDMA_IsEnabledChannel
                0x08002a58       0x38 ./Core/Src/spi6_imu_port.o
 .text.LL_BDMA_SetPeriphRequest
                0x08002a90       0x38 ./Core/Src/spi6_imu_port.o
 .text.LL_BDMA_SetDataTransferDirection
                0x08002ac8       0x50 ./Core/Src/spi6_imu_port.o
 .text.LL_BDMA_SetChannelPriorityLevel
                0x08002b18       0x4a ./Core/Src/spi6_imu_port.o
 .text.LL_BDMA_SetMode
                0x08002b62       0x4a ./Core/Src/spi6_imu_port.o
 .text.LL_BDMA_SetPeriphIncMode
                0x08002bac       0x4a ./Core/Src/spi6_imu_port.o
 .text.LL_BDMA_SetMemoryIncMode
                0x08002bf6       0x4a ./Core/Src/spi6_imu_port.o
 .text.LL_BDMA_SetPeriphSize
                0x08002c40       0x4a ./Core/Src/spi6_imu_port.o
 .text.LL_BDMA_SetMemorySize
                0x08002c8a       0x4a ./Core/Src/spi6_imu_port.o
 .text.LL_BDMA_SetPeriphAddress
                0x08002cd4       0x30 ./Core/Src/spi6_imu_port.o
 .text.LL_BDMA_SetMemoryAddress
                0x08002d04       0x30 ./Core/Src/spi6_imu_port.o
 .text.LL_BDMA_SetDataLength
                0x08002d34       0x50 ./Core/Src/spi6_imu_port.o
 .text.LL_BDMA_EnableIT_TC
                0x08002d84       0x44 ./Core/Src/spi6_imu_port.o
 .text.LL_BDMA_EnableIT_TE
                0x08002dc8       0x44 ./Core/Src/spi6_imu_port.o
 .text.LL_BDMA_IsActiveFlag_TC1
                0x08002e0c       0x26 ./Core/Src/spi6_imu_port.o
 .text.LL_BDMA_IsActiveFlag_TE0
                0x08002e32       0x26 ./Core/Src/spi6_imu_port.o
 .text.LL_BDMA_IsActiveFlag_TE1
                0x08002e58       0x26 ./Core/Src/spi6_imu_port.o
 .text.LL_BDMA_ClearFlag_TC0
                0x08002e7e       0x1a ./Core/Src/spi6_imu_port.o
 .text.LL_BDMA_ClearFlag_TC1
                0x08002e98       0x1a ./Core/Src/spi6_imu_port.o
 .text.LL_BDMA_ClearFlag_TE0
                0x08002eb2       0x1a ./Core/Src/spi6_imu_port.o
 .text.LL_BDMA_ClearFlag_TE1
                0x08002ecc       0x1a ./Core/Src/spi6_imu_port.o
 *fill*         0x08002ee6        0x2 
 .text.cs_lo    0x08002ee8       0x30 ./Core/Src/spi6_imu_port.o
 .text.cs_hi    0x08002f18       0x30 ./Core/Src/spi6_imu_port.o
 .text.dma_wait
                0x08002f48       0x48 ./Core/Src/spi6_imu_port.o
 .text.dma_start
                0x08002f90      0x124 ./Core/Src/spi6_imu_port.o
 .text.dma_xfer_sync
                0x080030b4       0x2a ./Core/Src/spi6_imu_port.o
 *fill*         0x080030de        0x2 
 .text.spi_reset
                0x080030e0       0x44 ./Core/Src/spi6_imu_port.o
 .text.spi_byte
                0x08003124       0x68 ./Core/Src/spi6_imu_port.o
 .text.imu_read
                0x0800318c       0xa8 ./Core/Src/spi6_imu_port.o
 .text.imu_write
                0x08003234       0xa8 ./Core/Src/spi6_imu_port.o
 .text.imu_sleep
                0x080032dc       0x28 ./Core/Src/spi6_imu_port.o
 .text.SPI6_PollSensor
                0x08003304       0xcc ./Core/Src/spi6_imu_port.o
                0x08003304                SPI6_PollSensor
 .text.SPI6_BDMA_RX_IRQHandler
                0x080033d0       0xac ./Core/Src/spi6_imu_port.o
                0x080033d0                SPI6_BDMA_RX_IRQHandler
 .text.SPI6_BDMA_TX_IRQHandler
                0x0800347c       0x48 ./Core/Src/spi6_imu_port.o
                0x0800347c                SPI6_BDMA_TX_IRQHandler
 .text.SPI6_IMU_Port_Init
                0x080034c4      0x344 ./Core/Src/spi6_imu_port.o
                0x080034c4                SPI6_IMU_Port_Init
 .text.LL_DMA_DisableStream
                0x08003808       0x44 ./Core/Src/stm32h7xx_it_6imu.o
 .text.LL_DMA_IsActiveFlag_TC0
                0x0800384c       0x26 ./Core/Src/stm32h7xx_it_6imu.o
 .text.LL_DMA_IsActiveFlag_TE0
                0x08003872       0x26 ./Core/Src/stm32h7xx_it_6imu.o
 .text.LL_DMA_ClearFlag_TC0
                0x08003898       0x1a ./Core/Src/stm32h7xx_it_6imu.o
 .text.LL_DMA_ClearFlag_TE0
                0x080038b2       0x1a ./Core/Src/stm32h7xx_it_6imu.o
 .text.LL_USART_IsActiveFlag_FE
                0x080038cc       0x26 ./Core/Src/stm32h7xx_it_6imu.o
 .text.LL_USART_IsActiveFlag_NE
                0x080038f2       0x26 ./Core/Src/stm32h7xx_it_6imu.o
 .text.LL_USART_IsActiveFlag_ORE
                0x08003918       0x26 ./Core/Src/stm32h7xx_it_6imu.o
 .text.LL_USART_IsActiveFlag_RXNE_RXFNE
                0x0800393e       0x26 ./Core/Src/stm32h7xx_it_6imu.o
 .text.LL_USART_ClearFlag_FE
                0x08003964       0x1a ./Core/Src/stm32h7xx_it_6imu.o
 .text.LL_USART_ClearFlag_NE
                0x0800397e       0x1a ./Core/Src/stm32h7xx_it_6imu.o
 .text.LL_USART_ClearFlag_ORE
                0x08003998       0x1a ./Core/Src/stm32h7xx_it_6imu.o
 .text.LL_USART_ReceiveData8
                0x080039b2       0x1a ./Core/Src/stm32h7xx_it_6imu.o
 .text.DMA1_Stream0_IRQHandler
                0x080039cc       0x74 ./Core/Src/stm32h7xx_it_6imu.o
                0x080039cc                DMA1_Stream0_IRQHandler
 .text.UART4_IRQHandler
                0x08003a40       0x90 ./Core/Src/stm32h7xx_it_6imu.o
                0x08003a40                UART4_IRQHandler
 .text.BDMA_Channel1_IRQHandler
                0x08003ad0        0xc ./Core/Src/stm32h7xx_it_6imu.o
                0x08003ad0                BDMA_Channel1_IRQHandler
 .text.BDMA_Channel0_IRQHandler
                0x08003adc        0xc ./Core/Src/stm32h7xx_it_6imu.o
                0x08003adc                BDMA_Channel0_IRQHandler
 .text._getpid  0x08003ae8       0x10 ./Core/Src/syscalls.o
                0x08003ae8                _getpid
 .text._kill    0x08003af8       0x20 ./Core/Src/syscalls.o
                0x08003af8                _kill
 .text._exit    0x08003b18       0x16 ./Core/Src/syscalls.o
                0x08003b18                _exit
 .text._read    0x08003b2e       0x3a ./Core/Src/syscalls.o
                0x08003b2e                _read
 .text._write   0x08003b68       0x38 ./Core/Src/syscalls.o
                0x08003b68                _write
 .text._close   0x08003ba0       0x18 ./Core/Src/syscalls.o
                0x08003ba0                _close
 .text._fstat   0x08003bb8       0x20 ./Core/Src/syscalls.o
                0x08003bb8                _fstat
 .text._isatty  0x08003bd8       0x16 ./Core/Src/syscalls.o
                0x08003bd8                _isatty
 .text._lseek   0x08003bee       0x1a ./Core/Src/syscalls.o
                0x08003bee                _lseek
 .text._sbrk    0x08003c08       0x6c ./Core/Src/sysmem.o
                0x08003c08                _sbrk
 .text.SystemInit
                0x08003c74      0x120 ./Core/Src/system_stm32h7xx.o
                0x08003c74                SystemInit
 .text.ExitRun0Mode
                0x08003d94       0x30 ./Core/Src/system_stm32h7xx.o
                0x08003d94                ExitRun0Mode
 .text.Reset_Handler
                0x08003dc4       0x54 ./Core/Startup/startup_stm32h723zgtx.o
                0x08003dc4                Reset_Handler
 .text.Default_Handler
                0x08003e18        0x2 ./Core/Startup/startup_stm32h723zgtx.o
                0x08003e18                RTC_Alarm_IRQHandler
                0x08003e18                EXTI2_IRQHandler
                0x08003e18                TIM8_CC_IRQHandler
                0x08003e18                DebugMon_Handler
                0x08003e18                UART8_IRQHandler
                0x08003e18                SPI4_IRQHandler
                0x08003e18                FDCAN3_IT0_IRQHandler
                0x08003e18                TIM1_CC_IRQHandler
                0x08003e18                BDMA_Channel6_IRQHandler
                0x08003e18                DMA2_Stream5_IRQHandler
                0x08003e18                HardFault_Handler
                0x08003e18                DMA1_Stream5_IRQHandler
                0x08003e18                CORDIC_IRQHandler
                0x08003e18                SysTick_Handler
                0x08003e18                TAMP_STAMP_IRQHandler
                0x08003e18                PendSV_Handler
                0x08003e18                NMI_Handler
                0x08003e18                EXTI3_IRQHandler
                0x08003e18                LPTIM4_IRQHandler
                0x08003e18                TIM8_TRG_COM_TIM14_IRQHandler
                0x08003e18                LPTIM2_IRQHandler
                0x08003e18                DFSDM1_FLT1_IRQHandler
                0x08003e18                DMAMUX2_OVR_IRQHandler
                0x08003e18                TIM8_UP_TIM13_IRQHandler
                0x08003e18                I2C3_ER_IRQHandler
                0x08003e18                DFSDM1_FLT2_IRQHandler
                0x08003e18                I2C5_EV_IRQHandler
                0x08003e18                USART10_IRQHandler
                0x08003e18                MDMA_IRQHandler
                0x08003e18                LPTIM3_IRQHandler
                0x08003e18                HSEM1_IRQHandler
                0x08003e18                EXTI0_IRQHandler
                0x08003e18                I2C2_EV_IRQHandler
                0x08003e18                DMA1_Stream2_IRQHandler
                0x08003e18                FPU_IRQHandler
                0x08003e18                OTG_HS_WKUP_IRQHandler
                0x08003e18                FDCAN1_IT1_IRQHandler
                0x08003e18                UsageFault_Handler
                0x08003e18                LTDC_ER_IRQHandler
                0x08003e18                DMA2_Stream2_IRQHandler
                0x08003e18                SPI1_IRQHandler
                0x08003e18                OCTOSPI1_IRQHandler
                0x08003e18                TIM6_DAC_IRQHandler
                0x08003e18                DMA2_Stream3_IRQHandler
                0x08003e18                OCTOSPI2_IRQHandler
                0x08003e18                DFSDM1_FLT3_IRQHandler
                0x08003e18                TIM23_IRQHandler
                0x08003e18                USART6_IRQHandler
                0x08003e18                TIM17_IRQHandler
                0x08003e18                USART3_IRQHandler
                0x08003e18                BDMA_Channel7_IRQHandler
                0x08003e18                LPTIM5_IRQHandler
                0x08003e18                UART5_IRQHandler
                0x08003e18                ADC3_IRQHandler
                0x08003e18                DMA2_Stream0_IRQHandler
                0x08003e18                TIM4_IRQHandler
                0x08003e18                BDMA_Channel2_IRQHandler
                0x08003e18                I2C1_EV_IRQHandler
                0x08003e18                DMA1_Stream6_IRQHandler
                0x08003e18                DMAMUX1_OVR_IRQHandler
                0x08003e18                DMA1_Stream1_IRQHandler
                0x08003e18                TIM16_IRQHandler
                0x08003e18                BDMA_Channel5_IRQHandler
                0x08003e18                TIM3_IRQHandler
                0x08003e18                RCC_IRQHandler
                0x08003e18                UART9_IRQHandler
                0x08003e18                TIM8_BRK_TIM12_IRQHandler
                0x08003e18                TIM1_TRG_COM_IRQHandler
                0x08003e18                Default_Handler
                0x08003e18                ECC_IRQHandler
                0x08003e18                FMAC_IRQHandler
                0x08003e18                CEC_IRQHandler
                0x08003e18                EXTI15_10_IRQHandler
                0x08003e18                ADC_IRQHandler
                0x08003e18                I2C5_ER_IRQHandler
                0x08003e18                DMA1_Stream7_IRQHandler
                0x08003e18                SPI5_IRQHandler
                0x08003e18                TIM7_IRQHandler
                0x08003e18                FDCAN3_IT1_IRQHandler
                0x08003e18                SDMMC1_IRQHandler
                0x08003e18                TIM5_IRQHandler
                0x08003e18                DMA2_Stream7_IRQHandler
                0x08003e18                TIM15_IRQHandler
                0x08003e18                PVD_AVD_IRQHandler
                0x08003e18                I2C3_EV_IRQHandler
                0x08003e18                EXTI9_5_IRQHandler
                0x08003e18                RTC_WKUP_IRQHandler
                0x08003e18                LTDC_IRQHandler
                0x08003e18                ETH_WKUP_IRQHandler
                0x08003e18                SPDIF_RX_IRQHandler
                0x08003e18                SPI2_IRQHandler
                0x08003e18                OTG_HS_EP1_IN_IRQHandler
                0x08003e18                MemManage_Handler
                0x08003e18                TIM24_IRQHandler
                0x08003e18                SVC_Handler
                0x08003e18                CRS_IRQHandler
                0x08003e18                EXTI4_IRQHandler
                0x08003e18                RNG_IRQHandler
                0x08003e18                FDCAN2_IT1_IRQHandler
                0x08003e18                ETH_IRQHandler
                0x08003e18                TIM1_UP_IRQHandler
                0x08003e18                BDMA_Channel4_IRQHandler
                0x08003e18                OTG_HS_EP1_OUT_IRQHandler
                0x08003e18                WWDG_IRQHandler
                0x08003e18                SPI6_IRQHandler
                0x08003e18                MDIOS_IRQHandler
                0x08003e18                I2C4_EV_IRQHandler
                0x08003e18                FDCAN2_IT0_IRQHandler
                0x08003e18                LPUART1_IRQHandler
                0x08003e18                FDCAN1_IT0_IRQHandler
                0x08003e18                TIM2_IRQHandler
                0x08003e18                OTG_HS_IRQHandler
                0x08003e18                DMA2D_IRQHandler
                0x08003e18                TIM1_BRK_IRQHandler
                0x08003e18                EXTI1_IRQHandler
                0x08003e18                SDMMC2_IRQHandler
                0x08003e18                BDMA_Channel3_IRQHandler
                0x08003e18                DTS_IRQHandler
                0x08003e18                UART7_IRQHandler
                0x08003e18                MDIOS_WKUP_IRQHandler
                0x08003e18                USART2_IRQHandler
                0x08003e18                DFSDM1_FLT0_IRQHandler
                0x08003e18                SAI4_IRQHandler
                0x08003e18                I2C2_ER_IRQHandler
                0x08003e18                DMA2_Stream1_IRQHandler
                0x08003e18                FLASH_IRQHandler
                0x08003e18                DMA2_Stream4_IRQHandler
                0x08003e18                BusFault_Handler
                0x08003e18                USART1_IRQHandler
                0x08003e18                SPI3_IRQHandler
                0x08003e18                WAKEUP_PIN_IRQHandler
                0x08003e18                DMA1_Stream4_IRQHandler
                0x08003e18                I2C1_ER_IRQHandler
                0x08003e18                FMC_IRQHandler
                0x08003e18                FDCAN_CAL_IRQHandler
                0x08003e18                SWPMI1_IRQHandler
                0x08003e18                COMP1_IRQHandler
                0x08003e18                LPTIM1_IRQHandler
                0x08003e18                DCMI_PSSI_IRQHandler
                0x08003e18                I2C4_ER_IRQHandler
                0x08003e18                DMA2_Stream6_IRQHandler
                0x08003e18                SAI1_IRQHandler
                0x08003e18                DMA1_Stream3_IRQHandler
 .text.LL_GPIO_SetPinMode
                0x08003e1a       0x40 ./Drivers/STM32H7xx_HAL_Driver/Src/stm32h7xx_ll_gpio.o
 .text.LL_GPIO_SetPinOutputType
                0x08003e5a       0x30 ./Drivers/STM32H7xx_HAL_Driver/Src/stm32h7xx_ll_gpio.o
 .text.LL_GPIO_SetPinSpeed
                0x08003e8a       0x40 ./Drivers/STM32H7xx_HAL_Driver/Src/stm32h7xx_ll_gpio.o
 .text.LL_GPIO_SetPinPull
                0x08003eca       0x40 ./Drivers/STM32H7xx_HAL_Driver/Src/stm32h7xx_ll_gpio.o
 .text.LL_GPIO_SetAFPin_0_7
                0x08003f0a       0x58 ./Drivers/STM32H7xx_HAL_Driver/Src/stm32h7xx_ll_gpio.o
 .text.LL_GPIO_SetAFPin_8_15
                0x08003f62       0x6c ./Drivers/STM32H7xx_HAL_Driver/Src/stm32h7xx_ll_gpio.o
 .text.LL_GPIO_Init
                0x08003fce       0xdc ./Drivers/STM32H7xx_HAL_Driver/Src/stm32h7xx_ll_gpio.o
                0x08003fce                LL_GPIO_Init
 *fill*         0x080040aa        0x2 
 .text.LL_RCC_HSE_IsReady
                0x080040ac       0x28 ./Drivers/STM32H7xx_HAL_Driver/Src/stm32h7xx_ll_rcc.o
 .text.LL_RCC_HSI_IsReady
                0x080040d4       0x24 ./Drivers/STM32H7xx_HAL_Driver/Src/stm32h7xx_ll_rcc.o
 .text.LL_RCC_HSI_GetDivider
                0x080040f8       0x1c ./Drivers/STM32H7xx_HAL_Driver/Src/stm32h7xx_ll_rcc.o
 .text.LL_RCC_CSI_IsReady
                0x08004114       0x28 ./Drivers/STM32H7xx_HAL_Driver/Src/stm32h7xx_ll_rcc.o
 .text.LL_RCC_LSE_IsReady
                0x0800413c       0x24 ./Drivers/STM32H7xx_HAL_Driver/Src/stm32h7xx_ll_rcc.o
 .text.LL_RCC_GetSysClkSource
                0x08004160       0x1c ./Drivers/STM32H7xx_HAL_Driver/Src/stm32h7xx_ll_rcc.o
 .text.LL_RCC_GetSysPrescaler
                0x0800417c       0x1c ./Drivers/STM32H7xx_HAL_Driver/Src/stm32h7xx_ll_rcc.o
 .text.LL_RCC_GetAHBPrescaler
                0x08004198       0x1c ./Drivers/STM32H7xx_HAL_Driver/Src/stm32h7xx_ll_rcc.o
 .text.LL_RCC_GetAPB1Prescaler
                0x080041b4       0x1c ./Drivers/STM32H7xx_HAL_Driver/Src/stm32h7xx_ll_rcc.o
 .text.LL_RCC_GetAPB2Prescaler
                0x080041d0       0x1c ./Drivers/STM32H7xx_HAL_Driver/Src/stm32h7xx_ll_rcc.o
 .text.LL_RCC_GetClockSource
                0x080041ec       0x4c ./Drivers/STM32H7xx_HAL_Driver/Src/stm32h7xx_ll_rcc.o
 .text.LL_RCC_GetUSARTClockSource
                0x08004238       0x18 ./Drivers/STM32H7xx_HAL_Driver/Src/stm32h7xx_ll_rcc.o
 .text.LL_RCC_PLL_GetSource
                0x08004250       0x1c ./Drivers/STM32H7xx_HAL_Driver/Src/stm32h7xx_ll_rcc.o
 .text.LL_RCC_PLL1P_IsEnabled
                0x0800426c       0x28 ./Drivers/STM32H7xx_HAL_Driver/Src/stm32h7xx_ll_rcc.o
 .text.LL_RCC_PLL1Q_IsEnabled
                0x08004294       0x28 ./Drivers/STM32H7xx_HAL_Driver/Src/stm32h7xx_ll_rcc.o
 .text.LL_RCC_PLL1R_IsEnabled
                0x080042bc       0x28 ./Drivers/STM32H7xx_HAL_Driver/Src/stm32h7xx_ll_rcc.o
 .text.LL_RCC_PLL1FRACN_IsEnabled
                0x080042e4       0x24 ./Drivers/STM32H7xx_HAL_Driver/Src/stm32h7xx_ll_rcc.o
 .text.LL_RCC_PLL1_GetN
                0x08004308       0x1c ./Drivers/STM32H7xx_HAL_Driver/Src/stm32h7xx_ll_rcc.o
 .text.LL_RCC_PLL1_GetM
                0x08004324       0x1c ./Drivers/STM32H7xx_HAL_Driver/Src/stm32h7xx_ll_rcc.o
 .text.LL_RCC_PLL1_GetP
                0x08004340       0x20 ./Drivers/STM32H7xx_HAL_Driver/Src/stm32h7xx_ll_rcc.o
 .text.LL_RCC_PLL1_GetQ
                0x08004360       0x20 ./Drivers/STM32H7xx_HAL_Driver/Src/stm32h7xx_ll_rcc.o
 .text.LL_RCC_PLL1_GetR
                0x08004380       0x20 ./Drivers/STM32H7xx_HAL_Driver/Src/stm32h7xx_ll_rcc.o
 .text.LL_RCC_PLL1_GetFRACN
                0x080043a0       0x1c ./Drivers/STM32H7xx_HAL_Driver/Src/stm32h7xx_ll_rcc.o
 .text.LL_RCC_PLL2_IsReady
                0x080043bc       0x28 ./Drivers/STM32H7xx_HAL_Driver/Src/stm32h7xx_ll_rcc.o
 .text.LL_RCC_PLL2P_IsEnabled
                0x080043e4       0x28 ./Drivers/STM32H7xx_HAL_Driver/Src/stm32h7xx_ll_rcc.o
 .text.LL_RCC_PLL2Q_IsEnabled
                0x0800440c       0x28 ./Drivers/STM32H7xx_HAL_Driver/Src/stm32h7xx_ll_rcc.o
 .text.LL_RCC_PLL2R_IsEnabled
                0x08004434       0x28 ./Drivers/STM32H7xx_HAL_Driver/Src/stm32h7xx_ll_rcc.o
 .text.LL_RCC_PLL2FRACN_IsEnabled
                0x0800445c       0x24 ./Drivers/STM32H7xx_HAL_Driver/Src/stm32h7xx_ll_rcc.o
 .text.LL_RCC_PLL2_GetN
                0x08004480       0x1c ./Drivers/STM32H7xx_HAL_Driver/Src/stm32h7xx_ll_rcc.o
 .text.LL_RCC_PLL2_GetM
                0x0800449c       0x1c ./Drivers/STM32H7xx_HAL_Driver/Src/stm32h7xx_ll_rcc.o
 .text.LL_RCC_PLL2_GetP
                0x080044b8       0x20 ./Drivers/STM32H7xx_HAL_Driver/Src/stm32h7xx_ll_rcc.o
 .text.LL_RCC_PLL2_GetQ
                0x080044d8       0x20 ./Drivers/STM32H7xx_HAL_Driver/Src/stm32h7xx_ll_rcc.o
 .text.LL_RCC_PLL2_GetR
                0x080044f8       0x20 ./Drivers/STM32H7xx_HAL_Driver/Src/stm32h7xx_ll_rcc.o
 .text.LL_RCC_PLL2_GetFRACN
                0x08004518       0x1c ./Drivers/STM32H7xx_HAL_Driver/Src/stm32h7xx_ll_rcc.o
 .text.LL_RCC_PLL3_IsReady
                0x08004534       0x28 ./Drivers/STM32H7xx_HAL_Driver/Src/stm32h7xx_ll_rcc.o
 .text.LL_RCC_PLL3P_IsEnabled
                0x0800455c       0x28 ./Drivers/STM32H7xx_HAL_Driver/Src/stm32h7xx_ll_rcc.o
 .text.LL_RCC_PLL3Q_IsEnabled
                0x08004584       0x28 ./Drivers/STM32H7xx_HAL_Driver/Src/stm32h7xx_ll_rcc.o
 .text.LL_RCC_PLL3R_IsEnabled
                0x080045ac       0x28 ./Drivers/STM32H7xx_HAL_Driver/Src/stm32h7xx_ll_rcc.o
 .text.LL_RCC_PLL3FRACN_IsEnabled
                0x080045d4       0x28 ./Drivers/STM32H7xx_HAL_Driver/Src/stm32h7xx_ll_rcc.o
 .text.LL_RCC_PLL3_GetN
                0x080045fc       0x1c ./Drivers/STM32H7xx_HAL_Driver/Src/stm32h7xx_ll_rcc.o
 .text.LL_RCC_PLL3_GetM
                0x08004618       0x1c ./Drivers/STM32H7xx_HAL_Driver/Src/stm32h7xx_ll_rcc.o
 .text.LL_RCC_PLL3_GetP
                0x08004634       0x20 ./Drivers/STM32H7xx_HAL_Driver/Src/stm32h7xx_ll_rcc.o
 .text.LL_RCC_PLL3_GetQ
                0x08004654       0x20 ./Drivers/STM32H7xx_HAL_Driver/Src/stm32h7xx_ll_rcc.o
 .text.LL_RCC_PLL3_GetR
                0x08004674       0x20 ./Drivers/STM32H7xx_HAL_Driver/Src/stm32h7xx_ll_rcc.o
 .text.LL_RCC_PLL3_GetFRACN
                0x08004694       0x1c ./Drivers/STM32H7xx_HAL_Driver/Src/stm32h7xx_ll_rcc.o
 .text.LL_RCC_GetPLL1ClockFreq
                0x080046b0      0x130 ./Drivers/STM32H7xx_HAL_Driver/Src/stm32h7xx_ll_rcc.o
                0x080046b0                LL_RCC_GetPLL1ClockFreq
 .text.LL_RCC_GetPLL2ClockFreq
                0x080047e0      0x130 ./Drivers/STM32H7xx_HAL_Driver/Src/stm32h7xx_ll_rcc.o
                0x080047e0                LL_RCC_GetPLL2ClockFreq
 .text.LL_RCC_GetPLL3ClockFreq
                0x08004910      0x134 ./Drivers/STM32H7xx_HAL_Driver/Src/stm32h7xx_ll_rcc.o
                0x08004910                LL_RCC_GetPLL3ClockFreq
 .text.LL_RCC_CalcPLLClockFreq
                0x08004a44       0x80 ./Drivers/STM32H7xx_HAL_Driver/Src/stm32h7xx_ll_rcc.o
                0x08004a44                LL_RCC_CalcPLLClockFreq
 .text.LL_RCC_GetUSARTClockFreq
                0x08004ac4      0x1dc ./Drivers/STM32H7xx_HAL_Driver/Src/stm32h7xx_ll_rcc.o
                0x08004ac4                LL_RCC_GetUSARTClockFreq
 .text.RCC_GetSystemClockFreq
                0x08004ca0       0xc4 ./Drivers/STM32H7xx_HAL_Driver/Src/stm32h7xx_ll_rcc.o
 .text.RCC_GetHCLKClockFreq
                0x08004d64       0x2c ./Drivers/STM32H7xx_HAL_Driver/Src/stm32h7xx_ll_rcc.o
 .text.RCC_GetPCLK1ClockFreq
                0x08004d90       0x30 ./Drivers/STM32H7xx_HAL_Driver/Src/stm32h7xx_ll_rcc.o
 .text.RCC_GetPCLK2ClockFreq
                0x08004dc0       0x30 ./Drivers/STM32H7xx_HAL_Driver/Src/stm32h7xx_ll_rcc.o
 .text.LL_SPI_IsEnabled
                0x08004df0       0x26 ./Drivers/STM32H7xx_HAL_Driver/Src/stm32h7xx_ll_spi.o
 .text.LL_SPI_SetInternalSSLevel
                0x08004e16       0x26 ./Drivers/STM32H7xx_HAL_Driver/Src/stm32h7xx_ll_spi.o
 .text.LL_SPI_GetNSSPolarity
                0x08004e3c       0x1c ./Drivers/STM32H7xx_HAL_Driver/Src/stm32h7xx_ll_spi.o
 .text.LL_SPI_SetCRCPolynomial
                0x08004e58       0x1c ./Drivers/STM32H7xx_HAL_Driver/Src/stm32h7xx_ll_spi.o
 .text.LL_SPI_Init
                0x08004e74       0xfc ./Drivers/STM32H7xx_HAL_Driver/Src/stm32h7xx_ll_spi.o
                0x08004e74                LL_SPI_Init
 .text.LL_USART_IsEnabled
                0x08004f70       0x26 ./Drivers/STM32H7xx_HAL_Driver/Src/stm32h7xx_ll_usart.o
 .text.LL_USART_SetPrescaler
                0x08004f96       0x28 ./Drivers/STM32H7xx_HAL_Driver/Src/stm32h7xx_ll_usart.o
 .text.LL_USART_SetStopBitsLength
                0x08004fbe       0x26 ./Drivers/STM32H7xx_HAL_Driver/Src/stm32h7xx_ll_usart.o
 .text.LL_USART_SetHWFlowCtrl
                0x08004fe4       0x26 ./Drivers/STM32H7xx_HAL_Driver/Src/stm32h7xx_ll_usart.o
 *fill*         0x0800500a        0x2 
 .text.LL_USART_SetBaudRate
                0x0800500c       0xa0 ./Drivers/STM32H7xx_HAL_Driver/Src/stm32h7xx_ll_usart.o
 .text.LL_USART_Init
                0x080050ac      0x184 ./Drivers/STM32H7xx_HAL_Driver/Src/stm32h7xx_ll_usart.o
                0x080050ac                LL_USART_Init
 .text.LL_InitTick
                0x08005230       0x34 ./Drivers/STM32H7xx_HAL_Driver/Src/stm32h7xx_ll_utils.o
 .text.LL_Init1msTick
                0x08005264       0x1a ./Drivers/STM32H7xx_HAL_Driver/Src/stm32h7xx_ll_utils.o
                0x08005264                LL_Init1msTick
 *fill*         0x0800527e        0x2 
 .text.LL_mDelay
                0x08005280       0x50 ./Drivers/STM32H7xx_HAL_Driver/Src/stm32h7xx_ll_utils.o
                0x08005280                LL_mDelay
 .text.LL_SetSystemCoreClock
                0x080052d0       0x20 ./Drivers/STM32H7xx_HAL_Driver/Src/stm32h7xx_ll_utils.o
                0x080052d0                LL_SetSystemCoreClock
 .text.inv_imu_sleep_us
                0x080052f0       0x22 ./Drivers/icm45686/imu/inv_imu_driver.o
                0x080052f0                inv_imu_sleep_us
 .text.inv_imu_soft_reset
                0x08005312       0xd6 ./Drivers/icm45686/imu/inv_imu_driver.o
                0x08005312                inv_imu_soft_reset
 .text.inv_imu_get_who_am_i
                0x080053e8       0x3e ./Drivers/icm45686/imu/inv_imu_driver.o
                0x080053e8                inv_imu_get_who_am_i
 .text.inv_imu_set_accel_mode
                0x08005426       0x64 ./Drivers/icm45686/imu/inv_imu_driver.o
                0x08005426                inv_imu_set_accel_mode
 .text.inv_imu_set_gyro_mode
                0x0800548a       0x64 ./Drivers/icm45686/imu/inv_imu_driver.o
                0x0800548a                inv_imu_set_gyro_mode
 .text.inv_imu_set_accel_frequency
                0x080054ee       0x56 ./Drivers/icm45686/imu/inv_imu_driver.o
                0x080054ee                inv_imu_set_accel_frequency
 .text.inv_imu_set_gyro_frequency
                0x08005544       0x56 ./Drivers/icm45686/imu/inv_imu_driver.o
                0x08005544                inv_imu_set_gyro_frequency
 .text.inv_imu_set_accel_fsr
                0x0800559a       0x56 ./Drivers/icm45686/imu/inv_imu_driver.o
                0x0800559a                inv_imu_set_accel_fsr
 .text.inv_imu_set_gyro_fsr
                0x080055f0       0x56 ./Drivers/icm45686/imu/inv_imu_driver.o
                0x080055f0                inv_imu_set_gyro_fsr
 .text.inv_imu_get_endianness
                0x08005646       0x42 ./Drivers/icm45686/imu/inv_imu_driver.o
                0x08005646                inv_imu_get_endianness
 .text.inv_imu_adv_init
                0x08005688       0x84 ./Drivers/icm45686/imu/inv_imu_driver_advanced.o
                0x08005688                inv_imu_adv_init
 .text.inv_imu_adv_device_reset
                0x0800570c       0x58 ./Drivers/icm45686/imu/inv_imu_driver_advanced.o
                0x0800570c                inv_imu_adv_device_reset
 .text.inv_imu_adv_enable_accel_ln
                0x08005764       0x1a ./Drivers/icm45686/imu/inv_imu_driver_advanced.o
                0x08005764                inv_imu_adv_enable_accel_ln
 .text.inv_imu_adv_enable_gyro_ln
                0x0800577e       0x1a ./Drivers/icm45686/imu/inv_imu_driver_advanced.o
                0x0800577e                inv_imu_adv_enable_gyro_ln
 .text.parse_fifo_frame
                0x08005798      0x680 ./Drivers/icm45686/imu/inv_imu_driver_advanced.o
 .text.decode_compressed_event
                0x08005e18      0xf4c ./Drivers/icm45686/imu/inv_imu_driver_advanced.o
 .text.parse_compressed_fifo_frame
                0x08006d64       0x58 ./Drivers/icm45686/imu/inv_imu_driver_advanced.o
 .text.parse_uncompressed_fifo_frame
                0x08006dbc      0x2ba ./Drivers/icm45686/imu/inv_imu_driver_advanced.o
 .text.inv_imu_adv_parse_fifo_data
                0x08007076       0xf2 ./Drivers/icm45686/imu/inv_imu_driver_advanced.o
                0x08007076                inv_imu_adv_parse_fifo_data
 .text.inv_imu_adv_convert_odr_bitfield_to_us
                0x08007168       0xa8 ./Drivers/icm45686/imu/inv_imu_driver_advanced.o
                0x08007168                inv_imu_adv_convert_odr_bitfield_to_us
 .text.inv_imu_adv_get_fifo_config
                0x08007210      0x144 ./Drivers/icm45686/imu/inv_imu_driver_advanced.o
                0x08007210                inv_imu_adv_get_fifo_config
 .text.inv_imu_adv_set_fifo_config
                0x08007354      0x4cc ./Drivers/icm45686/imu/inv_imu_driver_advanced.o
                0x08007354                inv_imu_adv_set_fifo_config
 .text.configure_serial_interface
                0x08007820       0x86 ./Drivers/icm45686/imu/inv_imu_driver_advanced.o
 .text.init_fifo_compression
                0x080078a6       0x66 ./Drivers/icm45686/imu/inv_imu_driver_advanced.o
 .text.init_fsync_tag
                0x0800790c       0x40 ./Drivers/icm45686/imu/inv_imu_driver_advanced.o
 .text.inv_imu_read_reg
                0x0800794c       0x42 ./Drivers/icm45686/imu/inv_imu_transport.o
                0x0800794c                inv_imu_read_reg
 .text.inv_imu_write_reg
                0x0800798e       0x40 ./Drivers/icm45686/imu/inv_imu_transport.o
                0x0800798e                inv_imu_write_reg
 .text.read_dreg
                0x080079ce       0x36 ./Drivers/icm45686/imu/inv_imu_transport.o
 .text.write_dreg
                0x08007a04       0x36 ./Drivers/icm45686/imu/inv_imu_transport.o
 .text.check_out_of_bounds_mreg
                0x08007a3a       0xa0 ./Drivers/icm45686/imu/inv_imu_transport.o
 .text.read_mreg
                0x08007ada       0xa0 ./Drivers/icm45686/imu/inv_imu_transport.o
 .text.write_mreg
                0x08007b7a       0xae ./Drivers/icm45686/imu/inv_imu_transport.o
 .text.__assert_func
                0x08007c28       0x3c C:/ST/STM32CubeIDE_2.1.1/STM32CubeIDE/plugins/com.st.stm32cube.ide.mcu.externaltools.gnu-tools-for-stm32.14.3.rel1.win32_1.0.100.202602081740/tools/bin/../lib/gcc/arm-none-eabi/14.3.1/../../../../arm-none-eabi/lib/thumb/v7e-m+dp/hard\libc_nano.a(libc_a-assert.o)
                0x08007c28                __assert_func
 .text.std      0x08007c64       0x6c C:/ST/STM32CubeIDE_2.1.1/STM32CubeIDE/plugins/com.st.stm32cube.ide.mcu.externaltools.gnu-tools-for-stm32.14.3.rel1.win32_1.0.100.202602081740/tools/bin/../lib/gcc/arm-none-eabi/14.3.1/../../../../arm-none-eabi/lib/thumb/v7e-m+dp/hard\libc_nano.a(libc_a-findfp.o)
 .text.stdio_exit_handler
                0x08007cd0       0x18 C:/ST/STM32CubeIDE_2.1.1/STM32CubeIDE/plugins/com.st.stm32cube.ide.mcu.externaltools.gnu-tools-for-stm32.14.3.rel1.win32_1.0.100.202602081740/tools/bin/../lib/gcc/arm-none-eabi/14.3.1/../../../../arm-none-eabi/lib/thumb/v7e-m+dp/hard\libc_nano.a(libc_a-findfp.o)
 .text.cleanup_stdio
                0x08007ce8       0x40 C:/ST/STM32CubeIDE_2.1.1/STM32CubeIDE/plugins/com.st.stm32cube.ide.mcu.externaltools.gnu-tools-for-stm32.14.3.rel1.win32_1.0.100.202602081740/tools/bin/../lib/gcc/arm-none-eabi/14.3.1/../../../../arm-none-eabi/lib/thumb/v7e-m+dp/hard\libc_nano.a(libc_a-findfp.o)
 .text.global_stdio_init.part.0
                0x08007d28       0x40 C:/ST/STM32CubeIDE_2.1.1/STM32CubeIDE/plugins/com.st.stm32cube.ide.mcu.externaltools.gnu-tools-for-stm32.14.3.rel1.win32_1.0.100.202602081740/tools/bin/../lib/gcc/arm-none-eabi/14.3.1/../../../../arm-none-eabi/lib/thumb/v7e-m+dp/hard\libc_nano.a(libc_a-findfp.o)
 .text.__sfp_lock_acquire
                0x08007d68        0xc C:/ST/STM32CubeIDE_2.1.1/STM32CubeIDE/plugins/com.st.stm32cube.ide.mcu.externaltools.gnu-tools-for-stm32.14.3.rel1.win32_1.0.100.202602081740/tools/bin/../lib/gcc/arm-none-eabi/14.3.1/../../../../arm-none-eabi/lib/thumb/v7e-m+dp/hard\libc_nano.a(libc_a-findfp.o)
                0x08007d68                __sfp_lock_acquire
 .text.__sfp_lock_release
                0x08007d74        0xc C:/ST/STM32CubeIDE_2.1.1/STM32CubeIDE/plugins/com.st.stm32cube.ide.mcu.externaltools.gnu-tools-for-stm32.14.3.rel1.win32_1.0.100.202602081740/tools/bin/../lib/gcc/arm-none-eabi/14.3.1/../../../../arm-none-eabi/lib/thumb/v7e-m+dp/hard\libc_nano.a(libc_a-findfp.o)
                0x08007d74                __sfp_lock_release
 .text.__sinit  0x08007d80       0x30 C:/ST/STM32CubeIDE_2.1.1/STM32CubeIDE/plugins/com.st.stm32cube.ide.mcu.externaltools.gnu-tools-for-stm32.14.3.rel1.win32_1.0.100.202602081740/tools/bin/../lib/gcc/arm-none-eabi/14.3.1/../../../../arm-none-eabi/lib/thumb/v7e-m+dp/hard\libc_nano.a(libc_a-findfp.o)
                0x08007d80                __sinit
 .text.fprintf  0x08007db0       0x24 C:/ST/STM32CubeIDE_2.1.1/STM32CubeIDE/plugins/com.st.stm32cube.ide.mcu.externaltools.gnu-tools-for-stm32.14.3.rel1.win32_1.0.100.202602081740/tools/bin/../lib/gcc/arm-none-eabi/14.3.1/../../../../arm-none-eabi/lib/thumb/v7e-m+dp/hard\libc_nano.a(libc_a-fprintf.o)
                0x08007db0                fiprintf
                0x08007db0                fprintf
 .text._fwalk_sglue
                0x08007dd4       0x3c C:/ST/STM32CubeIDE_2.1.1/STM32CubeIDE/plugins/com.st.stm32cube.ide.mcu.externaltools.gnu-tools-for-stm32.14.3.rel1.win32_1.0.100.202602081740/tools/bin/../lib/gcc/arm-none-eabi/14.3.1/../../../../arm-none-eabi/lib/thumb/v7e-m+dp/hard\libc_nano.a(libc_a-fwalk.o)
                0x08007dd4                _fwalk_sglue
 .text.__sread  0x08007e10       0x22 C:/ST/STM32CubeIDE_2.1.1/STM32CubeIDE/plugins/com.st.stm32cube.ide.mcu.externaltools.gnu-tools-for-stm32.14.3.rel1.win32_1.0.100.202602081740/tools/bin/../lib/gcc/arm-none-eabi/14.3.1/../../../../arm-none-eabi/lib/thumb/v7e-m+dp/hard\libc_nano.a(libc_a-stdio.o)
                0x08007e10                __sread
 .text.__swrite
                0x08007e32       0x38 C:/ST/STM32CubeIDE_2.1.1/STM32CubeIDE/plugins/com.st.stm32cube.ide.mcu.externaltools.gnu-tools-for-stm32.14.3.rel1.win32_1.0.100.202602081740/tools/bin/../lib/gcc/arm-none-eabi/14.3.1/../../../../arm-none-eabi/lib/thumb/v7e-m+dp/hard\libc_nano.a(libc_a-stdio.o)
                0x08007e32                __swrite
 .text.__sseek  0x08007e6a       0x26 C:/ST/STM32CubeIDE_2.1.1/STM32CubeIDE/plugins/com.st.stm32cube.ide.mcu.externaltools.gnu-tools-for-stm32.14.3.rel1.win32_1.0.100.202602081740/tools/bin/../lib/gcc/arm-none-eabi/14.3.1/../../../../arm-none-eabi/lib/thumb/v7e-m+dp/hard\libc_nano.a(libc_a-stdio.o)
                0x08007e6a                __sseek
 .text.__sclose
                0x08007e90        0x8 C:/ST/STM32CubeIDE_2.1.1/STM32CubeIDE/plugins/com.st.stm32cube.ide.mcu.externaltools.gnu-tools-for-stm32.14.3.rel1.win32_1.0.100.202602081740/tools/bin/../lib/gcc/arm-none-eabi/14.3.1/../../../../arm-none-eabi/lib/thumb/v7e-m+dp/hard\libc_nano.a(libc_a-stdio.o)
                0x08007e90                __sclose
 .text.memset   0x08007e98       0x10 C:/ST/STM32CubeIDE_2.1.1/STM32CubeIDE/plugins/com.st.stm32cube.ide.mcu.externaltools.gnu-tools-for-stm32.14.3.rel1.win32_1.0.100.202602081740/tools/bin/../lib/gcc/arm-none-eabi/14.3.1/../../../../arm-none-eabi/lib/thumb/v7e-m+dp/hard\libc_nano.a(libc_a-memset.o)
                0x08007e98                memset
 .text._close_r
                0x08007ea8       0x20 C:/ST/STM32CubeIDE_2.1.1/STM32CubeIDE/plugins/com.st.stm32cube.ide.mcu.externaltools.gnu-tools-for-stm32.14.3.rel1.win32_1.0.100.202602081740/tools/bin/../lib/gcc/arm-none-eabi/14.3.1/../../../../arm-none-eabi/lib/thumb/v7e-m+dp/hard\libc_nano.a(libc_a-closer.o)
                0x08007ea8                _close_r
 .text._lseek_r
                0x08007ec8       0x24 C:/ST/STM32CubeIDE_2.1.1/STM32CubeIDE/plugins/com.st.stm32cube.ide.mcu.externaltools.gnu-tools-for-stm32.14.3.rel1.win32_1.0.100.202602081740/tools/bin/../lib/gcc/arm-none-eabi/14.3.1/../../../../arm-none-eabi/lib/thumb/v7e-m+dp/hard\libc_nano.a(libc_a-lseekr.o)
                0x08007ec8                _lseek_r
 .text._read_r  0x08007eec       0x24 C:/ST/STM32CubeIDE_2.1.1/STM32CubeIDE/plugins/com.st.stm32cube.ide.mcu.externaltools.gnu-tools-for-stm32.14.3.rel1.win32_1.0.100.202602081740/tools/bin/../lib/gcc/arm-none-eabi/14.3.1/../../../../arm-none-eabi/lib/thumb/v7e-m+dp/hard\libc_nano.a(libc_a-readr.o)
                0x08007eec                _read_r
 .text._write_r
                0x08007f10       0x24 C:/ST/STM32CubeIDE_2.1.1/STM32CubeIDE/plugins/com.st.stm32cube.ide.mcu.externaltools.gnu-tools-for-stm32.14.3.rel1.win32_1.0.100.202602081740/tools/bin/../lib/gcc/arm-none-eabi/14.3.1/../../../../arm-none-eabi/lib/thumb/v7e-m+dp/hard\libc_nano.a(libc_a-writer.o)
                0x08007f10                _write_r
 .text.__errno  0x08007f34        0xc C:/ST/STM32CubeIDE_2.1.1/STM32CubeIDE/plugins/com.st.stm32cube.ide.mcu.externaltools.gnu-tools-for-stm32.14.3.rel1.win32_1.0.100.202602081740/tools/bin/../lib/gcc/arm-none-eabi/14.3.1/../../../../arm-none-eabi/lib/thumb/v7e-m+dp/hard\libc_nano.a(libc_a-errno.o)
                0x08007f34                __errno
 .text.__libc_init_array
                0x08007f40       0x48 C:/ST/STM32CubeIDE_2.1.1/STM32CubeIDE/plugins/com.st.stm32cube.ide.mcu.externaltools.gnu-tools-for-stm32.14.3.rel1.win32_1.0.100.202602081740/tools/bin/../lib/gcc/arm-none-eabi/14.3.1/../../../../arm-none-eabi/lib/thumb/v7e-m+dp/hard\libc_nano.a(libc_a-init.o)
                0x08007f40                __libc_init_array
 .text.__retarget_lock_init_recursive
                0x08007f88        0x2 C:/ST/STM32CubeIDE_2.1.1/STM32CubeIDE/plugins/com.st.stm32cube.ide.mcu.externaltools.gnu-tools-for-stm32.14.3.rel1.win32_1.0.100.202602081740/tools/bin/../lib/gcc/arm-none-eabi/14.3.1/../../../../arm-none-eabi/lib/thumb/v7e-m+dp/hard\libc_nano.a(libc_a-lock.o)
                0x08007f88                __retarget_lock_init_recursive
 .text.__retarget_lock_acquire_recursive
                0x08007f8a        0x2 C:/ST/STM32CubeIDE_2.1.1/STM32CubeIDE/plugins/com.st.stm32cube.ide.mcu.externaltools.gnu-tools-for-stm32.14.3.rel1.win32_1.0.100.202602081740/tools/bin/../lib/gcc/arm-none-eabi/14.3.1/../../../../arm-none-eabi/lib/thumb/v7e-m+dp/hard\libc_nano.a(libc_a-lock.o)
                0x08007f8a                __retarget_lock_acquire_recursive
 .text.__retarget_lock_release_recursive
                0x08007f8c        0x2 C:/ST/STM32CubeIDE_2.1.1/STM32CubeIDE/plugins/com.st.stm32cube.ide.mcu.externaltools.gnu-tools-for-stm32.14.3.rel1.win32_1.0.100.202602081740/tools/bin/../lib/gcc/arm-none-eabi/14.3.1/../../../../arm-none-eabi/lib/thumb/v7e-m+dp/hard\libc_nano.a(libc_a-lock.o)
                0x08007f8c                __retarget_lock_release_recursive
 .text.memcpy   0x08007f8e       0x1c C:/ST/STM32CubeIDE_2.1.1/STM32CubeIDE/plugins/com.st.stm32cube.ide.mcu.externaltools.gnu-tools-for-stm32.14.3.rel1.win32_1.0.100.202602081740/tools/bin/../lib/gcc/arm-none-eabi/14.3.1/../../../../arm-none-eabi/lib/thumb/v7e-m+dp/hard\libc_nano.a(libc_a-memcpy-stub.o)
                0x08007f8e                memcpy
 .text.abort    0x08007faa        0xe C:/ST/STM32CubeIDE_2.1.1/STM32CubeIDE/plugins/com.st.stm32cube.ide.mcu.externaltools.gnu-tools-for-stm32.14.3.rel1.win32_1.0.100.202602081740/tools/bin/../lib/gcc/arm-none-eabi/14.3.1/../../../../arm-none-eabi/lib/thumb/v7e-m+dp/hard\libc_nano.a(libc_a-abort.o)
                0x08007faa                abort
 .text._free_r  0x08007fb8       0x94 C:/ST/STM32CubeIDE_2.1.1/STM32CubeIDE/plugins/com.st.stm32cube.ide.mcu.externaltools.gnu-tools-for-stm32.14.3.rel1.win32_1.0.100.202602081740/tools/bin/../lib/gcc/arm-none-eabi/14.3.1/../../../../arm-none-eabi/lib/thumb/v7e-m+dp/hard\libc_nano.a(libc_a-freer.o)
                0x08007fb8                _free_r
 .text.sbrk_aligned
                0x0800804c       0x44 C:/ST/STM32CubeIDE_2.1.1/STM32CubeIDE/plugins/com.st.stm32cube.ide.mcu.externaltools.gnu-tools-for-stm32.14.3.rel1.win32_1.0.100.202602081740/tools/bin/../lib/gcc/arm-none-eabi/14.3.1/../../../../arm-none-eabi/lib/thumb/v7e-m+dp/hard\libc_nano.a(libc_a-mallocr.o)
 .text._malloc_r
                0x08008090      0x100 C:/ST/STM32CubeIDE_2.1.1/STM32CubeIDE/plugins/com.st.stm32cube.ide.mcu.externaltools.gnu-tools-for-stm32.14.3.rel1.win32_1.0.100.202602081740/tools/bin/../lib/gcc/arm-none-eabi/14.3.1/../../../../arm-none-eabi/lib/thumb/v7e-m+dp/hard\libc_nano.a(libc_a-mallocr.o)
                0x08008090                _malloc_r
 .text.__malloc_lock
                0x08008190        0xc C:/ST/STM32CubeIDE_2.1.1/STM32CubeIDE/plugins/com.st.stm32cube.ide.mcu.externaltools.gnu-tools-for-stm32.14.3.rel1.win32_1.0.100.202602081740/tools/bin/../lib/gcc/arm-none-eabi/14.3.1/../../../../arm-none-eabi/lib/thumb/v7e-m+dp/hard\libc_nano.a(libc_a-mlock.o)
                0x08008190                __malloc_lock
 .text.__malloc_unlock
                0x0800819c        0xc C:/ST/STM32CubeIDE_2.1.1/STM32CubeIDE/plugins/com.st.stm32cube.ide.mcu.externaltools.gnu-tools-for-stm32.14.3.rel1.win32_1.0.100.202602081740/tools/bin/../lib/gcc/arm-none-eabi/14.3.1/../../../../arm-none-eabi/lib/thumb/v7e-m+dp/hard\libc_nano.a(libc_a-mlock.o)
                0x0800819c                __malloc_unlock
 .text.__sfputc_r
                0x080081a8       0x2e C:/ST/STM32CubeIDE_2.1.1/STM32CubeIDE/plugins/com.st.stm32cube.ide.mcu.externaltools.gnu-tools-for-stm32.14.3.rel1.win32_1.0.100.202602081740/tools/bin/../lib/gcc/arm-none-eabi/14.3.1/../../../../arm-none-eabi/lib/thumb/v7e-m+dp/hard\libc_nano.a(libc_a-nano-vfprintf.o)
 .text.__sfputs_r
                0x080081d6       0x24 C:/ST/STM32CubeIDE_2.1.1/STM32CubeIDE/plugins/com.st.stm32cube.ide.mcu.externaltools.gnu-tools-for-stm32.14.3.rel1.win32_1.0.100.202602081740/tools/bin/../lib/gcc/arm-none-eabi/14.3.1/../../../../arm-none-eabi/lib/thumb/v7e-m+dp/hard\libc_nano.a(libc_a-nano-vfprintf.o)
                0x080081d6                __sfputs_r
 *fill*         0x080081fa        0x2 
 .text._vfprintf_r
                0x080081fc      0x228 C:/ST/STM32CubeIDE_2.1.1/STM32CubeIDE/plugins/com.st.stm32cube.ide.mcu.externaltools.gnu-tools-for-stm32.14.3.rel1.win32_1.0.100.202602081740/tools/bin/../lib/gcc/arm-none-eabi/14.3.1/../../../../arm-none-eabi/lib/thumb/v7e-m+dp/hard\libc_nano.a(libc_a-nano-vfprintf.o)
                0x080081fc                _vfprintf_r
                0x080081fc                _vfiprintf_r
 .text._printf_common
                0x08008424       0xda C:/ST/STM32CubeIDE_2.1.1/STM32CubeIDE/plugins/com.st.stm32cube.ide.mcu.externaltools.gnu-tools-for-stm32.14.3.rel1.win32_1.0.100.202602081740/tools/bin/../lib/gcc/arm-none-eabi/14.3.1/../../../../arm-none-eabi/lib/thumb/v7e-m+dp/hard\libc_nano.a(libc_a-nano-vfprintf_i.o)
                0x08008424                _printf_common
 *fill*         0x080084fe        0x2 
 .text._printf_i
                0x08008500      0x24c C:/ST/STM32CubeIDE_2.1.1/STM32CubeIDE/plugins/com.st.stm32cube.ide.mcu.externaltools.gnu-tools-for-stm32.14.3.rel1.win32_1.0.100.202602081740/tools/bin/../lib/gcc/arm-none-eabi/14.3.1/../../../../arm-none-eabi/lib/thumb/v7e-m+dp/hard\libc_nano.a(libc_a-nano-vfprintf_i.o)
                0x08008500                _printf_i
 .text.__sflush_r
                0x0800874c      0x104 C:/ST/STM32CubeIDE_2.1.1/STM32CubeIDE/plugins/com.st.stm32cube.ide.mcu.externaltools.gnu-tools-for-stm32.14.3.rel1.win32_1.0.100.202602081740/tools/bin/../lib/gcc/arm-none-eabi/14.3.1/../../../../arm-none-eabi/lib/thumb/v7e-m+dp/hard\libc_nano.a(libc_a-fflush.o)
                0x0800874c                __sflush_r
 .text._fflush_r
                0x08008850       0x50 C:/ST/STM32CubeIDE_2.1.1/STM32CubeIDE/plugins/com.st.stm32cube.ide.mcu.externaltools.gnu-tools-for-stm32.14.3.rel1.win32_1.0.100.202602081740/tools/bin/../lib/gcc/arm-none-eabi/14.3.1/../../../../arm-none-eabi/lib/thumb/v7e-m+dp/hard\libc_nano.a(libc_a-fflush.o)
                0x08008850                _fflush_r
 .text.__swbuf_r
                0x080088a0       0x7c C:/ST/STM32CubeIDE_2.1.1/STM32CubeIDE/plugins/com.st.stm32cube.ide.mcu.externaltools.gnu-tools-for-stm32.14.3.rel1.win32_1.0.100.202602081740/tools/bin/../lib/gcc/arm-none-eabi/14.3.1/../../../../arm-none-eabi/lib/thumb/v7e-m+dp/hard\libc_nano.a(libc_a-wbuf.o)
                0x080088a0                __swbuf_r
 .text.__swsetup_r
                0x0800891c       0xa8 C:/ST/STM32CubeIDE_2.1.1/STM32CubeIDE/plugins/com.st.stm32cube.ide.mcu.externaltools.gnu-tools-for-stm32.14.3.rel1.win32_1.0.100.202602081740/tools/bin/../lib/gcc/arm-none-eabi/14.3.1/../../../../arm-none-eabi/lib/thumb/v7e-m+dp/hard\libc_nano.a(libc_a-wsetup.o)
                0x0800891c                __swsetup_r
 .text._raise_r
                0x080089c4       0x50 C:/ST/STM32CubeIDE_2.1.1/STM32CubeIDE/plugins/com.st.stm32cube.ide.mcu.externaltools.gnu-tools-for-stm32.14.3.rel1.win32_1.0.100.202602081740/tools/bin/../lib/gcc/arm-none-eabi/14.3.1/../../../../arm-none-eabi/lib/thumb/v7e-m+dp/hard\libc_nano.a(libc_a-signal.o)
                0x080089c4                _raise_r
 .text.raise    0x08008a14       0x10 C:/ST/STM32CubeIDE_2.1.1/STM32CubeIDE/plugins/com.st.stm32cube.ide.mcu.externaltools.gnu-tools-for-stm32.14.3.rel1.win32_1.0.100.202602081740/tools/bin/../lib/gcc/arm-none-eabi/14.3.1/../../../../arm-none-eabi/lib/thumb/v7e-m+dp/hard\libc_nano.a(libc_a-signal.o)
                0x08008a14                raise
 .text._kill_r  0x08008a24       0x24 C:/ST/STM32CubeIDE_2.1.1/STM32CubeIDE/plugins/com.st.stm32cube.ide.mcu.externaltools.gnu-tools-for-stm32.14.3.rel1.win32_1.0.100.202602081740/tools/bin/../lib/gcc/arm-none-eabi/14.3.1/../../../../arm-none-eabi/lib/thumb/v7e-m+dp/hard\libc_nano.a(libc_a-signalr.o)
                0x08008a24                _kill_r
 .text._getpid_r
                0x08008a48        0x4 C:/ST/STM32CubeIDE_2.1.1/STM32CubeIDE/plugins/com.st.stm32cube.ide.mcu.externaltools.gnu-tools-for-stm32.14.3.rel1.win32_1.0.100.202602081740/tools/bin/../lib/gcc/arm-none-eabi/14.3.1/../../../../arm-none-eabi/lib/thumb/v7e-m+dp/hard\libc_nano.a(libc_a-signalr.o)
                0x08008a48                _getpid_r
 .text._sbrk_r  0x08008a4c       0x20 C:/ST/STM32CubeIDE_2.1.1/STM32CubeIDE/plugins/com.st.stm32cube.ide.mcu.externaltools.gnu-tools-for-stm32.14.3.rel1.win32_1.0.100.202602081740/tools/bin/../lib/gcc/arm-none-eabi/14.3.1/../../../../arm-none-eabi/lib/thumb/v7e-m+dp/hard\libc_nano.a(libc_a-sbrkr.o)
                0x08008a4c                _sbrk_r
 .text.__swhatbuf_r
                0x08008a6c       0x48 C:/ST/STM32CubeIDE_2.1.1/STM32CubeIDE/plugins/com.st.stm32cube.ide.mcu.externaltools.gnu-tools-for-stm32.14.3.rel1.win32_1.0.100.202602081740/tools/bin/../lib/gcc/arm-none-eabi/14.3.1/../../../../arm-none-eabi/lib/thumb/v7e-m+dp/hard\libc_nano.a(libc_a-makebuf.o)
                0x08008a6c                __swhatbuf_r
 .text.__smakebuf_r
                0x08008ab4       0x72 C:/ST/STM32CubeIDE_2.1.1/STM32CubeIDE/plugins/com.st.stm32cube.ide.mcu.externaltools.gnu-tools-for-stm32.14.3.rel1.win32_1.0.100.202602081740/tools/bin/../lib/gcc/arm-none-eabi/14.3.1/../../../../arm-none-eabi/lib/thumb/v7e-m+dp/hard\libc_nano.a(libc_a-makebuf.o)
                0x08008ab4                __smakebuf_r
 *fill*         0x08008b26        0x2 
 .text._fstat_r
                0x08008b28       0x24 C:/ST/STM32CubeIDE_2.1.1/STM32CubeIDE/plugins/com.st.stm32cube.ide.mcu.externaltools.gnu-tools-for-stm32.14.3.rel1.win32_1.0.100.202602081740/tools/bin/../lib/gcc/arm-none-eabi/14.3.1/../../../../arm-none-eabi/lib/thumb/v7e-m+dp/hard\libc_nano.a(libc_a-fstatr.o)
                0x08008b28                _fstat_r
 .text._isatty_r
                0x08008b4c       0x20 C:/ST/STM32CubeIDE_2.1.1/STM32CubeIDE/plugins/com.st.stm32cube.ide.mcu.externaltools.gnu-tools-for-stm32.14.3.rel1.win32_1.0.100.202602081740/tools/bin/../lib/gcc/arm-none-eabi/14.3.1/../../../../arm-none-eabi/lib/thumb/v7e-m+dp/hard\libc_nano.a(libc_a-isattyr.o)
                0x08008b4c                _isatty_r
 *(.glue_7)
 .glue_7        0x08008b6c        0x0 linker stubs
 *(.glue_7t)
 .glue_7t       0x08008b6c        0x0 linker stubs
 *(.eh_frame)
 .eh_frame      0x08008b6c        0x0 C:/ST/STM32CubeIDE_2.1.1/STM32CubeIDE/plugins/com.st.stm32cube.ide.mcu.externaltools.gnu-tools-for-stm32.14.3.rel1.win32_1.0.100.202602081740/tools/bin/../lib/gcc/arm-none-eabi/14.3.1/thumb/v7e-m+dp/hard/crtbegin.o
 *(.init)
 .init          0x08008b6c        0x4 C:/ST/STM32CubeIDE_2.1.1/STM32CubeIDE/plugins/com.st.stm32cube.ide.mcu.externaltools.gnu-tools-for-stm32.14.3.rel1.win32_1.0.100.202602081740/tools/bin/../lib/gcc/arm-none-eabi/14.3.1/thumb/v7e-m+dp/hard/crti.o
                0x08008b6c                _init
 .init          0x08008b70        0x8 C:/ST/STM32CubeIDE_2.1.1/STM32CubeIDE/plugins/com.st.stm32cube.ide.mcu.externaltools.gnu-tools-for-stm32.14.3.rel1.win32_1.0.100.202602081740/tools/bin/../lib/gcc/arm-none-eabi/14.3.1/thumb/v7e-m+dp/hard/crtn.o
 *(.fini)
 .fini          0x08008b78        0x4 C:/ST/STM32CubeIDE_2.1.1/STM32CubeIDE/plugins/com.st.stm32cube.ide.mcu.externaltools.gnu-tools-for-stm32.14.3.rel1.win32_1.0.100.202602081740/tools/bin/../lib/gcc/arm-none-eabi/14.3.1/thumb/v7e-m+dp/hard/crti.o
                0x08008b78                _fini
 .fini          0x08008b7c        0x8 C:/ST/STM32CubeIDE_2.1.1/STM32CubeIDE/plugins/com.st.stm32cube.ide.mcu.externaltools.gnu-tools-for-stm32.14.3.rel1.win32_1.0.100.202602081740/tools/bin/../lib/gcc/arm-none-eabi/14.3.1/thumb/v7e-m+dp/hard/crtn.o
                0x08008b84                        . = ALIGN (0x4)
                0x08008b84                        _etext = .

.vfp11_veneer   0x08008b84        0x0
 .vfp11_veneer  0x08008b84        0x0 linker stubs

.v4_bx          0x08008b84        0x0
 .v4_bx         0x08008b84        0x0 linker stubs

.iplt           0x08008b84        0x0
 .iplt          0x08008b84        0x0 C:/ST/STM32CubeIDE_2.1.1/STM32CubeIDE/plugins/com.st.stm32cube.ide.mcu.externaltools.gnu-tools-for-stm32.14.3.rel1.win32_1.0.100.202602081740/tools/bin/../lib/gcc/arm-none-eabi/14.3.1/thumb/v7e-m+dp/hard/crtbegin.o

.rodata         0x08008b84    0x88db4
                0x08008b84                        . = ALIGN (0x4)
 *(.rodata)
 .rodata        0x08008b84       0x57 ./Core/Src/imu_calib_flash.o
 *(.rodata*)
 *fill*         0x08008bdb        0x1 
 .rodata.__func__.3
                0x08008bdc       0x11 ./Core/Src/imu_calib_flash.o
 *fill*         0x08008bed        0x3 
 .rodata.__func__.2
                0x08008bf0       0x12 ./Core/Src/imu_calib_flash.o
 *fill*         0x08008c02        0x2 
 .rodata.__func__.1
                0x08008c04       0x11 ./Core/Src/imu_calib_flash.o
 *fill*         0x08008c15        0x3 
 .rodata.__func__.0
                0x08008c18       0x12 ./Core/Src/imu_calib_flash.o
 *fill*         0x08008c2a        0x2 
 .rodata.g_temp_nodes
                0x08008c2c       0x90 ./Core/Src/imu_calib_tables.o
                0x08008c2c                g_temp_nodes
 .rodata.g_rate_nodes
                0x08008cbc       0x84 ./Core/Src/imu_calib_tables.o
                0x08008cbc                g_rate_nodes
 .rodata.g_imu_calib_flash
                0x08008d40    0x88b00 ./Core/Src/imu_calib_tables.o
                0x08008d40                g_imu_calib_flash
 .rodata.LL_DMA_STR_OFFSET_TAB
                0x08091840        0x8 ./Core/Src/main_6imu.o
 .rodata.cs_table
                0x08091848       0x30 ./Core/Src/spi6_imu_port.o
 .rodata.g_idx  0x08091878        0x6 ./Core/Src/spi6_imu_port.o
 *fill*         0x0809187e        0x2 
 .rodata.LL_DMA_STR_OFFSET_TAB
                0x08091880        0x8 ./Core/Src/stm32h7xx_it_6imu.o
 .rodata.LL_RCC_PrescTable
                0x08091888       0x10 ./Drivers/STM32H7xx_HAL_Driver/Src/stm32h7xx_ll_rcc.o
                0x08091888                LL_RCC_PrescTable
 .rodata.USART_PRESCALER_TAB
                0x08091898       0x30 ./Drivers/STM32H7xx_HAL_Driver/Src/stm32h7xx_ll_usart.o
 .rodata.__assert_func.str1.1
                0x080918c8       0x6f C:/ST/STM32CubeIDE_2.1.1/STM32CubeIDE/plugins/com.st.stm32cube.ide.mcu.externaltools.gnu-tools-for-stm32.14.3.rel1.win32_1.0.100.202602081740/tools/bin/../lib/gcc/arm-none-eabi/14.3.1/../../../../arm-none-eabi/lib/thumb/v7e-m+dp/hard\libc_nano.a(libc_a-assert.o)
                                 0x3d (size before relaxing)
 .rodata._vfprintf_r.str1.1
                0x08091937       0x11 C:/ST/STM32CubeIDE_2.1.1/STM32CubeIDE/plugins/com.st.stm32cube.ide.mcu.externaltools.gnu-tools-for-stm32.14.3.rel1.win32_1.0.100.202602081740/tools/bin/../lib/gcc/arm-none-eabi/14.3.1/../../../../arm-none-eabi/lib/thumb/v7e-m+dp/hard\libc_nano.a(libc_a-nano-vfprintf.o)
 .rodata._printf_i.str1.1
                0x08091937       0x22 C:/ST/STM32CubeIDE_2.1.1/STM32CubeIDE/plugins/com.st.stm32cube.ide.mcu.externaltools.gnu-tools-for-stm32.14.3.rel1.win32_1.0.100.202602081740/tools/bin/../lib/gcc/arm-none-eabi/14.3.1/../../../../arm-none-eabi/lib/thumb/v7e-m+dp/hard\libc_nano.a(libc_a-nano-vfprintf_i.o)
                0x0809195c                        . = ALIGN (0x4)
 *fill*         0x08091937        0x1 

.ARM.extab
 *(.ARM.extab* .gnu.linkonce.armextab.*)

.ARM            0x08091938        0x8
                0x08091938                        __exidx_start = .
 *(.ARM.exidx*)
 .ARM.exidx     0x08091938        0x8 C:/ST/STM32CubeIDE_2.1.1/STM32CubeIDE/plugins/com.st.stm32cube.ide.mcu.externaltools.gnu-tools-for-stm32.14.3.rel1.win32_1.0.100.202602081740/tools/bin/../lib/gcc/arm-none-eabi/14.3.1/../../../../arm-none-eabi/lib/thumb/v7e-m+dp/hard\libc_nano.a(libc_a-memchr.o)
                0x08091940                        __exidx_end = .

.preinit_array  0x08091940        0x0
                0x08091940                        PROVIDE (__preinit_array_start = .)
 *(.preinit_array*)
                0x08091940                        PROVIDE (__preinit_array_end = .)

.init_array     0x08091940        0x4
                0x08091940                        PROVIDE (__init_array_start = .)
 *(SORT_BY_NAME(.init_array.*))
 *(.init_array*)
 .init_array    0x08091940        0x4 C:/ST/STM32CubeIDE_2.1.1/STM32CubeIDE/plugins/com.st.stm32cube.ide.mcu.externaltools.gnu-tools-for-stm32.14.3.rel1.win32_1.0.100.202602081740/tools/bin/../lib/gcc/arm-none-eabi/14.3.1/thumb/v7e-m+dp/hard/crtbegin.o
                0x08091944                        PROVIDE (__init_array_end = .)

.fini_array     0x08091944        0x4
                [!provide]                        PROVIDE (__fini_array_start = .)
 *(SORT_BY_NAME(.fini_array.*))
 *(.fini_array*)
 .fini_array    0x08091944        0x4 C:/ST/STM32CubeIDE_2.1.1/STM32CubeIDE/plugins/com.st.stm32cube.ide.mcu.externaltools.gnu-tools-for-stm32.14.3.rel1.win32_1.0.100.202602081740/tools/bin/../lib/gcc/arm-none-eabi/14.3.1/thumb/v7e-m+dp/hard/crtbegin.o
                [!provide]                        PROVIDE (__fini_array_end = .)
                0x08091948                        _sidata = LOADADDR (.data)

.rel.dyn        0x08091948        0x0
 .rel.iplt      0x08091948        0x0 C:/ST/STM32CubeIDE_2.1.1/STM32CubeIDE/plugins/com.st.stm32cube.ide.mcu.externaltools.gnu-tools-for-stm32.14.3.rel1.win32_1.0.100.202602081740/tools/bin/../lib/gcc/arm-none-eabi/14.3.1/thumb/v7e-m+dp/hard/crtbegin.o

.data           0x24000000       0x60 load address 0x08091948
                0x24000000                        . = ALIGN (0x4)
                0x24000000                        _sdata = .
 *(.data)
 *(.data*)
 .data.SystemCoreClock
                0x24000000        0x4 ./Core/Src/system_stm32h7xx.o
                0x24000000                SystemCoreClock
 .data.__sglue  0x24000004        0xc C:/ST/STM32CubeIDE_2.1.1/STM32CubeIDE/plugins/com.st.stm32cube.ide.mcu.externaltools.gnu-tools-for-stm32.14.3.rel1.win32_1.0.100.202602081740/tools/bin/../lib/gcc/arm-none-eabi/14.3.1/../../../../arm-none-eabi/lib/thumb/v7e-m+dp/hard\libc_nano.a(libc_a-findfp.o)
                0x24000004                __sglue
 .data._impure_ptr
                0x24000010        0x4 C:/ST/STM32CubeIDE_2.1.1/STM32CubeIDE/plugins/com.st.stm32cube.ide.mcu.externaltools.gnu-tools-for-stm32.14.3.rel1.win32_1.0.100.202602081740/tools/bin/../lib/gcc/arm-none-eabi/14.3.1/../../../../arm-none-eabi/lib/thumb/v7e-m+dp/hard\libc_nano.a(libc_a-impure.o)
                0x24000010                _impure_ptr
 .data._impure_data
                0x24000014       0x4c C:/ST/STM32CubeIDE_2.1.1/STM32CubeIDE/plugins/com.st.stm32cube.ide.mcu.externaltools.gnu-tools-for-stm32.14.3.rel1.win32_1.0.100.202602081740/tools/bin/../lib/gcc/arm-none-eabi/14.3.1/../../../../arm-none-eabi/lib/thumb/v7e-m+dp/hard\libc_nano.a(libc_a-impure.o)
                0x24000014                _impure_data
 *(.RamFunc)
 *(.RamFunc*)
                0x24000060                        . = ALIGN (0x4)
                0x24000060                        _edata = .

.igot.plt       0x24000060        0x0 load address 0x080919a8
 .igot.plt      0x24000060        0x0 C:/ST/STM32CubeIDE_2.1.1/STM32CubeIDE/plugins/com.st.stm32cube.ide.mcu.externaltools.gnu-tools-for-stm32.14.3.rel1.win32_1.0.100.202602081740/tools/bin/../lib/gcc/arm-none-eabi/14.3.1/thumb/v7e-m+dp/hard/crtbegin.o
                0x24000060                        . = ALIGN (0x4)

.bss            0x24000060    0x18b84 load address 0x080919a8
                0x24000060                        _sbss = .
                0x24000060                        __bss_start__ = _sbss
 *(.bss)
 .bss           0x24000060       0x1c C:/ST/STM32CubeIDE_2.1.1/STM32CubeIDE/plugins/com.st.stm32cube.ide.mcu.externaltools.gnu-tools-for-stm32.14.3.rel1.win32_1.0.100.202602081740/tools/bin/../lib/gcc/arm-none-eabi/14.3.1/thumb/v7e-m+dp/hard/crtbegin.o
 *(.bss*)
 .bss.tx_buf    0x2400007c     0x9000 ./Core/Src/main_6imu.o
 .bss.tx_len    0x2400907c      0x800 ./Core/Src/main_6imu.o
 .bss.tx_head   0x2400987c        0x4 ./Core/Src/main_6imu.o
                0x2400987c                tx_head
 .bss.tx_tail   0x24009880        0x4 ./Core/Src/main_6imu.o
                0x24009880                tx_tail
 .bss.uart_tx_busy
                0x24009884        0x1 ./Core/Src/main_6imu.o
                0x24009884                uart_tx_busy
 *fill*         0x24009885        0x3 
 .bss.imu_buf   0x24009888     0xf000 ./Core/Src/main_6imu.o
 .bss.imu_head  0x24018888       0x18 ./Core/Src/main_6imu.o
 .bss.imu_tail  0x240188a0       0x18 ./Core/Src/main_6imu.o
 .bss.imu_sample_cnt
                0x240188b8       0x18 ./Core/Src/main_6imu.o
 .bss.imu_dev   0x240188d0      0x1b0 ./Core/Src/main_6imu.o
 .bss.cb_current_imu
                0x24018a80        0x1 ./Core/Src/main_6imu.o
                0x24018a80                cb_current_imu
 .bss.g_device_mode
                0x24018a81        0x1 ./Core/Src/main_6imu.o
                0x24018a81                g_device_mode
 *fill*         0x24018a82        0x2 
 .bss.dma_start_cnt
                0x24018a84        0x4 ./Core/Src/main_6imu.o
                0x24018a84                dma_start_cnt
 .bss.dma_tc_cnt
                0x24018a88        0x4 ./Core/Src/main_6imu.o
                0x24018a88                dma_tc_cnt
 .bss.g_dev     0x24018a8c        0x4 ./Core/Src/spi6_imu_port.o
 .bss.g_dma_done
                0x24018a90        0x1 ./Core/Src/spi6_imu_port.o
 .bss.g_cur_imu
                0x24018a91        0x1 ./Core/Src/spi6_imu_port.o
 *fill*         0x24018a92        0x2 
 .bss.__sbrk_heap_end
                0x24018a94        0x4 ./Core/Src/sysmem.o
 .bss.__sf      0x24018a98      0x138 C:/ST/STM32CubeIDE_2.1.1/STM32CubeIDE/plugins/com.st.stm32cube.ide.mcu.externaltools.gnu-tools-for-stm32.14.3.rel1.win32_1.0.100.202602081740/tools/bin/../lib/gcc/arm-none-eabi/14.3.1/../../../../arm-none-eabi/lib/thumb/v7e-m+dp/hard\libc_nano.a(libc_a-findfp.o)
                0x24018a98                __sf
 .bss.__stdio_exit_handler
                0x24018bd0        0x4 C:/ST/STM32CubeIDE_2.1.1/STM32CubeIDE/plugins/com.st.stm32cube.ide.mcu.externaltools.gnu-tools-for-stm32.14.3.rel1.win32_1.0.100.202602081740/tools/bin/../lib/gcc/arm-none-eabi/14.3.1/../../../../arm-none-eabi/lib/thumb/v7e-m+dp/hard\libc_nano.a(libc_a-findfp.o)
                0x24018bd0                __stdio_exit_handler
 .bss.errno     0x24018bd4        0x4 C:/ST/STM32CubeIDE_2.1.1/STM32CubeIDE/plugins/com.st.stm32cube.ide.mcu.externaltools.gnu-tools-for-stm32.14.3.rel1.win32_1.0.100.202602081740/tools/bin/../lib/gcc/arm-none-eabi/14.3.1/../../../../arm-none-eabi/lib/thumb/v7e-m+dp/hard\libc_nano.a(libc_a-reent.o)
                0x24018bd4                errno
 .bss.__lock___malloc_recursive_mutex
                0x24018bd8        0x1 C:/ST/STM32CubeIDE_2.1.1/STM32CubeIDE/plugins/com.st.stm32cube.ide.mcu.externaltools.gnu-tools-for-stm32.14.3.rel1.win32_1.0.100.202602081740/tools/bin/../lib/gcc/arm-none-eabi/14.3.1/../../../../arm-none-eabi/lib/thumb/v7e-m+dp/hard\libc_nano.a(libc_a-lock.o)
                0x24018bd8                __lock___malloc_recursive_mutex
 .bss.__lock___sfp_recursive_mutex
                0x24018bd9        0x1 C:/ST/STM32CubeIDE_2.1.1/STM32CubeIDE/plugins/com.st.stm32cube.ide.mcu.externaltools.gnu-tools-for-stm32.14.3.rel1.win32_1.0.100.202602081740/tools/bin/../lib/gcc/arm-none-eabi/14.3.1/../../../../arm-none-eabi/lib/thumb/v7e-m+dp/hard\libc_nano.a(libc_a-lock.o)
                0x24018bd9                __lock___sfp_recursive_mutex
 *fill*         0x24018bda        0x2 
 .bss.__malloc_sbrk_start
                0x24018bdc        0x4 C:/ST/STM32CubeIDE_2.1.1/STM32CubeIDE/plugins/com.st.stm32cube.ide.mcu.externaltools.gnu-tools-for-stm32.14.3.rel1.win32_1.0.100.202602081740/tools/bin/../lib/gcc/arm-none-eabi/14.3.1/../../../../arm-none-eabi/lib/thumb/v7e-m+dp/hard\libc_nano.a(libc_a-mallocr.o)
                0x24018bdc                __malloc_sbrk_start
 .bss.__malloc_free_list
                0x24018be0        0x4 C:/ST/STM32CubeIDE_2.1.1/STM32CubeIDE/plugins/com.st.stm32cube.ide.mcu.externaltools.gnu-tools-for-stm32.14.3.rel1.win32_1.0.100.202602081740/tools/bin/../lib/gcc/arm-none-eabi/14.3.1/../../../../arm-none-eabi/lib/thumb/v7e-m+dp/hard\libc_nano.a(libc_a-mallocr.o)
                0x24018be0                __malloc_free_list
 *(COMMON)
                0x24018be4                        . = ALIGN (0x4)
                0x24018be4                        _ebss = .
                0x24018be4                        __bss_end__ = _ebss

._user_heap_stack
                0x24018be4      0x604 load address 0x080919a8
                0x24018be8                        . = ALIGN (0x8)
 *fill*         0x24018be4        0x4 
                [!provide]                        PROVIDE (end = .)
                0x24018be8                        PROVIDE (_end = .)
                0x24018de8                        . = (. + _Min_Heap_Size)
 *fill*         0x24018be8      0x200 
                0x240191e8                        . = (. + _Min_Stack_Size)
 *fill*         0x24018de8      0x400 
                0x240191e8                        . = ALIGN (0x8)

.sram4          0x38000000     0x1124
                0x38000000                        . = ALIGN (0x4)
                0x38000000                        _ssram4 = .
 *(.sram4)
 .sram4         0x38000000     0x1121 ./Core/Src/spi6_imu_port.o
 *(.sram4*)
                0x38001124                        . = ALIGN (0x4)
 *fill*         0x38001121        0x3 
                0x38001124                        _esram4 = .

/DISCARD/
 libc.a(*)
 libm.a(*)
 libgcc.a(*)

.ARM.attributes
                0x00000000       0x2e
 *(.ARM.attributes)
 .ARM.attributes
                0x00000000       0x20 C:/ST/STM32CubeIDE_2.1.1/STM32CubeIDE/plugins/com.st.stm32cube.ide.mcu.externaltools.gnu-tools-for-stm32.14.3.rel1.win32_1.0.100.202602081740/tools/bin/../lib/gcc/arm-none-eabi/14.3.1/thumb/v7e-m+dp/hard/crti.o
 .ARM.attributes
                0x00000020       0x32 C:/ST/STM32CubeIDE_2.1.1/STM32CubeIDE/plugins/com.st.stm32cube.ide.mcu.externaltools.gnu-tools-for-stm32.14.3.rel1.win32_1.0.100.202602081740/tools/bin/../lib/gcc/arm-none-eabi/14.3.1/thumb/v7e-m+dp/hard/crtbegin.o
 .ARM.attributes
                0x00000052       0x32 ./Core/Src/imu_calib_flash.o
 .ARM.attributes
                0x00000084       0x32 ./Core/Src/imu_calib_tables.o
 .ARM.attributes
                0x000000b6       0x32 ./Core/Src/main_6imu.o
 .ARM.attributes
                0x000000e8       0x32 ./Core/Src/spi6_imu_port.o
 .ARM.attributes
                0x0000011a       0x32 ./Core/Src/stm32h7xx_it_6imu.o
 .ARM.attributes
                0x0000014c       0x32 ./Core/Src/syscalls.o
 .ARM.attributes
                0x0000017e       0x32 ./Core/Src/sysmem.o
 .ARM.attributes
                0x000001b0       0x32 ./Core/Src/system_stm32h7xx.o
 .ARM.attributes
                0x000001e2       0x21 ./Core/Startup/startup_stm32h723zgtx.o
 .ARM.attributes
                0x00000203       0x32 ./Drivers/STM32H7xx_HAL_Driver/Src/stm32h7xx_ll_gpio.o
 .ARM.attributes
                0x00000235       0x32 ./Drivers/STM32H7xx_HAL_Driver/Src/stm32h7xx_ll_rcc.o
 .ARM.attributes
                0x00000267       0x32 ./Drivers/STM32H7xx_HAL_Driver/Src/stm32h7xx_ll_spi.o
 .ARM.attributes
                0x00000299       0x32 ./Drivers/STM32H7xx_HAL_Driver/Src/stm32h7xx_ll_usart.o
 .ARM.attributes
                0x000002cb       0x32 ./Drivers/STM32H7xx_HAL_Driver/Src/stm32h7xx_ll_utils.o
 .ARM.attributes
                0x000002fd       0x32 ./Drivers/icm45686/imu/inv_imu_driver.o
 .ARM.attributes
                0x0000032f       0x32 ./Drivers/icm45686/imu/inv_imu_driver_advanced.o
 .ARM.attributes
                0x00000361       0x32 ./Drivers/icm45686/imu/inv_imu_transport.o
 .ARM.attributes
                0x00000393       0x32 C:/ST/STM32CubeIDE_2.1.1/STM32CubeIDE/plugins/com.st.stm32cube.ide.mcu.externaltools.gnu-tools-for-stm32.14.3.rel1.win32_1.0.100.202602081740/tools/bin/../lib/gcc/arm-none-eabi/14.3.1/../../../../arm-none-eabi/lib/thumb/v7e-m+dp/hard\libc_nano.a(libc_a-assert.o)
 .ARM.attributes
                0x000003c5       0x32 C:/ST/STM32CubeIDE_2.1.1/STM32CubeIDE/plugins/com.st.stm32cube.ide.mcu.externaltools.gnu-tools-for-stm32.14.3.rel1.win32_1.0.100.202602081740/tools/bin/../lib/gcc/arm-none-eabi/14.3.1/../../../../arm-none-eabi/lib/thumb/v7e-m+dp/hard\libc_nano.a(libc_a-findfp.o)
 .ARM.attributes
                0x000003f7       0x32 C:/ST/STM32CubeIDE_2.1.1/STM32CubeIDE/plugins/com.st.stm32cube.ide.mcu.externaltools.gnu-tools-for-stm32.14.3.rel1.win32_1.0.100.202602081740/tools/bin/../lib/gcc/arm-none-eabi/14.3.1/../../../../arm-none-eabi/lib/thumb/v7e-m+dp/hard\libc_nano.a(libc_a-fprintf.o)
 .ARM.attributes
                0x00000429       0x32 C:/ST/STM32CubeIDE_2.1.1/STM32CubeIDE/plugins/com.st.stm32cube.ide.mcu.externaltools.gnu-tools-for-stm32.14.3.rel1.win32_1.0.100.202602081740/tools/bin/../lib/gcc/arm-none-eabi/14.3.1/../../../../arm-none-eabi/lib/thumb/v7e-m+dp/hard\libc_nano.a(libc_a-fwalk.o)
 .ARM.attributes
                0x0000045b       0x32 C:/ST/STM32CubeIDE_2.1.1/STM32CubeIDE/plugins/com.st.stm32cube.ide.mcu.externaltools.gnu-tools-for-stm32.14.3.rel1.win32_1.0.100.202602081740/tools/bin/../lib/gcc/arm-none-eabi/14.3.1/../../../../arm-none-eabi/lib/thumb/v7e-m+dp/hard\libc_nano.a(libc_a-stdio.o)
 .ARM.attributes
                0x0000048d       0x32 C:/ST/STM32CubeIDE_2.1.1/STM32CubeIDE/plugins/com.st.stm32cube.ide.mcu.externaltools.gnu-tools-for-stm32.14.3.rel1.win32_1.0.100.202602081740/tools/bin/../lib/gcc/arm-none-eabi/14.3.1/../../../../arm-none-eabi/lib/thumb/v7e-m+dp/hard\libc_nano.a(libc_a-memset.o)
 .ARM.attributes
                0x000004bf       0x32 C:/ST/STM32CubeIDE_2.1.1/STM32CubeIDE/plugins/com.st.stm32cube.ide.mcu.externaltools.gnu-tools-for-stm32.14.3.rel1.win32_1.0.100.202602081740/tools/bin/../lib/gcc/arm-none-eabi/14.3.1/../../../../arm-none-eabi/lib/thumb/v7e-m+dp/hard\libc_nano.a(libc_a-closer.o)
 .ARM.attributes
                0x000004f1       0x32 C:/ST/STM32CubeIDE_2.1.1/STM32CubeIDE/plugins/com.st.stm32cube.ide.mcu.externaltools.gnu-tools-for-stm32.14.3.rel1.win32_1.0.100.202602081740/tools/bin/../lib/gcc/arm-none-eabi/14.3.1/../../../../arm-none-eabi/lib/thumb/v7e-m+dp/hard\libc_nano.a(libc_a-reent.o)
 .ARM.attributes
                0x00000523       0x32 C:/ST/STM32CubeIDE_2.1.1/STM32CubeIDE/plugins/com.st.stm32cube.ide.mcu.externaltools.gnu-tools-for-stm32.14.3.rel1.win32_1.0.100.202602081740/tools/bin/../lib/gcc/arm-none-eabi/14.3.1/../../../../arm-none-eabi/lib/thumb/v7e-m+dp/hard\libc_nano.a(libc_a-impure.o)
 .ARM.attributes
                0x00000555       0x32 C:/ST/STM32CubeIDE_2.1.1/STM32CubeIDE/plugins/com.st.stm32cube.ide.mcu.externaltools.gnu-tools-for-stm32.14.3.rel1.win32_1.0.100.202602081740/tools/bin/../lib/gcc/arm-none-eabi/14.3.1/../../../../arm-none-eabi/lib/thumb/v7e-m+dp/hard\libc_nano.a(libc_a-lseekr.o)
 .ARM.attributes
                0x00000587       0x32 C:/ST/STM32CubeIDE_2.1.1/STM32CubeIDE/plugins/com.st.stm32cube.ide.mcu.externaltools.gnu-tools-for-stm32.14.3.rel1.win32_1.0.100.202602081740/tools/bin/../lib/gcc/arm-none-eabi/14.3.1/../../../../arm-none-eabi/lib/thumb/v7e-m+dp/hard\libc_nano.a(libc_a-readr.o)
 .ARM.attributes
                0x000005b9       0x32 C:/ST/STM32CubeIDE_2.1.1/STM32CubeIDE/plugins/com.st.stm32cube.ide.mcu.externaltools.gnu-tools-for-stm32.14.3.rel1.win32_1.0.100.202602081740/tools/bin/../lib/gcc/arm-none-eabi/14.3.1/../../../../arm-none-eabi/lib/thumb/v7e-m+dp/hard\libc_nano.a(libc_a-writer.o)
 .ARM.attributes
                0x000005eb       0x32 C:/ST/STM32CubeIDE_2.1.1/STM32CubeIDE/plugins/com.st.stm32cube.ide.mcu.externaltools.gnu-tools-for-stm32.14.3.rel1.win32_1.0.100.202602081740/tools/bin/../lib/gcc/arm-none-eabi/14.3.1/../../../../arm-none-eabi/lib/thumb/v7e-m+dp/hard\libc_nano.a(libc_a-errno.o)
 .ARM.attributes
                0x0000061d       0x32 C:/ST/STM32CubeIDE_2.1.1/STM32CubeIDE/plugins/com.st.stm32cube.ide.mcu.externaltools.gnu-tools-for-stm32.14.3.rel1.win32_1.0.100.202602081740/tools/bin/../lib/gcc/arm-none-eabi/14.3.1/../../../../arm-none-eabi/lib/thumb/v7e-m+dp/hard\libc_nano.a(libc_a-init.o)
 .ARM.attributes
                0x0000064f       0x32 C:/ST/STM32CubeIDE_2.1.1/STM32CubeIDE/plugins/com.st.stm32cube.ide.mcu.externaltools.gnu-tools-for-stm32.14.3.rel1.win32_1.0.100.202602081740/tools/bin/../lib/gcc/arm-none-eabi/14.3.1/../../../../arm-none-eabi/lib/thumb/v7e-m+dp/hard\libc_nano.a(libc_a-lock.o)
 .ARM.attributes
                0x00000681       0x32 C:/ST/STM32CubeIDE_2.1.1/STM32CubeIDE/plugins/com.st.stm32cube.ide.mcu.externaltools.gnu-tools-for-stm32.14.3.rel1.win32_1.0.100.202602081740/tools/bin/../lib/gcc/arm-none-eabi/14.3.1/../../../../arm-none-eabi/lib/thumb/v7e-m+dp/hard\libc_nano.a(libc_a-memcpy-stub.o)
 .ARM.attributes
                0x000006b3       0x32 C:/ST/STM32CubeIDE_2.1.1/STM32CubeIDE/plugins/com.st.stm32cube.ide.mcu.externaltools.gnu-tools-for-stm32.14.3.rel1.win32_1.0.100.202602081740/tools/bin/../lib/gcc/arm-none-eabi/14.3.1/../../../../arm-none-eabi/lib/thumb/v7e-m+dp/hard\libc_nano.a(libc_a-abort.o)
 .ARM.attributes
                0x000006e5       0x32 C:/ST/STM32CubeIDE_2.1.1/STM32CubeIDE/plugins/com.st.stm32cube.ide.mcu.externaltools.gnu-tools-for-stm32.14.3.rel1.win32_1.0.100.202602081740/tools/bin/../lib/gcc/arm-none-eabi/14.3.1/../../../../arm-none-eabi/lib/thumb/v7e-m+dp/hard\libc_nano.a(libc_a-freer.o)
 .ARM.attributes
                0x00000717       0x32 C:/ST/STM32CubeIDE_2.1.1/STM32CubeIDE/plugins/com.st.stm32cube.ide.mcu.externaltools.gnu-tools-for-stm32.14.3.rel1.win32_1.0.100.202602081740/tools/bin/../lib/gcc/arm-none-eabi/14.3.1/../../../../arm-none-eabi/lib/thumb/v7e-m+dp/hard\libc_nano.a(libc_a-mallocr.o)
 .ARM.attributes
                0x00000749       0x32 C:/ST/STM32CubeIDE_2.1.1/STM32CubeIDE/plugins/com.st.stm32cube.ide.mcu.externaltools.gnu-tools-for-stm32.14.3.rel1.win32_1.0.100.202602081740/tools/bin/../lib/gcc/arm-none-eabi/14.3.1/../../../../arm-none-eabi/lib/thumb/v7e-m+dp/hard\libc_nano.a(libc_a-mlock.o)
 .ARM.attributes
                0x0000077b       0x32 C:/ST/STM32CubeIDE_2.1.1/STM32CubeIDE/plugins/com.st.stm32cube.ide.mcu.externaltools.gnu-tools-for-stm32.14.3.rel1.win32_1.0.100.202602081740/tools/bin/../lib/gcc/arm-none-eabi/14.3.1/../../../../arm-none-eabi/lib/thumb/v7e-m+dp/hard\libc_nano.a(libc_a-nano-vfprintf.o)
 .ARM.attributes
                0x000007ad       0x32 C:/ST/STM32CubeIDE_2.1.1/STM32CubeIDE/plugins/com.st.stm32cube.ide.mcu.externaltools.gnu-tools-for-stm32.14.3.rel1.win32_1.0.100.202602081740/tools/bin/../lib/gcc/arm-none-eabi/14.3.1/../../../../arm-none-eabi/lib/thumb/v7e-m+dp/hard\libc_nano.a(libc_a-nano-vfprintf_i.o)
 .ARM.attributes
                0x000007df       0x32 C:/ST/STM32CubeIDE_2.1.1/STM32CubeIDE/plugins/com.st.stm32cube.ide.mcu.externaltools.gnu-tools-for-stm32.14.3.rel1.win32_1.0.100.202602081740/tools/bin/../lib/gcc/arm-none-eabi/14.3.1/../../../../arm-none-eabi/lib/thumb/v7e-m+dp/hard\libc_nano.a(libc_a-fflush.o)
 .ARM.attributes
                0x00000811       0x32 C:/ST/STM32CubeIDE_2.1.1/STM32CubeIDE/plugins/com.st.stm32cube.ide.mcu.externaltools.gnu-tools-for-stm32.14.3.rel1.win32_1.0.100.202602081740/tools/bin/../lib/gcc/arm-none-eabi/14.3.1/../../../../arm-none-eabi/lib/thumb/v7e-m+dp/hard\libc_nano.a(libc_a-wbuf.o)
 .ARM.attributes
                0x00000843       0x32 C:/ST/STM32CubeIDE_2.1.1/STM32CubeIDE/plugins/com.st.stm32cube.ide.mcu.externaltools.gnu-tools-for-stm32.14.3.rel1.win32_1.0.100.202602081740/tools/bin/../lib/gcc/arm-none-eabi/14.3.1/../../../../arm-none-eabi/lib/thumb/v7e-m+dp/hard\libc_nano.a(libc_a-wsetup.o)
 .ARM.attributes
                0x00000875       0x32 C:/ST/STM32CubeIDE_2.1.1/STM32CubeIDE/plugins/com.st.stm32cube.ide.mcu.externaltools.gnu-tools-for-stm32.14.3.rel1.win32_1.0.100.202602081740/tools/bin/../lib/gcc/arm-none-eabi/14.3.1/../../../../arm-none-eabi/lib/thumb/v7e-m+dp/hard\libc_nano.a(libc_a-signal.o)
 .ARM.attributes
                0x000008a7       0x32 C:/ST/STM32CubeIDE_2.1.1/STM32CubeIDE/plugins/com.st.stm32cube.ide.mcu.externaltools.gnu-tools-for-stm32.14.3.rel1.win32_1.0.100.202602081740/tools/bin/../lib/gcc/arm-none-eabi/14.3.1/../../../../arm-none-eabi/lib/thumb/v7e-m+dp/hard\libc_nano.a(libc_a-signalr.o)
 .ARM.attributes
                0x000008d9       0x32 C:/ST/STM32CubeIDE_2.1.1/STM32CubeIDE/plugins/com.st.stm32cube.ide.mcu.externaltools.gnu-tools-for-stm32.14.3.rel1.win32_1.0.100.202602081740/tools/bin/../lib/gcc/arm-none-eabi/14.3.1/../../../../arm-none-eabi/lib/thumb/v7e-m+dp/hard\libc_nano.a(libc_a-sbrkr.o)
 .ARM.attributes